stm32f4xx_it.c:56:6:NMI_Handler	4	static
stm32f4xx_it.c:69:6:HardFault_Handler	4	static
stm32f4xx_it.c:87:6:MemManage_Handler	4	static
stm32f4xx_it.c:105:6:BusFault_Handler	4	static
stm32f4xx_it.c:123:6:UsageFault_Handler	4	static
stm32f4xx_it.c:141:6:SVC_Handler	4	static
stm32f4xx_it.c:154:6:DebugMon_Handler	4	static
stm32f4xx_it.c:167:6:PendSV_Handler	4	static
stm32f4xx_it.c:180:6:SysTick_Handler	8	static
stm32f4xx_it.c:202:6:DMA1_Stream5_IRQHandler	8	static
stm32f4xx_it.c:216:6:DMA1_Stream6_IRQHandler	8	static
stm32f4xx_it.c:230:6:TIM3_IRQHandler	8	static
stm32f4xx_it.c:244:6:USART2_IRQHandler	8	static
stm32f4xx_it.c:258:6:EXTI15_10_IRQHandler	8	static
stm32f4xx_it.c:272:6:DMA2_Stream0_IRQHandler	8	static
