main.c:122:5:main	192	static
main.c:272:6:SystemClock_Config	184	static
main.c:332:13:MX_ADC1_Init	24	static
main.c:382:13:MX_I2C1_Init	8	static
main.c:416:13:MX_RTC_Init	8	static
main.c:450:13:MX_SPI2_Init	8	static
main.c:488:13:MX_TIM1_Init	96	static
main.c:575:13:MX_TIM2_Init	64	static
main.c:646:13:MX_TIM3_Init	64	static
main.c:717:13:MX_TIM5_Init	48	static
main.c:770:13:MX_TIM8_Init	96	static
main.c:857:13:MX_TIM10_Init	40	static
main.c:903:13:MX_TIM11_Init	40	static
main.c:949:13:MX_TIM12_Init	56	static
main.c:1001:13:MX_TIM13_Init	8	static
main.c:1032:13:MX_TIM14_Init	40	static
main.c:1078:13:MX_UART4_Init	8	static
main.c:1111:13:MX_UART5_Init	8	static
main.c:1144:13:MX_USART2_UART_Init	8	static
main.c:1175:13:MX_DMA_Init	16	static
main.c:1211:13:MX_GPIO_Init	48	static
main.c:1279:6:HAL_TIM_PeriodElapsedCallback	16	static
main.c:1294:6:Error_Handler	4	static
