Archive member included to satisfy reference by file (symbol)

c:/program files (x86)/atollic/truestudio for stm32 9.3.0/armtools/bin/../lib/gcc/arm-atollic-eabi/6.3.1/../../../../arm-atollic-eabi/lib/armv7e-m/fpu\libc_nano.a(lib_a-errno.o)
                              Src\syscalls.o (__errno)
c:/program files (x86)/atollic/truestudio for stm32 9.3.0/armtools/bin/../lib/gcc/arm-atollic-eabi/6.3.1/../../../../arm-atollic-eabi/lib/armv7e-m/fpu\libc_nano.a(lib_a-impure.o)
                              c:/program files (x86)/atollic/truestudio for stm32 9.3.0/armtools/bin/../lib/gcc/arm-atollic-eabi/6.3.1/../../../../arm-atollic-eabi/lib/armv7e-m/fpu\libc_nano.a(lib_a-errno.o) (_impure_ptr)
c:/program files (x86)/atollic/truestudio for stm32 9.3.0/armtools/bin/../lib/gcc/arm-atollic-eabi/6.3.1/../../../../arm-atollic-eabi/lib/armv7e-m/fpu\libc_nano.a(lib_a-init.o)
                              startup\startup_stm32f446xx.o (__libc_init_array)
c:/program files (x86)/atollic/truestudio for stm32 9.3.0/armtools/bin/../lib/gcc/arm-atollic-eabi/6.3.1/../../../../arm-atollic-eabi/lib/armv7e-m/fpu\libc_nano.a(lib_a-memcpy-stub.o)
                              Src\serial.o (memcpy)
c:/program files (x86)/atollic/truestudio for stm32 9.3.0/armtools/bin/../lib/gcc/arm-atollic-eabi/6.3.1/../../../../arm-atollic-eabi/lib/armv7e-m/fpu\libc_nano.a(lib_a-memmove.o)
                              Src\serial.o (memmove)
c:/program files (x86)/atollic/truestudio for stm32 9.3.0/armtools/bin/../lib/gcc/arm-atollic-eabi/6.3.1/../../../../arm-atollic-eabi/lib/armv7e-m/fpu\libc_nano.a(lib_a-memset.o)
                              Src\main.o (memset)
c:/program files (x86)/atollic/truestudio for stm32 9.3.0/armtools/bin/../lib/gcc/arm-atollic-eabi/6.3.1/../../../../arm-atollic-eabi/lib/armv7e-m/fpu\libc_nano.a(lib_a-sprintf.o)
                              Src\main.o (sprintf)
c:/program files (x86)/atollic/truestudio for stm32 9.3.0/armtools/bin/../lib/gcc/arm-atollic-eabi/6.3.1/../../../../arm-atollic-eabi/lib/armv7e-m/fpu\libc_nano.a(lib_a-sscanf.o)
                              Src\robot_commands.o (sscanf)
c:/program files (x86)/atollic/truestudio for stm32 9.3.0/armtools/bin/../lib/gcc/arm-atollic-eabi/6.3.1/../../../../arm-atollic-eabi/lib/armv7e-m/fpu\libc_nano.a(lib_a-stdio.o)
                              c:/program files (x86)/atollic/truestudio for stm32 9.3.0/armtools/bin/../lib/gcc/arm-atollic-eabi/6.3.1/../../../../arm-atollic-eabi/lib/armv7e-m/fpu\libc_nano.a(lib_a-sscanf.o) (__seofread)
c:/program files (x86)/atollic/truestudio for stm32 9.3.0/armtools/bin/../lib/gcc/arm-atollic-eabi/6.3.1/../../../../arm-atollic-eabi/lib/armv7e-m/fpu\libc_nano.a(lib_a-strcmp.o)
                              Src\robot.o (strcmp)
c:/program files (x86)/atollic/truestudio for stm32 9.3.0/armtools/bin/../lib/gcc/arm-atollic-eabi/6.3.1/../../../../arm-atollic-eabi/lib/armv7e-m/fpu\libc_nano.a(lib_a-strlen.o)
                              c:/program files (x86)/atollic/truestudio for stm32 9.3.0/armtools/bin/../lib/gcc/arm-atollic-eabi/6.3.1/../../../../arm-atollic-eabi/lib/armv7e-m/fpu\libc_nano.a(lib_a-sscanf.o) (strlen)
c:/program files (x86)/atollic/truestudio for stm32 9.3.0/armtools/bin/../lib/gcc/arm-atollic-eabi/6.3.1/../../../../arm-atollic-eabi/lib/armv7e-m/fpu\libc_nano.a(lib_a-strncmp.o)
                              Src\robot_commands.o (strncmp)
c:/program files (x86)/atollic/truestudio for stm32 9.3.0/armtools/bin/../lib/gcc/arm-atollic-eabi/6.3.1/../../../../arm-atollic-eabi/lib/armv7e-m/fpu\libc_nano.a(lib_a-writer.o)
                              c:/program files (x86)/atollic/truestudio for stm32 9.3.0/armtools/bin/../lib/gcc/arm-atollic-eabi/6.3.1/../../../../arm-atollic-eabi/lib/armv7e-m/fpu\libc_nano.a(lib_a-stdio.o) (_write_r)
c:/program files (x86)/atollic/truestudio for stm32 9.3.0/armtools/bin/../lib/gcc/arm-atollic-eabi/6.3.1/../../../../arm-atollic-eabi/lib/armv7e-m/fpu\libc_nano.a(lib_a-closer.o)
                              c:/program files (x86)/atollic/truestudio for stm32 9.3.0/armtools/bin/../lib/gcc/arm-atollic-eabi/6.3.1/../../../../arm-atollic-eabi/lib/armv7e-m/fpu\libc_nano.a(lib_a-stdio.o) (_close_r)
c:/program files (x86)/atollic/truestudio for stm32 9.3.0/armtools/bin/../lib/gcc/arm-atollic-eabi/6.3.1/../../../../arm-atollic-eabi/lib/armv7e-m/fpu\libc_nano.a(lib_a-lseekr.o)
                              c:/program files (x86)/atollic/truestudio for stm32 9.3.0/armtools/bin/../lib/gcc/arm-atollic-eabi/6.3.1/../../../../arm-atollic-eabi/lib/armv7e-m/fpu\libc_nano.a(lib_a-stdio.o) (_lseek_r)
c:/program files (x86)/atollic/truestudio for stm32 9.3.0/armtools/bin/../lib/gcc/arm-atollic-eabi/6.3.1/../../../../arm-atollic-eabi/lib/armv7e-m/fpu\libc_nano.a(lib_a-nano-svfprintf.o)
                              c:/program files (x86)/atollic/truestudio for stm32 9.3.0/armtools/bin/../lib/gcc/arm-atollic-eabi/6.3.1/../../../../arm-atollic-eabi/lib/armv7e-m/fpu\libc_nano.a(lib_a-sprintf.o) (_svfprintf_r)
[...]
Memory Configuration

Name             Origin             Length             Attributes
RAM              0x20000000         0x00020000         xrw
FLASH            0x08000000         0x00080000         xr
*default*        0x00000000         0xffffffff

Linker script and memory map

LOAD c:/program files (x86)/atollic/truestudio for stm32 9.3.0/armtools/bin/../lib/gcc/arm-atollic-eabi/6.3.1/armv7e-m/fpu/crti.o
LOAD c:/program files (x86)/atollic/truestudio for stm32 9.3.0/armtools/bin/../lib/gcc/arm-atollic-eabi/6.3.1/armv7e-m/fpu/crtbegin.o
LOAD Drivers\STM32F4xx_HAL_Driver\Src\stm32f4xx_hal.o
LOAD Drivers\STM32F4xx_HAL_Driver\Src\stm32f4xx_hal_adc.o
LOAD Drivers\STM32F4xx_HAL_Driver\Src\stm32f4xx_hal_adc_ex.o
LOAD Drivers\STM32F4xx_HAL_Driver\Src\stm32f4xx_hal_cortex.o
LOAD Drivers\STM32F4xx_HAL_Driver\Src\stm32f4xx_hal_dma.o
LOAD Drivers\STM32F4xx_HAL_Driver\Src\stm32f4xx_hal_dma_ex.o
LOAD Drivers\STM32F4xx_HAL_Driver\Src\stm32f4xx_hal_exti.o
LOAD Drivers\STM32F4xx_HAL_Driver\Src\stm32f4xx_hal_flash.o
LOAD Drivers\STM32F4xx_HAL_Driver\Src\stm32f4xx_hal_flash_ex.o
LOAD Drivers\STM32F4xx_HAL_Driver\Src\stm32f4xx_hal_flash_ramfunc.o
LOAD Drivers\STM32F4xx_HAL_Driver\Src\stm32f4xx_hal_gpio.o
LOAD Drivers\STM32F4xx_HAL_Driver\Src\stm32f4xx_hal_i2c.o
LOAD Drivers\STM32F4xx_HAL_Driver\Src\stm32f4xx_hal_i2c_ex.o
LOAD Drivers\STM32F4xx_HAL_Driver\Src\stm32f4xx_hal_pwr.o
LOAD Drivers\STM32F4xx_HAL_Driver\Src\stm32f4xx_hal_pwr_ex.o
LOAD Drivers\STM32F4xx_HAL_Driver\Src\stm32f4xx_hal_rcc.o
LOAD Drivers\STM32F4xx_HAL_Driver\Src\stm32f4xx_hal_rcc_ex.o
LOAD Drivers\STM32F4xx_HAL_Driver\Src\stm32f4xx_hal_rtc.o
LOAD Drivers\STM32F4xx_HAL_Driver\Src\stm32f4xx_hal_rtc_ex.o
LOAD Drivers\STM32F4xx_HAL_Driver\Src\stm32f4xx_hal_spi.o
LOAD Drivers\STM32F4xx_HAL_Driver\Src\stm32f4xx_hal_tim.o
LOAD Drivers\STM32F4xx_HAL_Driver\Src\stm32f4xx_hal_tim_ex.o
LOAD Drivers\STM32F4xx_HAL_Driver\Src\stm32f4xx_hal_uart.o
LOAD Src\leg.o
LOAD Src\main.o
LOAD Src\robot.o
LOAD Src\robot_commands.o
LOAD Src\robot_update.o
LOAD Src\serial.o
LOAD Src\servo.o
LOAD Src\stm32f4xx_hal_msp.o
LOAD Src\stm32f4xx_it.o
LOAD Src\syscalls.o
LOAD Src\system_stm32f4xx.o
LOAD Src\tools.o
LOAD startup\startup_stm32f446xx.o
                0x00000080                malloc_getpagesize_P = 0x80
START GROUP
LOAD c:/program files (x86)/atollic/truestudio for stm32 9.3.0/armtools/bin/../lib/gcc/arm-atollic-eabi/6.3.1/../../../../arm-atollic-eabi/lib/armv7e-m/fpu\libc_nano.a
LOAD c:/program files (x86)/atollic/truestudio for stm32 9.3.0/armtools/bin/../lib/gcc/arm-atollic-eabi/6.3.1/../../../../arm-atollic-eabi/lib/armv7e-m/fpu\libm.a
END GROUP
START GROUP
LOAD c:/program files (x86)/atollic/truestudio for stm32 9.3.0/armtools/bin/../lib/gcc/arm-atollic-eabi/6.3.1/armv7e-m/fpu\libgcc.a
LOAD c:/program files (x86)/atollic/truestudio for stm32 9.3.0/armtools/bin/../lib/gcc/arm-atollic-eabi/6.3.1/../../../../arm-atollic-eabi/lib/armv7e-m/fpu\libc_nano.a
END GROUP
START GROUP
LOAD c:/program files (x86)/atollic/truestudio for stm32 9.3.0/armtools/bin/../lib/gcc/arm-atollic-eabi/6.3.1/armv7e-m/fpu\libgcc.a
LOAD c:/program files (x86)/atollic/truestudio for stm32 9.3.0/armtools/bin/../lib/gcc/arm-atollic-eabi/6.3.1/../../../../arm-atollic-eabi/lib/armv7e-m/fpu\libc_nano.a
LOAD c:/program files (x86)/atollic/truestudio for stm32 9.3.0/armtools/bin/../lib/gcc/arm-atollic-eabi/6.3.1/../../../../arm-atollic-eabi/lib/armv7e-m/fpu\libnosys.a
END GROUP
START GROUP
LOAD c:/program files (x86)/atollic/truestudio for stm32 9.3.0/armtools/bin/../lib/gcc/arm-atollic-eabi/6.3.1/armv7e-m/fpu\libgcc.a
LOAD c:/program files (x86)/atollic/truestudio for stm32 9.3.0/armtools/bin/../lib/gcc/arm-atollic-eabi/6.3.1/../../../../arm-atollic-eabi/lib/armv7e-m/fpu\libc_nano.a
LOAD c:/program files (x86)/atollic/truestudio for stm32 9.3.0/armtools/bin/../lib/gcc/arm-atollic-eabi/6.3.1/../../../../arm-atollic-eabi/lib/armv7e-m/fpu\libnosys.a
END GROUP
LOAD c:/program files (x86)/atollic/truestudio for stm32 9.3.0/armtools/bin/../lib/gcc/arm-atollic-eabi/6.3.1/armv7e-m/fpu/crtend.o
LOAD c:/program files (x86)/atollic/truestudio for stm32 9.3.0/armtools/bin/../lib/gcc/arm-atollic-eabi/6.3.1/armv7e-m/fpu/crtn.o
                0x20020000                _estack = 0x20020000
                0x00000200                _Min_Heap_Size = 0x200
                0x00000400                _Min_Stack_Size = 0x400

.isr_vector     0x08000000      0x1c4
                0x08000000                . = ALIGN (0x4)
 *(.isr_vector)
 .isr_vector    0x08000000      0x1c4 startup\startup_stm32f446xx.o
                0x08000000                g_pfnVectors
                0x080001c4                . = ALIGN (0x4)

.text           0x080001d0     0xeba8
                0x080001d0                . = ALIGN (0x4)
 *(.text)
 .text          0x080001d0       0x40 c:/program files (x86)/atollic/truestudio for stm32 9.3.0/armtools/bin/../lib/gcc/arm-atollic-eabi/6.3.1/armv7e-m/fpu/crtbegin.o
 .text          0x08000210       0x14 c:/program files (x86)/atollic/truestudio for stm32 9.3.0/armtools/bin/../lib/gcc/arm-atollic-eabi/6.3.1/../../../../arm-atollic-eabi/lib/armv7e-m/fpu\libc_nano.a(lib_a-strcmp.o)
                0x08000210                strcmp
 .text          0x08000224       0x10 c:/program files (x86)/atollic/truestudio for stm32 9.3.0/armtools/bin/../lib/gcc/arm-atollic-eabi/6.3.1/../../../../arm-atollic-eabi/lib/armv7e-m/fpu\libc_nano.a(lib_a-strlen.o)
                0x08000224                strlen
 *fill*         0x08000234        0xc 
 .text          0x08000240       0xa0 c:/program files (x86)/atollic/truestudio for stm32 9.3.0/armtools/bin/../lib/gcc/arm-atollic-eabi/6.3.1/../../../../arm-atollic-eabi/lib/armv7e-m/fpu\libc_nano.a(lib_a-memchr.o)
                0x08000240                memchr
 .text          0x080002e0      0x370 c:/program files (x86)/atollic/truestudio for stm32 9.3.0/armtools/bin/../lib/gcc/arm-atollic-eabi/6.3.1/armv7e-m/fpu\libgcc.a(_arm_addsubdf3.o)
                0x080002e0                __aeabi_drsub
                0x080002e8                __aeabi_dsub
                0x080002e8                __subdf3
                0x080002ec                __aeabi_dadd
                0x080002ec                __adddf3
                0x08000564                __floatunsidf
                0x08000564                __aeabi_ui2d
                0x08000584                __floatsidf
                0x08000584                __aeabi_i2d
                0x080005a8                __aeabi_f2d
                0x080005a8                __extendsfdf2
                0x080005e4                __floatundidf
                0x080005e4                __aeabi_ul2d
                0x080005f4                __floatdidf
                0x080005f4                __aeabi_l2d
 .text          0x08000650      0x424 c:/program files (x86)/atollic/truestudio for stm32 9.3.0/armtools/bin/../lib/gcc/arm-atollic-eabi/6.3.1/armv7e-m/fpu\libgcc.a(_arm_muldivdf3.o)
                0x08000650                __aeabi_dmul
                0x08000650                __muldf3
                0x080008a4                __divdf3
                0x080008a4                __aeabi_ddiv
 .text          0x08000a74      0x110 c:/program files (x86)/atollic/truestudio for stm32 9.3.0/armtools/bin/../lib/gcc/arm-atollic-eabi/6.3.1/armv7e-m/fpu\libgcc.a(_arm_cmpdf2.o)
                0x08000a74                __gtdf2
                0x08000a74                __gedf2
                0x08000a7c                __ltdf2
                0x08000a7c                __ledf2
                0x08000a84                __nedf2
                0x08000a84                __eqdf2
                0x08000a84                __cmpdf2
                0x08000b00                __aeabi_cdrcmple
                0x08000b10                __aeabi_cdcmpeq
                0x08000b10                __aeabi_cdcmple
                0x08000b20                __aeabi_dcmpeq
                0x08000b34                __aeabi_dcmplt
                0x08000b48                __aeabi_dcmple
                0x08000b5c                __aeabi_dcmpge
                0x08000b70                __aeabi_dcmpgt
 .text          0x08000b84       0x2c c:/program files (x86)/atollic/truestudio for stm32 9.3.0/armtools/bin/../lib/gcc/arm-atollic-eabi/6.3.1/armv7e-m/fpu\libgcc.a(_arm_unorddf2.o)
                0x08000b84                __unorddf2
                0x08000b84                __aeabi_dcmpun
 .text          0x08000bb0       0x50 c:/program files (x86)/atollic/truestudio for stm32 9.3.0/armtools/bin/../lib/gcc/arm-atollic-eabi/6.3.1/armv7e-m/fpu\libgcc.a(_arm_fixdfsi.o)
                0x08000bb0                __aeabi_d2iz
                0x08000bb0                __fixdfsi
 .text          0x08000c00       0x40 c:/program files (x86)/atollic/truestudio for stm32 9.3.0/armtools/bin/../lib/gcc/arm-atollic-eabi/6.3.1/armv7e-m/fpu\libgcc.a(_arm_fixunsdfsi.o)
                0x08000c00                __aeabi_d2uiz
                0x08000c00                __fixunsdfsi
 .text          0x08000c40       0xa0 c:/program files (x86)/atollic/truestudio for stm32 9.3.0/armtools/bin/../lib/gcc/arm-atollic-eabi/6.3.1/armv7e-m/fpu\libgcc.a(_arm_truncdfsf2.o)
                0x08000c40                __truncdfsf2
                0x08000c40                __aeabi_d2f
 .text          0x08000ce0       0x30 c:/program files (x86)/atollic/truestudio for stm32 9.3.0/armtools/bin/../lib/gcc/arm-atollic-eabi/6.3.1/armv7e-m/fpu\libgcc.a(_aeabi_uldivmod.o)
                0x08000ce0                __aeabi_uldivmod
 .text          0x08000d10      0x2dc c:/program files (x86)/atollic/truestudio for stm32 9.3.0/armtools/bin/../lib/gcc/arm-atollic-eabi/6.3.1/armv7e-m/fpu\libgcc.a(_udivmoddi4.o)
                0x08000d10                __udivmoddi4
 .text          0x08000fec        0x4 c:/program files (x86)/atollic/truestudio for stm32 9.3.0/armtools/bin/../lib/gcc/arm-atollic-eabi/6.3.1/armv7e-m/fpu\libgcc.a(_dvmd_tls.o)
                0x08000fec                __aeabi_idiv0
                0x08000fec                __aeabi_ldiv0
 *(.text*)
 .text.HAL_Init
                0x08000ff0       0x44 Drivers\STM32F4xx_HAL_Driver\Src\stm32f4xx_hal.o
                0x08000ff0                HAL_Init
 .text.HAL_InitTick
                0x08001034       0x60 Drivers\STM32F4xx_HAL_Driver\Src\stm32f4xx_hal.o
                0x08001034                HAL_InitTick
 .text.HAL_IncTick
                0x08001094       0x28 Drivers\STM32F4xx_HAL_Driver\Src\stm32f4xx_hal.o
                0x08001094                HAL_IncTick
 .text.HAL_GetTick
                0x080010bc       0x18 Drivers\STM32F4xx_HAL_Driver\Src\stm32f4xx_hal.o
                0x080010bc                HAL_GetTick
 .text.HAL_Delay
                0x080010d4       0x44 Drivers\STM32F4xx_HAL_Driver\Src\stm32f4xx_hal.o
                0x080010d4                HAL_Delay
 .text.HAL_ADC_Init
                0x08001118       0x86 Drivers\STM32F4xx_HAL_Driver\Src\stm32f4xx_hal_adc.o
                0x08001118                HAL_ADC_Init
 *fill*         0x0800119e        0x2 
 .text.HAL_ADC_ConfigChannel
                0x080011a0      0x268 Drivers\STM32F4xx_HAL_Driver\Src\stm32f4xx_hal_adc.o
                0x080011a0                HAL_ADC_ConfigChannel
 .text.ADC_Init
                0x08001408      0x1f8 Drivers\STM32F4xx_HAL_Driver\Src\stm32f4xx_hal_adc.o
 .text.__NVIC_SetPriorityGrouping
                0x08001600       0x48 Drivers\STM32F4xx_HAL_Driver\Src\stm32f4xx_hal_cortex.o
 .text.__NVIC_GetPriorityGrouping
                0x08001648       0x1c Drivers\STM32F4xx_HAL_Driver\Src\stm32f4xx_hal_cortex.o
 .text.__NVIC_EnableIRQ
                0x08001664       0x3c Drivers\STM32F4xx_HAL_Driver\Src\stm32f4xx_hal_cortex.o
 .text.__NVIC_SetPriority
                0x080016a0       0x54 Drivers\STM32F4xx_HAL_Driver\Src\stm32f4xx_hal_cortex.o
 .text.NVIC_EncodePriority
                0x080016f4       0x62 Drivers\STM32F4xx_HAL_Driver\Src\stm32f4xx_hal_cortex.o
 *fill*         0x08001756        0x2 
 .text.SysTick_Config
                0x08001758       0x44 Drivers\STM32F4xx_HAL_Driver\Src\stm32f4xx_hal_cortex.o
 .text.HAL_NVIC_SetPriorityGrouping
                0x0800179c       0x16 Drivers\STM32F4xx_HAL_Driver\Src\stm32f4xx_hal_cortex.o
                0x0800179c                HAL_NVIC_SetPriorityGrouping
 .text.HAL_NVIC_SetPriority
                0x080017b2       0x38 Drivers\STM32F4xx_HAL_Driver\Src\stm32f4xx_hal_cortex.o
                0x080017b2                HAL_NVIC_SetPriority
 .text.HAL_NVIC_EnableIRQ
                0x080017ea       0x1c Drivers\STM32F4xx_HAL_Driver\Src\stm32f4xx_hal_cortex.o
                0x080017ea                HAL_NVIC_EnableIRQ
 .text.HAL_SYSTICK_Config
                0x08001806       0x18 Drivers\STM32F4xx_HAL_Driver\Src\stm32f4xx_hal_cortex.o
                0x08001806                HAL_SYSTICK_Config
 *fill*         0x0800181e        0x2 
 .text.HAL_DMA_Init
                0x08001820      0x15c Drivers\STM32F4xx_HAL_Driver\Src\stm32f4xx_hal_dma.o
                0x08001820                HAL_DMA_Init
 .text.HAL_DMA_Start_IT
                0x0800197c       0xb0 Drivers\STM32F4xx_HAL_Driver\Src\stm32f4xx_hal_dma.o
                0x0800197c                HAL_DMA_Start_IT
 .text.HAL_DMA_Abort_IT
                0x08001a2c       0x44 Drivers\STM32F4xx_HAL_Driver\Src\stm32f4xx_hal_dma.o
                0x08001a2c                HAL_DMA_Abort_IT
 .text.HAL_DMA_IRQHandler
                0x08001a70      0x314 Drivers\STM32F4xx_HAL_Driver\Src\stm32f4xx_hal_dma.o
                0x08001a70                HAL_DMA_IRQHandler
 .text.DMA_SetConfig
                0x08001d84       0x5c Drivers\STM32F4xx_HAL_Driver\Src\stm32f4xx_hal_dma.o
 .text.DMA_CalcBaseAndBitshift
                0x08001de0       0x6c Drivers\STM32F4xx_HAL_Driver\Src\stm32f4xx_hal_dma.o
 .text.DMA_CheckFifoParam
                0x08001e4c       0xf4 Drivers\STM32F4xx_HAL_Driver\Src\stm32f4xx_hal_dma.o
 .text.HAL_GPIO_Init
                0x08001f40      0x324 Drivers\STM32F4xx_HAL_Driver\Src\stm32f4xx_hal_gpio.o
                0x08001f40                HAL_GPIO_Init
 .text.HAL_GPIO_ReadPin
                0x08002264       0x30 Drivers\STM32F4xx_HAL_Driver\Src\stm32f4xx_hal_gpio.o
                0x08002264                HAL_GPIO_ReadPin
 .text.HAL_GPIO_WritePin
                0x08002294       0x32 Drivers\STM32F4xx_HAL_Driver\Src\stm32f4xx_hal_gpio.o
                0x08002294                HAL_GPIO_WritePin
 .text.HAL_GPIO_TogglePin
                0x080022c6       0x36 Drivers\STM32F4xx_HAL_Driver\Src\stm32f4xx_hal_gpio.o
                0x080022c6                HAL_GPIO_TogglePin
 .text.HAL_I2C_Init
                0x080022fc      0x270 Drivers\STM32F4xx_HAL_Driver\Src\stm32f4xx_hal_i2c.o
                0x080022fc                HAL_I2C_Init
 .text.HAL_PWREx_EnableOverDrive
                0x0800256c       0xa0 Drivers\STM32F4xx_HAL_Driver\Src\stm32f4xx_hal_pwr_ex.o
                0x0800256c                HAL_PWREx_EnableOverDrive
 .text.HAL_RCC_ClockConfig
                0x0800260c      0x1cc Drivers\STM32F4xx_HAL_Driver\Src\stm32f4xx_hal_rcc.o
                0x0800260c                HAL_RCC_ClockConfig
 .text.HAL_RCC_GetHCLKFreq
                0x080027d8       0x18 Drivers\STM32F4xx_HAL_Driver\Src\stm32f4xx_hal_rcc.o
                0x080027d8                HAL_RCC_GetHCLKFreq
 .text.HAL_RCC_GetPCLK1Freq
                0x080027f0       0x28 Drivers\STM32F4xx_HAL_Driver\Src\stm32f4xx_hal_rcc.o
                0x080027f0                HAL_RCC_GetPCLK1Freq
 .text.HAL_RCC_GetPCLK2Freq
                0x08002818       0x28 Drivers\STM32F4xx_HAL_Driver\Src\stm32f4xx_hal_rcc.o
                0x08002818                HAL_RCC_GetPCLK2Freq
 .text.HAL_RCCEx_PeriphCLKConfig
                0x08002840      0x654 Drivers\STM32F4xx_HAL_Driver\Src\stm32f4xx_hal_rcc_ex.o
                0x08002840                HAL_RCCEx_PeriphCLKConfig
 .text.HAL_RCC_GetSysClockFreq
                0x08002e94      0x2a4 Drivers\STM32F4xx_HAL_Driver\Src\stm32f4xx_hal_rcc_ex.o
                0x08002e94                HAL_RCC_GetSysClockFreq
 .text.HAL_RCC_OscConfig
                0x08003138      0x4b4 Drivers\STM32F4xx_HAL_Driver\Src\stm32f4xx_hal_rcc_ex.o
                0x08003138                HAL_RCC_OscConfig
 .text.HAL_RTC_Init
                0x080035ec      0x122 Drivers\STM32F4xx_HAL_Driver\Src\stm32f4xx_hal_rtc.o
                0x080035ec                HAL_RTC_Init
 .text.HAL_RTC_WaitForSynchro
                0x0800370e       0x50 Drivers\STM32F4xx_HAL_Driver\Src\stm32f4xx_hal_rtc.o
                0x0800370e                HAL_RTC_WaitForSynchro
 .text.RTC_EnterInitMode
                0x0800375e       0x58 Drivers\STM32F4xx_HAL_Driver\Src\stm32f4xx_hal_rtc.o
                0x0800375e                RTC_EnterInitMode
 .text.HAL_SPI_Init
                0x080037b6       0xc6 Drivers\STM32F4xx_HAL_Driver\Src\stm32f4xx_hal_spi.o
                0x080037b6                HAL_SPI_Init
 .text.HAL_TIM_Base_Init
                0x0800387c       0x56 Drivers\STM32F4xx_HAL_Driver\Src\stm32f4xx_hal_tim.o
                0x0800387c                HAL_TIM_Base_Init
 .text.HAL_TIM_Base_Start
                0x080038d2       0x48 Drivers\STM32F4xx_HAL_Driver\Src\stm32f4xx_hal_tim.o
                0x080038d2                HAL_TIM_Base_Start
 .text.HAL_TIM_Base_Start_IT
                0x0800391a       0x48 Drivers\STM32F4xx_HAL_Driver\Src\stm32f4xx_hal_tim.o
                0x0800391a                HAL_TIM_Base_Start_IT
 .text.HAL_TIM_PWM_Init
                0x08003962       0x56 Drivers\STM32F4xx_HAL_Driver\Src\stm32f4xx_hal_tim.o
                0x08003962                HAL_TIM_PWM_Init
 .text.HAL_TIM_PWM_Start
                0x080039b8       0x7c Drivers\STM32F4xx_HAL_Driver\Src\stm32f4xx_hal_tim.o
                0x080039b8                HAL_TIM_PWM_Start
 .text.HAL_TIM_PWM_Stop
                0x08003a34       0xb0 Drivers\STM32F4xx_HAL_Driver\Src\stm32f4xx_hal_tim.o
                0x08003a34                HAL_TIM_PWM_Stop
 .text.HAL_TIM_IRQHandler
                0x08003ae4      0x210 Drivers\STM32F4xx_HAL_Driver\Src\stm32f4xx_hal_tim.o
                0x08003ae4                HAL_TIM_IRQHandler
 .text.HAL_TIM_PWM_ConfigChannel
                0x08003cf4      0x18c Drivers\STM32F4xx_HAL_Driver\Src\stm32f4xx_hal_tim.o
                0x08003cf4                HAL_TIM_PWM_ConfigChannel
 .text.HAL_TIM_ConfigClockSource
                0x08003e80      0x16e Drivers\STM32F4xx_HAL_Driver\Src\stm32f4xx_hal_tim.o
                0x08003e80                HAL_TIM_ConfigClockSource
 .text.HAL_TIM_OC_DelayElapsedCallback
                0x08003fee       0x14 Drivers\STM32F4xx_HAL_Driver\Src\stm32f4xx_hal_tim.o
                0x08003fee                HAL_TIM_OC_DelayElapsedCallback
 .text.HAL_TIM_IC_CaptureCallback
                0x08004002       0x14 Drivers\STM32F4xx_HAL_Driver\Src\stm32f4xx_hal_tim.o
                0x08004002                HAL_TIM_IC_CaptureCallback
 .text.HAL_TIM_PWM_PulseFinishedCallback
                0x08004016       0x14 Drivers\STM32F4xx_HAL_Driver\Src\stm32f4xx_hal_tim.o
                0x08004016                HAL_TIM_PWM_PulseFinishedCallback
 .text.HAL_TIM_TriggerCallback
                0x0800402a       0x14 Drivers\STM32F4xx_HAL_Driver\Src\stm32f4xx_hal_tim.o
                0x0800402a                HAL_TIM_TriggerCallback
 *fill*         0x0800403e        0x2 
 .text.TIM_Base_SetConfig
                0x08004040      0x140 Drivers\STM32F4xx_HAL_Driver\Src\stm32f4xx_hal_tim.o
                0x08004040                TIM_Base_SetConfig
 .text.TIM_OC1_SetConfig
                0x08004180       0xe0 Drivers\STM32F4xx_HAL_Driver\Src\stm32f4xx_hal_tim.o
 .text.TIM_OC2_SetConfig
                0x08004260       0xec Drivers\STM32F4xx_HAL_Driver\Src\stm32f4xx_hal_tim.o
                0x08004260                TIM_OC2_SetConfig
 .text.TIM_OC3_SetConfig
                0x0800434c       0xe8 Drivers\STM32F4xx_HAL_Driver\Src\stm32f4xx_hal_tim.o
 .text.TIM_OC4_SetConfig
                0x08004434       0xac Drivers\STM32F4xx_HAL_Driver\Src\stm32f4xx_hal_tim.o
 .text.TIM_TI1_ConfigInputStage
                0x080044e0       0x5e Drivers\STM32F4xx_HAL_Driver\Src\stm32f4xx_hal_tim.o
 .text.TIM_TI2_ConfigInputStage
                0x0800453e       0x60 Drivers\STM32F4xx_HAL_Driver\Src\stm32f4xx_hal_tim.o
 .text.TIM_ITRx_SetConfig
                0x0800459e       0x36 Drivers\STM32F4xx_HAL_Driver\Src\stm32f4xx_hal_tim.o
 .text.TIM_ETR_SetConfig
                0x080045d4       0x40 Drivers\STM32F4xx_HAL_Driver\Src\stm32f4xx_hal_tim.o
                0x080045d4                TIM_ETR_SetConfig
 .text.TIM_CCxChannelCmd
                0x08004614       0x4a Drivers\STM32F4xx_HAL_Driver\Src\stm32f4xx_hal_tim.o
                0x08004614                TIM_CCxChannelCmd
 *fill*         0x0800465e        0x2 
 .text.HAL_TIMEx_MasterConfigSynchronization
                0x08004660       0xf8 Drivers\STM32F4xx_HAL_Driver\Src\stm32f4xx_hal_tim_ex.o
                0x08004660                HAL_TIMEx_MasterConfigSynchronization
 .text.HAL_TIMEx_ConfigBreakDeadTime
                0x08004758       0xa4 Drivers\STM32F4xx_HAL_Driver\Src\stm32f4xx_hal_tim_ex.o
                0x08004758                HAL_TIMEx_ConfigBreakDeadTime
 .text.HAL_TIMEx_CommutCallback
                0x080047fc       0x14 Drivers\STM32F4xx_HAL_Driver\Src\stm32f4xx_hal_tim_ex.o
                0x080047fc                HAL_TIMEx_CommutCallback
 .text.HAL_TIMEx_BreakCallback
                0x08004810       0x14 Drivers\STM32F4xx_HAL_Driver\Src\stm32f4xx_hal_tim_ex.o
                0x08004810                HAL_TIMEx_BreakCallback
 .text.HAL_UART_Init
                0x08004824       0x9a Drivers\STM32F4xx_HAL_Driver\Src\stm32f4xx_hal_uart.o
                0x08004824                HAL_UART_Init
 *fill*         0x080048be        0x2 
 .text.HAL_UART_Transmit_DMA
                0x080048c0       0xd8 Drivers\STM32F4xx_HAL_Driver\Src\stm32f4xx_hal_uart.o
                0x080048c0                HAL_UART_Transmit_DMA
 .text.HAL_UART_Receive_DMA
                0x08004998      0x100 Drivers\STM32F4xx_HAL_Driver\Src\stm32f4xx_hal_uart.o
                0x08004998                HAL_UART_Receive_DMA
 .text.HAL_UART_IRQHandler
                0x08004a98      0x200 Drivers\STM32F4xx_HAL_Driver\Src\stm32f4xx_hal_uart.o
                0x08004a98                HAL_UART_IRQHandler
 .text.HAL_UART_TxHalfCpltCallback
                0x08004c98       0x14 Drivers\STM32F4xx_HAL_Driver\Src\stm32f4xx_hal_uart.o
                0x08004c98                HAL_UART_TxHalfCpltCallback
 .text.HAL_UART_RxCpltCallback
                0x08004cac       0x14 Drivers\STM32F4xx_HAL_Driver\Src\stm32f4xx_hal_uart.o
                0x08004cac                HAL_UART_RxCpltCallback
 .text.HAL_UART_RxHalfCpltCallback
                0x08004cc0       0x14 Drivers\STM32F4xx_HAL_Driver\Src\stm32f4xx_hal_uart.o
                0x08004cc0                HAL_UART_RxHalfCpltCallback
 .text.UART_DMATransmitCplt
                0x08004cd4       0x52 Drivers\STM32F4xx_HAL_Driver\Src\stm32f4xx_hal_uart.o
 .text.UART_DMATxHalfCplt
                0x08004d26       0x1c Drivers\STM32F4xx_HAL_Driver\Src\stm32f4xx_hal_uart.o
 .text.UART_DMAReceiveCplt
                0x08004d42       0x68 Drivers\STM32F4xx_HAL_Driver\Src\stm32f4xx_hal_uart.o
 .text.UART_DMARxHalfCplt
                0x08004daa       0x1c Drivers\STM32F4xx_HAL_Driver\Src\stm32f4xx_hal_uart.o
 .text.UART_DMAError
                0x08004dc6       0x94 Drivers\STM32F4xx_HAL_Driver\Src\stm32f4xx_hal_uart.o
 .text.UART_EndTxTransfer
                0x08004e5a       0x2c Drivers\STM32F4xx_HAL_Driver\Src\stm32f4xx_hal_uart.o
 .text.UART_EndRxTransfer
                0x08004e86       0x3c Drivers\STM32F4xx_HAL_Driver\Src\stm32f4xx_hal_uart.o
 .text.UART_DMAAbortOnError
                0x08004ec2       0x28 Drivers\STM32F4xx_HAL_Driver\Src\stm32f4xx_hal_uart.o
 .text.UART_Transmit_IT
                0x08004eea       0xaa Drivers\STM32F4xx_HAL_Driver\Src\stm32f4xx_hal_uart.o
 .text.UART_EndTransmit_IT
                0x08004f94       0x30 Drivers\STM32F4xx_HAL_Driver\Src\stm32f4xx_hal_uart.o
 .text.UART_Receive_IT
                0x08004fc4      0x102 Drivers\STM32F4xx_HAL_Driver\Src\stm32f4xx_hal_uart.o
 *fill*         0x080050c6        0x2 
 .text.UART_SetConfig
                0x080050c8      0x67c Drivers\STM32F4xx_HAL_Driver\Src\stm32f4xx_hal_uart.o
 .text.Leg_Init
                0x08005744       0x66 Src\leg.o
                0x08005744                Leg_Init
 .text.Leg_SetStartPos
                0x080057aa       0xb2 Src\leg.o
                0x080057aa                Leg_SetStartPos
 .text.Leg_Activate
                0x0800585c       0x2e Src\leg.o
                0x0800585c                Leg_Activate
 .text.Leg_Deactivate
                0x0800588a       0x2e Src\leg.o
                0x0800588a                Leg_Deactivate
 .text.Leg_GetAnglePos
                0x080058b8      0x298 Src\leg.o
                0x080058b8                Leg_GetAnglePos
 .text.Leg_SetPos
                0x08005b50      0x110 Src\leg.o
                0x08005b50                Leg_SetPos
 .text.main     0x08005c60      0x554 Src\main.o
                0x08005c60                main
 .text.SystemClock_Config
                0x080061b4      0x130 Src\main.o
                0x080061b4                SystemClock_Config
 .text.MX_ADC1_Init
                0x080062e4       0xa4 Src\main.o
 .text.MX_I2C1_Init
                0x08006388       0x5c Src\main.o
 .text.MX_RTC_Init
                0x080063e4       0x4c Src\main.o
 .text.MX_SPI2_Init
                0x08006430       0x6c Src\main.o
 .text.MX_TIM1_Init
                0x0800649c      0x18c Src\main.o
 .text.MX_TIM2_Init
                0x08006628      0x130 Src\main.o
 .text.MX_TIM3_Init
                0x08006758      0x130 Src\main.o
 .text.MX_TIM5_Init
                0x08006888       0xcc Src\main.o
 .text.MX_TIM8_Init
                0x08006954      0x18c Src\main.o
 .text.MX_TIM10_Init
                0x08006ae0       0x9c Src\main.o
 .text.MX_TIM11_Init
                0x08006b7c       0x9c Src\main.o
 .text.MX_TIM12_Init
                0x08006c18       0xc4 Src\main.o
 .text.MX_TIM13_Init
                0x08006cdc       0x48 Src\main.o
 .text.MX_TIM14_Init
                0x08006d24       0x9c Src\main.o
 .text.MX_UART4_Init
                0x08006dc0       0x54 Src\main.o
 .text.MX_UART5_Init
                0x08006e14       0x54 Src\main.o
 .text.MX_USART2_UART_Init
                0x08006e68       0x54 Src\main.o
 .text.MX_DMA_Init
                0x08006ebc       0xa0 Src\main.o
 .text.MX_GPIO_Init
                0x08006f5c      0x180 Src\main.o
 .text.HAL_TIM_PeriodElapsedCallback
                0x080070dc       0x24 Src\main.o
                0x080070dc                HAL_TIM_PeriodElapsedCallback
 .text.Error_Handler
                0x08007100        0xe Src\main.o
                0x08007100                Error_Handler
 *fill*         0x0800710e        0x2 
 .text.Robot_Init
                0x08007110      0x750 Src\robot.o
                0x08007110                Robot_Init
 .text.Robot_ServoId2Idx
                0x08007860       0x44 Src\robot.o
                0x08007860                Robot_ServoId2Idx
 .text.Robot_LegId2Idx
                0x080078a4       0x44 Src\robot.o
                0x080078a4                Robot_LegId2Idx
 .text.Robot_Unfold
                0x080078e8       0xa4 Src\robot.o
                0x080078e8                Robot_Unfold
 .text.Robot_Fold
                0x0800798c       0x38 Src\robot.o
                0x0800798c                Robot_Fold
 .text.Robot_GetState
                0x080079c4       0x58 Src\robot.o
                0x080079c4                Robot_GetState
 .text.Robot_ReadCommand_Folded
                0x08007a1c       0x74 Src\robot_commands.o
                0x08007a1c                Robot_ReadCommand_Folded
 .text.Robot_ReadCommand_Ready
                0x08007a90      0x188 Src\robot_commands.o
                0x08007a90                Robot_ReadCommand_Ready
 .text.Robot_ReadCommand_Running
                0x08007c18      0x158 Src\robot_commands.o
                0x08007c18                Robot_ReadCommand_Running
 .text.Robot_ReadCommand_Config
                0x08007d70      0xdec Src\robot_commands.o
                0x08007d70                Robot_ReadCommand_Config
 .text.Robot_ReadCommand
                0x08008b5c       0x94 Src\robot_commands.o
                0x08008b5c                Robot_ReadCommand
 .text.Robot_ButtonPushed
                0x08008bf0       0x58 Src\robot_commands.o
                0x08008bf0                Robot_ButtonPushed
 .text.Robot_Update
                0x08008c48      0xb30 Src\robot_update.o
                0x08008c48                Robot_Update
 .text.HAL_UART_ErrorCallback
                0x08009778       0x98 Src\serial.o
                0x08009778                HAL_UART_ErrorCallback
 .text.HAL_Serial_Init
                0x08009810       0x80 Src\serial.o
                0x08009810                HAL_Serial_Init
 .text.HAL_Serial_Read
                0x08009890       0xba Src\serial.o
                0x08009890                HAL_Serial_Read
 .text.HAL_Serial_Write
                0x0800994a       0xf6 Src\serial.o
                0x0800994a                HAL_Serial_Write
 .text.HAL_UART_TxCpltCallback
                0x08009a40      0x13c Src\serial.o
                0x08009a40                HAL_UART_TxCpltCallback
 .text.ts_itoa  0x08009b7c       0x92 Src\serial.o
                0x08009b7c                ts_itoa
 *fill*         0x08009c0e        0x2 
 .text.ts_ftoa  0x08009c10      0x49c Src\serial.o
                0x08009c10                ts_ftoa
 .text.ts_formatstring
                0x0800a0ac      0x288 Src\serial.o
                0x0800a0ac                ts_formatstring
 .text.ts_formatlength
                0x0800a334      0x140 Src\serial.o
                0x0800a334                ts_formatlength
 .text.HAL_Serial_Print
                0x0800a474       0x9a Src\serial.o
                0x0800a474                HAL_Serial_Print
 .text.HAL_LineBuffer_Init
                0x0800a50e       0x22 Src\serial.o
                0x0800a50e                HAL_LineBuffer_Init
 .text.HAL_LineBuffer_Read
                0x0800a530       0xb8 Src\serial.o
                0x0800a530                HAL_LineBuffer_Read
 .text.Servo_Init
                0x0800a5e8       0x3e Src\servo.o
                0x0800a5e8                Servo_Init
 *fill*         0x0800a626        0x2 
 .text.Servo_SetLimits
                0x0800a628       0x70 Src\servo.o
                0x0800a628                Servo_SetLimits
 .text.Servo_Activate
                0x0800a698       0x20 Src\servo.o
                0x0800a698                Servo_Activate
 .text.Servo_Deactivate
                0x0800a6b8       0x72 Src\servo.o
                0x0800a6b8                Servo_Deactivate
 *fill*         0x0800a72a        0x2 
 .text.Servo_SetPulse
                0x0800a72c       0x90 Src\servo.o
                0x0800a72c                Servo_SetPulse
 *fill*         0x0800a7bc        0x4 
 .text.Servo_GetPulseAngle
                0x0800a7c0       0x80 Src\servo.o
                0x0800a7c0                Servo_GetPulseAngle
 .text.Servo_SetAngle
                0x0800a840      0x114 Src\servo.o
                0x0800a840                Servo_SetAngle
 .text.HAL_MspInit
                0x0800a954       0x50 Src\stm32f4xx_hal_msp.o
                0x0800a954                HAL_MspInit
 .text.HAL_ADC_MspInit
                0x0800a9a4       0x88 Src\stm32f4xx_hal_msp.o
                0x0800a9a4                HAL_ADC_MspInit
 .text.HAL_I2C_MspInit
                0x0800aa2c       0x90 Src\stm32f4xx_hal_msp.o
                0x0800aa2c                HAL_I2C_MspInit
 .text.HAL_RTC_MspInit
                0x0800aabc       0x2c Src\stm32f4xx_hal_msp.o
                0x0800aabc                HAL_RTC_MspInit
 .text.HAL_SPI_MspInit
                0x0800aae8      0x154 Src\stm32f4xx_hal_msp.o
                0x0800aae8                HAL_SPI_MspInit
 .text.HAL_TIM_Base_MspInit
                0x0800ac3c      0x1bc Src\stm32f4xx_hal_msp.o
                0x0800ac3c                HAL_TIM_Base_MspInit
 .text.HAL_TIM_PWM_MspInit
                0x0800adf8       0x44 Src\stm32f4xx_hal_msp.o
                0x0800adf8                HAL_TIM_PWM_MspInit
 .text.HAL_TIM_MspPostInit
                0x0800ae3c      0x368 Src\stm32f4xx_hal_msp.o
                0x0800ae3c                HAL_TIM_MspPostInit
 .text.HAL_UART_MspInit
                0x0800b1a4      0x430 Src\stm32f4xx_hal_msp.o
                0x0800b1a4                HAL_UART_MspInit
 .text.NMI_Handler
                0x0800b5d4        0xe Src\stm32f4xx_it.o
                0x0800b5d4                NMI_Handler
 .text.HardFault_Handler
                0x0800b5e2        0x6 Src\stm32f4xx_it.o
                0x0800b5e2                HardFault_Handler
 .text.MemManage_Handler
                0x0800b5e8        0x6 Src\stm32f4xx_it.o
                0x0800b5e8                MemManage_Handler
 .text.BusFault_Handler
                0x0800b5ee        0x6 Src\stm32f4xx_it.o
                0x0800b5ee                BusFault_Handler
 .text.UsageFault_Handler
                0x0800b5f4        0x6 Src\stm32f4xx_it.o
                0x0800b5f4                UsageFault_Handler
 .text.SVC_Handler
                0x0800b5fa        0xe Src\stm32f4xx_it.o
                0x0800b5fa                SVC_Handler
 .text.DebugMon_Handler
                0x0800b608        0xe Src\stm32f4xx_it.o
                0x0800b608                DebugMon_Handler
 .text.PendSV_Handler
                0x0800b616        0xe Src\stm32f4xx_it.o
                0x0800b616                PendSV_Handler
 .text.SysTick_Handler
                0x0800b624        0xc Src\stm32f4xx_it.o
                0x0800b624                SysTick_Handler
 .text.DMA1_Stream0_IRQHandler
                0x0800b630       0x14 Src\stm32f4xx_it.o
                0x0800b630                DMA1_Stream0_IRQHandler
 .text.DMA1_Stream2_IRQHandler
                0x0800b644       0x14 Src\stm32f4xx_it.o
                0x0800b644                DMA1_Stream2_IRQHandler
 .text.DMA1_Stream3_IRQHandler
                0x0800b658       0x14 Src\stm32f4xx_it.o
                0x0800b658                DMA1_Stream3_IRQHandler
 .text.DMA1_Stream4_IRQHandler
                0x0800b66c       0x14 Src\stm32f4xx_it.o
                0x0800b66c                DMA1_Stream4_IRQHandler
 .text.DMA1_Stream5_IRQHandler
                0x0800b680       0x14 Src\stm32f4xx_it.o
                0x0800b680                DMA1_Stream5_IRQHandler
 .text.DMA1_Stream6_IRQHandler
                0x0800b694       0x14 Src\stm32f4xx_it.o
                0x0800b694                DMA1_Stream6_IRQHandler
 .text.USART2_IRQHandler
                0x0800b6a8       0x14 Src\stm32f4xx_it.o
                0x0800b6a8                USART2_IRQHandler
 .text.TIM8_UP_TIM13_IRQHandler
                0x0800b6bc       0x1c Src\stm32f4xx_it.o
                0x0800b6bc                TIM8_UP_TIM13_IRQHandler
 .text.DMA1_Stream7_IRQHandler
                0x0800b6d8       0x14 Src\stm32f4xx_it.o
                0x0800b6d8                DMA1_Stream7_IRQHandler
 .text.UART4_IRQHandler
                0x0800b6ec       0x14 Src\stm32f4xx_it.o
                0x0800b6ec                UART4_IRQHandler
 .text._sbrk    0x0800b700       0x58 Src\syscalls.o
                0x0800b700                _sbrk
 .text.SystemInit
                0x0800b758       0x2c Src\system_stm32f4xx.o
                0x0800b758                SystemInit
 .text.LedSwitch
                0x0800b784       0x6c Src\tools.o
                0x0800b784                LedSwitch
 .text.Reset_Handler
                0x0800b7f0       0x50 startup\startup_stm32f446xx.o
                0x0800b7f0                Reset_Handler
 .text.Default_Handler
                0x0800b840        0x2 startup\startup_stm32f446xx.o
                0x0800b840                RTC_Alarm_IRQHandler
                0x0800b840                EXTI2_IRQHandler
                0x0800b840                TIM8_CC_IRQHandler
                0x0800b840                FMPI2C1_EV_IRQHandler
                0x0800b840                SPI4_IRQHandler
                0x0800b840                TIM1_CC_IRQHandler
                0x0800b840                DMA2_Stream5_IRQHandler
                0x0800b840                PVD_IRQHandler
                0x0800b840                SDIO_IRQHandler
                0x0800b840                TAMP_STAMP_IRQHandler
                0x0800b840                CAN2_RX1_IRQHandler
                0x0800b840                EXTI3_IRQHandler
                0x0800b840                TIM8_TRG_COM_TIM14_IRQHandler
                0x0800b840                TIM1_UP_TIM10_IRQHandler
                0x0800b840                I2C3_ER_IRQHandler
                0x0800b840                EXTI0_IRQHandler
                0x0800b840                I2C2_EV_IRQHandler
                0x0800b840                CAN1_RX0_IRQHandler
                0x0800b840                FPU_IRQHandler
                0x0800b840                OTG_HS_WKUP_IRQHandler
                0x0800b840                CAN2_SCE_IRQHandler
                0x0800b840                DMA2_Stream2_IRQHandler
                0x0800b840                SPI1_IRQHandler
                0x0800b840                TIM6_DAC_IRQHandler
                0x0800b840                TIM1_BRK_TIM9_IRQHandler
                0x0800b840                DCMI_IRQHandler
                0x0800b840                CAN2_RX0_IRQHandler
                0x0800b840                DMA2_Stream3_IRQHandler
                0x0800b840                SAI2_IRQHandler
                0x0800b840                USART6_IRQHandler
                0x0800b840                USART3_IRQHandler
                0x0800b840                CAN1_RX1_IRQHandler
                0x0800b840                UART5_IRQHandler
                0x0800b840                DMA2_Stream0_IRQHandler
                0x0800b840                TIM4_IRQHandler
                0x0800b840                QUADSPI_IRQHandler
                0x0800b840                I2C1_EV_IRQHandler
                0x0800b840                DMA1_Stream1_IRQHandler
                0x0800b840                TIM3_IRQHandler
                0x0800b840                RCC_IRQHandler
                0x0800b840                TIM8_BRK_TIM12_IRQHandler
                0x0800b840                Default_Handler
                0x0800b840                CEC_IRQHandler
                0x0800b840                EXTI15_10_IRQHandler
                0x0800b840                ADC_IRQHandler
                0x0800b840                TIM7_IRQHandler
                0x0800b840                CAN2_TX_IRQHandler
                0x0800b840                TIM5_IRQHandler
                0x0800b840                DMA2_Stream7_IRQHandler
                0x0800b840                I2C3_EV_IRQHandler
                0x0800b840                EXTI9_5_IRQHandler
                0x0800b840                RTC_WKUP_IRQHandler
                0x0800b840                SPDIF_RX_IRQHandler
                0x0800b840                SPI2_IRQHandler
                0x0800b840                OTG_HS_EP1_IN_IRQHandler
                0x0800b840                CAN1_TX_IRQHandler
                0x0800b840                FMPI2C1_ER_IRQHandler
                0x0800b840                EXTI4_IRQHandler
                0x0800b840                OTG_HS_EP1_OUT_IRQHandler
                0x0800b840                WWDG_IRQHandler
                0x0800b840                TIM2_IRQHandler
                0x0800b840                OTG_FS_WKUP_IRQHandler
                0x0800b840                TIM1_TRG_COM_TIM11_IRQHandler
                0x0800b840                OTG_HS_IRQHandler
                0x0800b840                EXTI1_IRQHandler
                0x0800b840                I2C2_ER_IRQHandler
                0x0800b840                DMA2_Stream1_IRQHandler
                0x0800b840                CAN1_SCE_IRQHandler
                0x0800b840                FLASH_IRQHandler
                0x0800b840                DMA2_Stream4_IRQHandler
                0x0800b840                USART1_IRQHandler
                0x0800b840                OTG_FS_IRQHandler
                0x0800b840                SPI3_IRQHandler
                0x0800b840                I2C1_ER_IRQHandler
                0x0800b840                FMC_IRQHandler
                0x0800b840                DMA2_Stream6_IRQHandler
                0x0800b840                SAI1_IRQHandler
 *fill*         0x0800b842        0x2 
 .text.__errno  0x0800b844        0xc c:/program files (x86)/atollic/truestudio for stm32 9.3.0/armtools/bin/../lib/gcc/arm-atollic-eabi/6.3.1/../../../../arm-atollic-eabi/lib/armv7e-m/fpu\libc_nano.a(lib_a-errno.o)
                0x0800b844                __errno
 .text.__libc_init_array
                0x0800b850       0x48 c:/program files (x86)/atollic/truestudio for stm32 9.3.0/armtools/bin/../lib/gcc/arm-atollic-eabi/6.3.1/../../../../arm-atollic-eabi/lib/armv7e-m/fpu\libc_nano.a(lib_a-init.o)
                0x0800b850                __libc_init_array
 .text.memcpy   0x0800b898       0x16 c:/program files (x86)/atollic/truestudio for stm32 9.3.0/armtools/bin/../lib/gcc/arm-atollic-eabi/6.3.1/../../../../arm-atollic-eabi/lib/armv7e-m/fpu\libc_nano.a(lib_a-memcpy-stub.o)
                0x0800b898                memcpy
 .text.memmove  0x0800b8ae       0x34 c:/program files (x86)/atollic/truestudio for stm32 9.3.0/armtools/bin/../lib/gcc/arm-atollic-eabi/6.3.1/../../../../arm-atollic-eabi/lib/armv7e-m/fpu\libc_nano.a(lib_a-memmove.o)
                0x0800b8ae                memmove
 .text.memset   0x0800b8e2       0x10 c:/program files (x86)/atollic/truestudio for stm32 9.3.0/armtools/bin/../lib/gcc/arm-atollic-eabi/6.3.1/../../../../arm-atollic-eabi/lib/armv7e-m/fpu\libc_nano.a(lib_a-memset.o)
                0x0800b8e2                memset
 *fill*         0x0800b8f2        0x2 
 .text.sprintf  0x0800b8f4       0x48 c:/program files (x86)/atollic/truestudio for stm32 9.3.0/armtools/bin/../lib/gcc/arm-atollic-eabi/6.3.1/../../../../arm-atollic-eabi/lib/armv7e-m/fpu\libc_nano.a(lib_a-sprintf.o)
                0x0800b8f4                siprintf
                0x0800b8f4                sprintf
 .text.sscanf   0x0800b93c       0x54 c:/program files (x86)/atollic/truestudio for stm32 9.3.0/armtools/bin/../lib/gcc/arm-atollic-eabi/6.3.1/../../../../arm-atollic-eabi/lib/armv7e-m/fpu\libc_nano.a(lib_a-sscanf.o)
                0x0800b93c                siscanf
                0x0800b93c                sscanf
 .text.__seofread
                0x0800b990        0x4 c:/program files (x86)/atollic/truestudio for stm32 9.3.0/armtools/bin/../lib/gcc/arm-atollic-eabi/6.3.1/../../../../arm-atollic-eabi/lib/armv7e-m/fpu\libc_nano.a(lib_a-stdio.o)
                0x0800b990                __seofread
 .text.strncmp  0x0800b994       0x24 c:/program files (x86)/atollic/truestudio for stm32 9.3.0/armtools/bin/../lib/gcc/arm-atollic-eabi/6.3.1/../../../../arm-atollic-eabi/lib/armv7e-m/fpu\libc_nano.a(lib_a-strncmp.o)
                0x0800b994                strncmp
 .text.__ssputs_r
                0x0800b9b8       0xb6 c:/program files (x86)/atollic/truestudio for stm32 9.3.0/armtools/bin/../lib/gcc/arm-atollic-eabi/6.3.1/../../../../arm-atollic-eabi/lib/armv7e-m/fpu\libc_nano.a(lib_a-nano-svfprintf.o)
                0x0800b9b8                __ssputs_r
 *fill*         0x0800ba6e        0x2 
 .text._svfprintf_r
                0x0800ba70      0x1e8 c:/program files (x86)/atollic/truestudio for stm32 9.3.0/armtools/bin/../lib/gcc/arm-atollic-eabi/6.3.1/../../../../arm-atollic-eabi/lib/armv7e-m/fpu\libc_nano.a(lib_a-nano-svfprintf.o)
                0x0800ba70                _svfiprintf_r
                0x0800ba70                _svfprintf_r
 .text._sungetc_r
                0x0800bc58       0x7a c:/program files (x86)/atollic/truestudio for stm32 9.3.0/armtools/bin/../lib/gcc/arm-atollic-eabi/6.3.1/../../../../arm-atollic-eabi/lib/armv7e-m/fpu\libc_nano.a(lib_a-nano-svfscanf.o)
                0x0800bc58                _sungetc_r
 .text.__ssrefill_r
                0x0800bcd2       0x3a c:/program files (x86)/atollic/truestudio for stm32 9.3.0/armtools/bin/../lib/gcc/arm-atollic-eabi/6.3.1/../../../../arm-atollic-eabi/lib/armv7e-m/fpu\libc_nano.a(lib_a-nano-svfscanf.o)
                0x0800bcd2                __ssrefill_r
 .text.__ssvfscanf_r
                0x0800bd0c      0x2a8 c:/program files (x86)/atollic/truestudio for stm32 9.3.0/armtools/bin/../lib/gcc/arm-atollic-eabi/6.3.1/../../../../arm-atollic-eabi/lib/armv7e-m/fpu\libc_nano.a(lib_a-nano-svfscanf.o)
                0x0800bd0c                __ssvfiscanf_r
                0x0800bd0c                __ssvfscanf_r
 .text._printf_common
                0x0800bfb4       0xec c:/program files (x86)/atollic/truestudio for stm32 9.3.0/armtools/bin/../lib/gcc/arm-atollic-eabi/6.3.1/../../../../arm-atollic-eabi/lib/armv7e-m/fpu\libc_nano.a(lib_a-nano-vfprintf_i.o)
                0x0800bfb4                _printf_common
 .text._printf_i
                0x0800c0a0      0x240 c:/program files (x86)/atollic/truestudio for stm32 9.3.0/armtools/bin/../lib/gcc/arm-atollic-eabi/6.3.1/../../../../arm-atollic-eabi/lib/armv7e-m/fpu\libc_nano.a(lib_a-nano-vfprintf_i.o)
                0x0800c0a0                _printf_i
 .text._scanf_chars
                0x0800c2e0       0xc8 c:/program files (x86)/atollic/truestudio for stm32 9.3.0/armtools/bin/../lib/gcc/arm-atollic-eabi/6.3.1/../../../../arm-atollic-eabi/lib/armv7e-m/fpu\libc_nano.a(lib_a-nano-vfscanf_i.o)
                0x0800c2e0                _scanf_chars
 .text._scanf_i
                0x0800c3a8      0x1e8 c:/program files (x86)/atollic/truestudio for stm32 9.3.0/armtools/bin/../lib/gcc/arm-atollic-eabi/6.3.1/../../../../arm-atollic-eabi/lib/armv7e-m/fpu\libc_nano.a(lib_a-nano-vfscanf_i.o)
                0x0800c3a8                _scanf_i
 .text.__sccl   0x0800c590       0x60 c:/program files (x86)/atollic/truestudio for stm32 9.3.0/armtools/bin/../lib/gcc/arm-atollic-eabi/6.3.1/../../../../arm-atollic-eabi/lib/armv7e-m/fpu\libc_nano.a(lib_a-sccl.o)
                0x0800c590                __sccl
 .text._strtol_l.isra.0
                0x0800c5f0      0x100 c:/program files (x86)/atollic/truestudio for stm32 9.3.0/armtools/bin/../lib/gcc/arm-atollic-eabi/6.3.1/../../../../arm-atollic-eabi/lib/armv7e-m/fpu\libc_nano.a(lib_a-strtol.o)
 .text._strtol_r
                0x0800c6f0       0x24 c:/program files (x86)/atollic/truestudio for stm32 9.3.0/armtools/bin/../lib/gcc/arm-atollic-eabi/6.3.1/../../../../arm-atollic-eabi/lib/armv7e-m/fpu\libc_nano.a(lib_a-strtol.o)
                0x0800c6f0                _strtol_r
 .text._strtoul_l.isra.0
                0x0800c714       0xfa c:/program files (x86)/atollic/truestudio for stm32 9.3.0/armtools/bin/../lib/gcc/arm-atollic-eabi/6.3.1/../../../../arm-atollic-eabi/lib/armv7e-m/fpu\libc_nano.a(lib_a-strtoul.o)
 *fill*         0x0800c80e        0x2 
 .text._strtoul_r
                0x0800c810       0x24 c:/program files (x86)/atollic/truestudio for stm32 9.3.0/armtools/bin/../lib/gcc/arm-atollic-eabi/6.3.1/../../../../arm-atollic-eabi/lib/armv7e-m/fpu\libc_nano.a(lib_a-strtoul.o)
                0x0800c810                _strtoul_r
 .text.__submore
                0x0800c834       0x76 c:/program files (x86)/atollic/truestudio for stm32 9.3.0/armtools/bin/../lib/gcc/arm-atollic-eabi/6.3.1/../../../../arm-atollic-eabi/lib/armv7e-m/fpu\libc_nano.a(lib_a-ungetc.o)
                0x0800c834                __submore
 .text.__locale_ctype_ptr_l
                0x0800c8aa        0x6 c:/program files (x86)/atollic/truestudio for stm32 9.3.0/armtools/bin/../lib/gcc/arm-atollic-eabi/6.3.1/../../../../arm-atollic-eabi/lib/armv7e-m/fpu\libc_nano.a(lib_a-locale.o)
                0x0800c8aa                __locale_ctype_ptr_l
 .text.__locale_ctype_ptr
                0x0800c8b0       0x1c c:/program files (x86)/atollic/truestudio for stm32 9.3.0/armtools/bin/../lib/gcc/arm-atollic-eabi/6.3.1/../../../../arm-atollic-eabi/lib/armv7e-m/fpu\libc_nano.a(lib_a-locale.o)
                0x0800c8b0                __locale_ctype_ptr
 .text.__ascii_mbtowc
                0x0800c8cc       0x24 c:/program files (x86)/atollic/truestudio for stm32 9.3.0/armtools/bin/../lib/gcc/arm-atollic-eabi/6.3.1/../../../../arm-atollic-eabi/lib/armv7e-m/fpu\libc_nano.a(lib_a-mbtowc_r.o)
                0x0800c8cc                __ascii_mbtowc
 .text._free_r  0x0800c8f0       0x9c c:/program files (x86)/atollic/truestudio for stm32 9.3.0/armtools/bin/../lib/gcc/arm-atollic-eabi/6.3.1/../../../../arm-atollic-eabi/lib/armv7e-m/fpu\libc_nano.a(lib_a-nano-freer.o)
                0x0800c8f0                _free_r
 .text._malloc_r
                0x0800c98c       0xbc c:/program files (x86)/atollic/truestudio for stm32 9.3.0/armtools/bin/../lib/gcc/arm-atollic-eabi/6.3.1/../../../../arm-atollic-eabi/lib/armv7e-m/fpu\libc_nano.a(lib_a-nano-mallocr.o)
                0x0800c98c                _malloc_r
 .text._realloc_r
                0x0800ca48       0x4c c:/program files (x86)/atollic/truestudio for stm32 9.3.0/armtools/bin/../lib/gcc/arm-atollic-eabi/6.3.1/../../../../arm-atollic-eabi/lib/armv7e-m/fpu\libc_nano.a(lib_a-nano-reallocr.o)
                0x0800ca48                _realloc_r
 .text._sbrk_r  0x0800ca94       0x20 c:/program files (x86)/atollic/truestudio for stm32 9.3.0/armtools/bin/../lib/gcc/arm-atollic-eabi/6.3.1/../../../../arm-atollic-eabi/lib/armv7e-m/fpu\libc_nano.a(lib_a-sbrkr.o)
                0x0800ca94                _sbrk_r
 .text.__ascii_wctomb
                0x0800cab4       0x1a c:/program files (x86)/atollic/truestudio for stm32 9.3.0/armtools/bin/../lib/gcc/arm-atollic-eabi/6.3.1/../../../../arm-atollic-eabi/lib/armv7e-m/fpu\libc_nano.a(lib_a-wctomb_r.o)
                0x0800cab4                __ascii_wctomb
 .text.__malloc_lock
                0x0800cace        0x2 c:/program files (x86)/atollic/truestudio for stm32 9.3.0/armtools/bin/../lib/gcc/arm-atollic-eabi/6.3.1/../../../../arm-atollic-eabi/lib/armv7e-m/fpu\libc_nano.a(lib_a-mlock.o)
                0x0800cace                __malloc_lock
 .text.__malloc_unlock
                0x0800cad0        0x2 c:/program files (x86)/atollic/truestudio for stm32 9.3.0/armtools/bin/../lib/gcc/arm-atollic-eabi/6.3.1/../../../../arm-atollic-eabi/lib/armv7e-m/fpu\libc_nano.a(lib_a-mlock.o)
                0x0800cad0                __malloc_unlock
 .text._malloc_usable_size_r
                0x0800cad2       0x12 c:/program files (x86)/atollic/truestudio for stm32 9.3.0/armtools/bin/../lib/gcc/arm-atollic-eabi/6.3.1/../../../../arm-atollic-eabi/lib/armv7e-m/fpu\libc_nano.a(lib_a-nano-msizer.o)
                0x0800cad2                _malloc_usable_size_r
 *fill*         0x0800cae4        0x4 
 .text.atan     0x0800cae8      0x350 c:/program files (x86)/atollic/truestudio for stm32 9.3.0/armtools/bin/../lib/gcc/arm-atollic-eabi/6.3.1/../../../../arm-atollic-eabi/lib/armv7e-m/fpu\libm.a(lib_a-s_atan.o)
                0x0800cae8                atan
 .text.cos      0x0800ce38       0x88 c:/program files (x86)/atollic/truestudio for stm32 9.3.0/armtools/bin/../lib/gcc/arm-atollic-eabi/6.3.1/../../../../arm-atollic-eabi/lib/armv7e-m/fpu\libm.a(lib_a-s_cos.o)
                0x0800ce38                cos
 .text.fabs     0x0800cec0        0xe c:/program files (x86)/atollic/truestudio for stm32 9.3.0/armtools/bin/../lib/gcc/arm-atollic-eabi/6.3.1/../../../../arm-atollic-eabi/lib/armv7e-m/fpu\libm.a(lib_a-s_fabs.o)
                0x0800cec0                fabs
 *fill*         0x0800cece        0x2 
 .text.floor    0x0800ced0      0x108 c:/program files (x86)/atollic/truestudio for stm32 9.3.0/armtools/bin/../lib/gcc/arm-atollic-eabi/6.3.1/../../../../arm-atollic-eabi/lib/armv7e-m/fpu\libm.a(lib_a-s_floor.o)
                0x0800ced0                floor
 .text.round    0x0800cfd8       0x8c c:/program files (x86)/atollic/truestudio for stm32 9.3.0/armtools/bin/../lib/gcc/arm-atollic-eabi/6.3.1/../../../../arm-atollic-eabi/lib/armv7e-m/fpu\libm.a(lib_a-s_round.o)
                0x0800cfd8                round
 *fill*         0x0800d064        0x4 
 .text.sin      0x0800d068       0x90 c:/program files (x86)/atollic/truestudio for stm32 9.3.0/armtools/bin/../lib/gcc/arm-atollic-eabi/6.3.1/../../../../arm-atollic-eabi/lib/armv7e-m/fpu\libm.a(lib_a-s_sin.o)
                0x0800d068                sin
 .text.acos     0x0800d0f8       0xb0 c:/program files (x86)/atollic/truestudio for stm32 9.3.0/armtools/bin/../lib/gcc/arm-atollic-eabi/6.3.1/../../../../arm-atollic-eabi/lib/armv7e-m/fpu\libm.a(lib_a-w_acos.o)
                0x0800d0f8                acos
 .text.asin     0x0800d1a8       0xb0 c:/program files (x86)/atollic/truestudio for stm32 9.3.0/armtools/bin/../lib/gcc/arm-atollic-eabi/6.3.1/../../../../arm-atollic-eabi/lib/armv7e-m/fpu\libm.a(lib_a-w_asin.o)
                0x0800d1a8                asin
 .text.sqrt     0x0800d258       0xb4 c:/program files (x86)/atollic/truestudio for stm32 9.3.0/armtools/bin/../lib/gcc/arm-atollic-eabi/6.3.1/../../../../arm-atollic-eabi/lib/armv7e-m/fpu\libm.a(lib_a-w_sqrt.o)
                0x0800d258                sqrt
 .text.sqrtf    0x0800d30c       0xa0 c:/program files (x86)/atollic/truestudio for stm32 9.3.0/armtools/bin/../lib/gcc/arm-atollic-eabi/6.3.1/../../../../arm-atollic-eabi/lib/armv7e-m/fpu\libm.a(lib_a-wf_sqrt.o)
                0x0800d30c                sqrtf
 *fill*         0x0800d3ac        0x4 
 .text.__ieee754_acos
                0x0800d3b0      0x4b8 c:/program files (x86)/atollic/truestudio for stm32 9.3.0/armtools/bin/../lib/gcc/arm-atollic-eabi/6.3.1/../../../../arm-atollic-eabi/lib/armv7e-m/fpu\libm.a(lib_a-e_acos.o)
                0x0800d3b0                __ieee754_acos
 .text.__ieee754_asin
                0x0800d868      0x418 c:/program files (x86)/atollic/truestudio for stm32 9.3.0/armtools/bin/../lib/gcc/arm-atollic-eabi/6.3.1/../../../../arm-atollic-eabi/lib/armv7e-m/fpu\libm.a(lib_a-e_asin.o)
                0x0800d868                __ieee754_asin
 .text.__ieee754_rem_pio2
                0x0800dc80      0x3e4 c:/program files (x86)/atollic/truestudio for stm32 9.3.0/armtools/bin/../lib/gcc/arm-atollic-eabi/6.3.1/../../../../arm-atollic-eabi/lib/armv7e-m/fpu\libm.a(lib_a-e_rem_pio2.o)
                0x0800dc80                __ieee754_rem_pio2
 .text.__ieee754_sqrt
                0x0800e064      0x160 c:/program files (x86)/atollic/truestudio for stm32 9.3.0/armtools/bin/../lib/gcc/arm-atollic-eabi/6.3.1/../../../../arm-atollic-eabi/lib/armv7e-m/fpu\libm.a(lib_a-e_sqrt.o)
                0x0800e064                __ieee754_sqrt
 .text.__ieee754_sqrtf
                0x0800e1c4       0x8e c:/program files (x86)/atollic/truestudio for stm32 9.3.0/armtools/bin/../lib/gcc/arm-atollic-eabi/6.3.1/../../../../arm-atollic-eabi/lib/armv7e-m/fpu\libm.a(lib_a-ef_sqrt.o)
                0x0800e1c4                __ieee754_sqrtf
 *fill*         0x0800e252        0x6 
 .text.__kernel_cos
                0x0800e258      0x1cc c:/program files (x86)/atollic/truestudio for stm32 9.3.0/armtools/bin/../lib/gcc/arm-atollic-eabi/6.3.1/../../../../arm-atollic-eabi/lib/armv7e-m/fpu\libm.a(lib_a-k_cos.o)
                0x0800e258                __kernel_cos
 *fill*         0x0800e424        0x4 
 .text.__kernel_rem_pio2
                0x0800e428      0x69c c:/program files (x86)/atollic/truestudio for stm32 9.3.0/armtools/bin/../lib/gcc/arm-atollic-eabi/6.3.1/../../../../arm-atollic-eabi/lib/armv7e-m/fpu\libm.a(lib_a-k_rem_pio2.o)
                0x0800e428                __kernel_rem_pio2
 *fill*         0x0800eac4        0x4 
 .text.__kernel_sin
                0x0800eac8      0x174 c:/program files (x86)/atollic/truestudio for stm32 9.3.0/armtools/bin/../lib/gcc/arm-atollic-eabi/6.3.1/../../../../arm-atollic-eabi/lib/armv7e-m/fpu\libm.a(lib_a-k_sin.o)
                0x0800eac8                __kernel_sin
 .text.matherr  0x0800ec3c        0x4 c:/program files (x86)/atollic/truestudio for stm32 9.3.0/armtools/bin/../lib/gcc/arm-atollic-eabi/6.3.1/../../../../arm-atollic-eabi/lib/armv7e-m/fpu\libm.a(lib_a-s_matherr.o)
                0x0800ec3c                matherr
 .text.nan      0x0800ec40       0x10 c:/program files (x86)/atollic/truestudio for stm32 9.3.0/armtools/bin/../lib/gcc/arm-atollic-eabi/6.3.1/../../../../arm-atollic-eabi/lib/armv7e-m/fpu\libm.a(lib_a-s_nan.o)
                0x0800ec40                nan
 .text.scalbn   0x0800ec50       0xf4 c:/program files (x86)/atollic/truestudio for stm32 9.3.0/armtools/bin/../lib/gcc/arm-atollic-eabi/6.3.1/../../../../arm-atollic-eabi/lib/armv7e-m/fpu\libm.a(lib_a-s_scalbn.o)
                0x0800ec50                scalbn
 .text.copysign
                0x0800ed44       0x1a c:/program files (x86)/atollic/truestudio for stm32 9.3.0/armtools/bin/../lib/gcc/arm-atollic-eabi/6.3.1/../../../../arm-atollic-eabi/lib/armv7e-m/fpu\libm.a(lib_a-s_copysign.o)
                0x0800ed44                copysign
 *(.glue_7)
 .glue_7        0x0800ed5e        0x0 linker stubs
 *(.glue_7t)
 .glue_7t       0x0800ed5e        0x0 linker stubs
 *(.eh_frame)
 *fill*         0x0800ed5e        0x2 
 .eh_frame      0x0800ed60        0x0 c:/program files (x86)/atollic/truestudio for stm32 9.3.0/armtools/bin/../lib/gcc/arm-atollic-eabi/6.3.1/armv7e-m/fpu/crtbegin.o
 *(.init)
 .init          0x0800ed60        0x4 c:/program files (x86)/atollic/truestudio for stm32 9.3.0/armtools/bin/../lib/gcc/arm-atollic-eabi/6.3.1/armv7e-m/fpu/crti.o
                0x0800ed60                _init
 .init          0x0800ed64        0x8 c:/program files (x86)/atollic/truestudio for stm32 9.3.0/armtools/bin/../lib/gcc/arm-atollic-eabi/6.3.1/armv7e-m/fpu/crtn.o
 *(.fini)
 .fini          0x0800ed6c        0x4 c:/program files (x86)/atollic/truestudio for stm32 9.3.0/armtools/bin/../lib/gcc/arm-atollic-eabi/6.3.1/armv7e-m/fpu/crti.o
                0x0800ed6c                _fini
 .fini          0x0800ed70        0x8 c:/program files (x86)/atollic/truestudio for stm32 9.3.0/armtools/bin/../lib/gcc/arm-atollic-eabi/6.3.1/armv7e-m/fpu/crtn.o
                0x0800ed78                . = ALIGN (0x4)
                0x0800ed78                _etext = .

.vfp11_veneer   0x0800ed78        0x0
 .vfp11_veneer  0x0800ed78        0x0 linker stubs

.v4_bx          0x0800ed78        0x0
 .v4_bx         0x0800ed78        0x0 linker stubs

.iplt           0x0800ed78        0x0
 .iplt          0x0800ed78        0x0 c:/program files (x86)/atollic/truestudio for stm32 9.3.0/armtools/bin/../lib/gcc/arm-atollic-eabi/6.3.1/armv7e-m/fpu/crtbegin.o

.rodata         0x0800ed78      0xd18
                0x0800ed78                . = ALIGN (0x4)
 *(.rodata)
 .rodata        0x0800ed78      0x1af Src\main.o
 *fill*         0x0800ef27        0x1 
 .rodata        0x0800ef28       0x68 Src\robot.o
 .rodata        0x0800ef90      0x6e6 Src\robot_commands.o
 *fill*         0x0800f676        0x2 
 .rodata        0x0800f678        0xc c:/program files (x86)/atollic/truestudio for stm32 9.3.0/armtools/bin/../lib/gcc/arm-atollic-eabi/6.3.1/../../../../arm-atollic-eabi/lib/armv7e-m/fpu\libc_nano.a(lib_a-nano-vfscanf_i.o)
 *(.rodata*)
 .rodata.flagBitshiftOffset.8757
                0x0800f684        0x8 Drivers\STM32F4xx_HAL_Driver\Src\stm32f4xx_hal_dma.o
 .rodata.AHBPrescTable
                0x0800f68c       0x10 Src\system_stm32f4xx.o
                0x0800f68c                AHBPrescTable
 .rodata.APBPrescTable
                0x0800f69c        0x8 Src\system_stm32f4xx.o
                0x0800f69c                APBPrescTable
 .rodata._svfprintf_r.str1.1
                0x0800f6a4       0x11 c:/program files (x86)/atollic/truestudio for stm32 9.3.0/armtools/bin/../lib/gcc/arm-atollic-eabi/6.3.1/../../../../arm-atollic-eabi/lib/armv7e-m/fpu\libc_nano.a(lib_a-nano-svfprintf.o)
 .rodata.__ssvfscanf_r.str1.1
                0x0800f6b5        0x4 c:/program files (x86)/atollic/truestudio for stm32 9.3.0/armtools/bin/../lib/gcc/arm-atollic-eabi/6.3.1/../../../../arm-atollic-eabi/lib/armv7e-m/fpu\libc_nano.a(lib_a-nano-svfscanf.o)
 .rodata._printf_i.str1.1
                0x0800f6b5       0x22 c:/program files (x86)/atollic/truestudio for stm32 9.3.0/armtools/bin/../lib/gcc/arm-atollic-eabi/6.3.1/../../../../arm-atollic-eabi/lib/armv7e-m/fpu\libc_nano.a(lib_a-nano-vfprintf_i.o)
 .rodata._scanf_i.str1.1
                0x0800f6d7       0x12 c:/program files (x86)/atollic/truestudio for stm32 9.3.0/armtools/bin/../lib/gcc/arm-atollic-eabi/6.3.1/../../../../arm-atollic-eabi/lib/armv7e-m/fpu\libc_nano.a(lib_a-nano-vfscanf_i.o)
 .rodata.str1.1
                0x0800f6e9        0x9 c:/program files (x86)/atollic/truestudio for stm32 9.3.0/armtools/bin/../lib/gcc/arm-atollic-eabi/6.3.1/../../../../arm-atollic-eabi/lib/armv7e-m/fpu\libc_nano.a(lib_a-nano-vfscanf_i.o)
 *fill*         0x0800f6f2        0x2 
 .rodata.__sf_fake_stderr
                0x0800f6f4       0x20 c:/program files (x86)/atollic/truestudio for stm32 9.3.0/armtools/bin/../lib/gcc/arm-atollic-eabi/6.3.1/../../../../arm-atollic-eabi/lib/armv7e-m/fpu\libc_nano.a(lib_a-findfp.o)
                0x0800f6f4                __sf_fake_stderr
 .rodata.__sf_fake_stdin
                0x0800f714       0x20 c:/program files (x86)/atollic/truestudio for stm32 9.3.0/armtools/bin/../lib/gcc/arm-atollic-eabi/6.3.1/../../../../arm-atollic-eabi/lib/armv7e-m/fpu\libc_nano.a(lib_a-findfp.o)
                0x0800f714                __sf_fake_stdin
 .rodata.__sf_fake_stdout
                0x0800f734       0x20 c:/program files (x86)/atollic/truestudio for stm32 9.3.0/armtools/bin/../lib/gcc/arm-atollic-eabi/6.3.1/../../../../arm-atollic-eabi/lib/armv7e-m/fpu\libc_nano.a(lib_a-findfp.o)
                0x0800f734                __sf_fake_stdout
 .rodata._setlocale_r.str1.1
                0x0800f754        0x8 c:/program files (x86)/atollic/truestudio for stm32 9.3.0/armtools/bin/../lib/gcc/arm-atollic-eabi/6.3.1/../../../../arm-atollic-eabi/lib/armv7e-m/fpu\libc_nano.a(lib_a-locale.o)
                                  0x9 (size before relaxing)
 .rodata.str1.1
                0x0800f75c        0x2 c:/program files (x86)/atollic/truestudio for stm32 9.3.0/armtools/bin/../lib/gcc/arm-atollic-eabi/6.3.1/../../../../arm-atollic-eabi/lib/armv7e-m/fpu\libc_nano.a(lib_a-locale.o)
 .rodata._ctype_
                0x0800f75e      0x101 c:/program files (x86)/atollic/truestudio for stm32 9.3.0/armtools/bin/../lib/gcc/arm-atollic-eabi/6.3.1/../../../../arm-atollic-eabi/lib/armv7e-m/fpu\libc_nano.a(lib_a-ctype_.o)
                0x0800f75e                _ctype_
 *fill*         0x0800f85f        0x1 
 .rodata.atanhi
                0x0800f860       0x20 c:/program files (x86)/atollic/truestudio for stm32 9.3.0/armtools/bin/../lib/gcc/arm-atollic-eabi/6.3.1/../../../../arm-atollic-eabi/lib/armv7e-m/fpu\libm.a(lib_a-s_atan.o)
 .rodata.atanlo
                0x0800f880       0x20 c:/program files (x86)/atollic/truestudio for stm32 9.3.0/armtools/bin/../lib/gcc/arm-atollic-eabi/6.3.1/../../../../arm-atollic-eabi/lib/armv7e-m/fpu\libm.a(lib_a-s_atan.o)
 .rodata.acos.str1.1
                0x0800f8a0        0x5 c:/program files (x86)/atollic/truestudio for stm32 9.3.0/armtools/bin/../lib/gcc/arm-atollic-eabi/6.3.1/../../../../arm-atollic-eabi/lib/armv7e-m/fpu\libm.a(lib_a-w_acos.o)
                                  0x6 (size before relaxing)
 .rodata.asin.str1.1
                0x0800f8a5        0x5 c:/program files (x86)/atollic/truestudio for stm32 9.3.0/armtools/bin/../lib/gcc/arm-atollic-eabi/6.3.1/../../../../arm-atollic-eabi/lib/armv7e-m/fpu\libm.a(lib_a-w_asin.o)
                                  0x6 (size before relaxing)
 .rodata.sqrt.str1.1
                0x0800f8aa        0x5 c:/program files (x86)/atollic/truestudio for stm32 9.3.0/armtools/bin/../lib/gcc/arm-atollic-eabi/6.3.1/../../../../arm-atollic-eabi/lib/armv7e-m/fpu\libm.a(lib_a-w_sqrt.o)
 .rodata.sqrtf.str1.1
                0x0800f8af        0x6 c:/program files (x86)/atollic/truestudio for stm32 9.3.0/armtools/bin/../lib/gcc/arm-atollic-eabi/6.3.1/../../../../arm-atollic-eabi/lib/armv7e-m/fpu\libm.a(lib_a-wf_sqrt.o)
 *fill*         0x0800f8b5        0x3 
 .rodata.npio2_hw
                0x0800f8b8       0x80 c:/program files (x86)/atollic/truestudio for stm32 9.3.0/armtools/bin/../lib/gcc/arm-atollic-eabi/6.3.1/../../../../arm-atollic-eabi/lib/armv7e-m/fpu\libm.a(lib_a-e_rem_pio2.o)
 .rodata.two_over_pi
                0x0800f938      0x108 c:/program files (x86)/atollic/truestudio for stm32 9.3.0/armtools/bin/../lib/gcc/arm-atollic-eabi/6.3.1/../../../../arm-atollic-eabi/lib/armv7e-m/fpu\libm.a(lib_a-e_rem_pio2.o)
 .rodata.PIo2   0x0800fa40       0x40 c:/program files (x86)/atollic/truestudio for stm32 9.3.0/armtools/bin/../lib/gcc/arm-atollic-eabi/6.3.1/../../../../arm-atollic-eabi/lib/armv7e-m/fpu\libm.a(lib_a-k_rem_pio2.o)
 .rodata.init_jk
                0x0800fa80       0x10 c:/program files (x86)/atollic/truestudio for stm32 9.3.0/armtools/bin/../lib/gcc/arm-atollic-eabi/6.3.1/../../../../arm-atollic-eabi/lib/armv7e-m/fpu\libm.a(lib_a-k_rem_pio2.o)
                0x0800fa90                . = ALIGN (0x4)

.ARM.extab
 *(.ARM.extab* .gnu.linkonce.armextab.*)

.ARM            0x0800fa90        0x8
                0x0800fa90                __exidx_start = .
 *(.ARM.exidx*)
 .ARM.exidx     0x0800fa90        0x8 c:/program files (x86)/atollic/truestudio for stm32 9.3.0/armtools/bin/../lib/gcc/arm-atollic-eabi/6.3.1/armv7e-m/fpu\libgcc.a(_udivmoddi4.o)
                0x0800fa98                __exidx_end = .

.rel.dyn        0x0800fa98        0x0
 .rel.iplt      0x0800fa98        0x0 c:/program files (x86)/atollic/truestudio for stm32 9.3.0/armtools/bin/../lib/gcc/arm-atollic-eabi/6.3.1/armv7e-m/fpu/crtbegin.o

.preinit_array  0x0800fa98        0x0
                0x0800fa98                PROVIDE (__preinit_array_start, .)
 *(.preinit_array*)
                0x0800fa98                PROVIDE (__preinit_array_end, .)

.init_array     0x0800fa98        0x4
                0x0800fa98                PROVIDE (__init_array_start, .)
 *(SORT(.init_array.*))
 *(.init_array*)
 .init_array    0x0800fa98        0x4 c:/program files (x86)/atollic/truestudio for stm32 9.3.0/armtools/bin/../lib/gcc/arm-atollic-eabi/6.3.1/armv7e-m/fpu/crtbegin.o
                0x0800fa9c                PROVIDE (__init_array_end, .)

.fini_array     0x0800fa9c        0x4
                [!provide]                PROVIDE (__fini_array_start, .)
 *(SORT(.fini_array.*))
 *(.fini_array*)
 .fini_array    0x0800fa9c        0x4 c:/program files (x86)/atollic/truestudio for stm32 9.3.0/armtools/bin/../lib/gcc/arm-atollic-eabi/6.3.1/armv7e-m/fpu/crtbegin.o
                [!provide]                PROVIDE (__fini_array_end, .)
                0x0800faa0                _sidata = LOADADDR (.data)

.data           0x20000000      0x310 load address 0x0800faa0
                0x20000000                . = ALIGN (0x4)
                0x20000000                _sdata = .
 *(.data)
 *(.data*)
 .data.uwTickPrio
                0x20000000        0x4 Drivers\STM32F4xx_HAL_Driver\Src\stm32f4xx_hal.o
                0x20000000                uwTickPrio
 .data.uwTickFreq
                0x20000004        0x1 Drivers\STM32F4xx_HAL_Driver\Src\stm32f4xx_hal.o
                0x20000004                uwTickFreq
 *fill*         0x20000005        0x3 
 .data.Robot_ServoId
                0x20000008       0x30 Src\robot.o
                0x20000008                Robot_ServoId
 .data.Robot_LegId
                0x20000038       0x10 Src\robot.o
                0x20000038                Robot_LegId
 .data.s01_limits
                0x20000048       0x14 Src\servo.o
                0x20000048                s01_limits
 .data.s02_limits
                0x2000005c       0x14 Src\servo.o
                0x2000005c                s02_limits
 .data.s03_limits
                0x20000070       0x14 Src\servo.o
                0x20000070                s03_limits
 .data.s05_limits
                0x20000084       0x14 Src\servo.o
                0x20000084                s05_limits
 .data.s08_limits
                0x20000098       0x14 Src\servo.o
                0x20000098                s08_limits
 .data.s09_limits
                0x200000ac       0x14 Src\servo.o
                0x200000ac                s09_limits
 .data.s10_limits
                0x200000c0       0x14 Src\servo.o
                0x200000c0                s10_limits
 .data.s11_limits
                0x200000d4       0x14 Src\servo.o
                0x200000d4                s11_limits
 .data.s12_limits
                0x200000e8       0x14 Src\servo.o
                0x200000e8                s12_limits
 .data.s13_limits
                0x200000fc       0x14 Src\servo.o
                0x200000fc                s13_limits
 .data.s16_limits
                0x20000110       0x14 Src\servo.o
                0x20000110                s16_limits
 .data.s19_limits
                0x20000124       0x14 Src\servo.o
                0x20000124                s19_limits
 .data.SystemCoreClock
                0x20000138        0x4 Src\system_stm32f4xx.o
                0x20000138                SystemCoreClock
 .data._impure_ptr
                0x2000013c        0x4 c:/program files (x86)/atollic/truestudio for stm32 9.3.0/armtools/bin/../lib/gcc/arm-atollic-eabi/6.3.1/../../../../arm-atollic-eabi/lib/armv7e-m/fpu\libc_nano.a(lib_a-impure.o)
                0x2000013c                _impure_ptr
 .data.impure_data
                0x20000140       0x60 c:/program files (x86)/atollic/truestudio for stm32 9.3.0/armtools/bin/../lib/gcc/arm-atollic-eabi/6.3.1/../../../../arm-atollic-eabi/lib/armv7e-m/fpu\libc_nano.a(lib_a-impure.o)
 .data.__global_locale
                0x200001a0      0x16c c:/program files (x86)/atollic/truestudio for stm32 9.3.0/armtools/bin/../lib/gcc/arm-atollic-eabi/6.3.1/../../../../arm-atollic-eabi/lib/armv7e-m/fpu\libc_nano.a(lib_a-locale.o)
                0x200001a0                __global_locale
 .data.__fdlib_version
                0x2000030c        0x1 c:/program files (x86)/atollic/truestudio for stm32 9.3.0/armtools/bin/../lib/gcc/arm-atollic-eabi/6.3.1/../../../../arm-atollic-eabi/lib/armv7e-m/fpu\libm.a(lib_a-s_lib_ver.o)
                0x2000030c                __fdlib_version
                0x20000310                . = ALIGN (0x4)
 *fill*         0x2000030d        0x3 
                0x20000310                _edata = .

.igot.plt       0x20000310        0x0 load address 0x0800fdb0
 .igot.plt      0x20000310        0x0 c:/program files (x86)/atollic/truestudio for stm32 9.3.0/armtools/bin/../lib/gcc/arm-atollic-eabi/6.3.1/armv7e-m/fpu/crtbegin.o
                0x20000310                . = ALIGN (0x4)

.bss            0x20000310     0x3774 load address 0x0800fdb0
                0x20000310                _sbss = .
                0x20000310                __bss_start__ = _sbss
 *(.bss)
 .bss           0x20000310       0x1c c:/program files (x86)/atollic/truestudio for stm32 9.3.0/armtools/bin/../lib/gcc/arm-atollic-eabi/6.3.1/armv7e-m/fpu/crtbegin.o
 *(.bss*)
 .bss.tim13_nb  0x2000032c        0x4 Src\robot_update.o
                0x2000032c                tim13_nb
 .bss.hserial_table
                0x20000330        0x8 Src\serial.o
                0x20000330                hserial_table
 .bss.serial_counter
                0x20000338        0x4 Src\serial.o
                0x20000338                serial_counter
 .bss.id.10349  0x2000033c        0x4 Src\serial.o
 .bss.id.10387  0x20000340        0x4 Src\serial.o
 .bss.heap_end.7010
                0x20000344        0x4 Src\syscalls.o
 .bss.__malloc_free_list
                0x20000348        0x4 c:/program files (x86)/atollic/truestudio for stm32 9.3.0/armtools/bin/../lib/gcc/arm-atollic-eabi/6.3.1/../../../../arm-atollic-eabi/lib/armv7e-m/fpu\libc_nano.a(lib_a-nano-mallocr.o)
                0x20000348                __malloc_free_list
 .bss.__malloc_sbrk_start
                0x2000034c        0x4 c:/program files (x86)/atollic/truestudio for stm32 9.3.0/armtools/bin/../lib/gcc/arm-atollic-eabi/6.3.1/../../../../arm-atollic-eabi/lib/armv7e-m/fpu\libc_nano.a(lib_a-nano-mallocr.o)
                0x2000034c                __malloc_sbrk_start
 *(COMMON)
 COMMON         0x20000350        0x4 Drivers\STM32F4xx_HAL_Driver\Src\stm32f4xx_hal.o
                0x20000350                uwTick
 COMMON         0x20000354     0x2fd0 Src\main.o
                0x20000354                hdma_uart4_rx
                0x200003b4                hdma_usart2_rx
                0x20000414                hspi2
                0x2000046c                CMD_hlinebuffer
                0x200004b4                htim8
                0x200004f4                hi2c1
                0x20000548                htim10
                0x20000588                hdma_spi2_rx
                0x200005e8                htim5
                0x20000628                htim3
                0x20000668                huart5
                0x200006a8                hadc1
                0x200006f0                hdma_usart2_tx
                0x20000750                htim13
                0x20000790                htim11
                0x200007d0                hrtc
                0x200007f0                htim1
                0x20000830                huart4
                0x20000870                htim2
                0x200008b0                huart2
                0x200008f0                hdma_uart5_rx
                0x20000950                htim14
                0x20000990                htim12
                0x200009d0                hdma_uart4_tx
                0x20000a30                hdma_uart5_tx
                0x20000a90                CMD_hserial
 *fill*         0x20003324        0x4 
 COMMON         0x20003328      0x758 Src\robot.o
                0x20003328                servo02
                0x20003360                legRR
                0x200033c8                servo01
                0x20003400                servo17
                0x20003438                legFR
                0x200034a0                servo10
                0x200034d8                servo09
                0x20003510                legFL
                0x20003578                servo11
                0x200035b0                servo16
                0x200035e8                robot
                0x200038a8                RxBuffer
                0x200038e8                legRL
                0x20003950                servo03
                0x20003988                CmdBuffer
                0x200039a0                servo12
                0x200039d8                servo07
                0x20003a10                servo08
                0x20003a48                servo18
 COMMON         0x20003a80        0x4 c:/program files (x86)/atollic/truestudio for stm32 9.3.0/armtools/bin/../lib/gcc/arm-atollic-eabi/6.3.1/../../../../arm-atollic-eabi/lib/armv7e-m/fpu\libc_nano.a(lib_a-reent.o)
                0x20003a80                errno
                0x20003a84                . = ALIGN (0x4)
                0x20003a84                _ebss = .
                0x20003a84                __bss_end__ = _ebss

._user_heap_stack
                0x20003a84      0x600 load address 0x0800fdb0
                0x20003a84                . = ALIGN (0x4)
                0x20003a84                PROVIDE (end, .)
                [!provide]                PROVIDE (_end, .)
                0x20003c84                . = (. + _Min_Heap_Size)
 *fill*         0x20003a84      0x200 
                0x20004084                . = (. + _Min_Stack_Size)
 *fill*         0x20003c84      0x400 
                0x20004084                . = ALIGN (0x4)

/DISCARD/
 libc.a(*)
 libm.a(*)
 libgcc.a(*)

.ARM.attributes
                0x00000000       0x30
 *(.ARM.attributes)
 .ARM.attributes
                0x00000000       0x22 c:/program files (x86)/atollic/truestudio for stm32 9.3.0/armtools/bin/../lib/gcc/arm-atollic-eabi/6.3.1/armv7e-m/fpu/crti.o
 .ARM.attributes
                0x00000022       0x34 c:/program files (x86)/atollic/truestudio for stm32 9.3.0/armtools/bin/../lib/gcc/arm-atollic-eabi/6.3.1/armv7e-m/fpu/crtbegin.o
 .ARM.attributes
                0x00000056       0x39 Drivers\STM32F4xx_HAL_Driver\Src\stm32f4xx_hal.o
 .ARM.attributes
                0x0000008f       0x39 Drivers\STM32F4xx_HAL_Driver\Src\stm32f4xx_hal_adc.o
 .ARM.attributes
                0x000000c8       0x39 Drivers\STM32F4xx_HAL_Driver\Src\stm32f4xx_hal_cortex.o
 .ARM.attributes
                0x00000101       0x39 Drivers\STM32F4xx_HAL_Driver\Src\stm32f4xx_hal_dma.o
 .ARM.attributes
                0x0000013a       0x39 Drivers\STM32F4xx_HAL_Driver\Src\stm32f4xx_hal_gpio.o
 .ARM.attributes
                0x00000173       0x39 Drivers\STM32F4xx_HAL_Driver\Src\stm32f4xx_hal_i2c.o
 .ARM.attributes
                0x000001ac       0x39 Drivers\STM32F4xx_HAL_Driver\Src\stm32f4xx_hal_pwr_ex.o
 .ARM.attributes
                0x000001e5       0x39 Drivers\STM32F4xx_HAL_Driver\Src\stm32f4xx_hal_rcc.o
 .ARM.attributes
                0x0000021e       0x39 Drivers\STM32F4xx_HAL_Driver\Src\stm32f4xx_hal_rcc_ex.o
 .ARM.attributes
                0x00000257       0x39 Drivers\STM32F4xx_HAL_Driver\Src\stm32f4xx_hal_rtc.o
 .ARM.attributes
                0x00000290       0x39 Drivers\STM32F4xx_HAL_Driver\Src\stm32f4xx_hal_spi.o
 .ARM.attributes
                0x000002c9       0x39 Drivers\STM32F4xx_HAL_Driver\Src\stm32f4xx_hal_tim.o
 .ARM.attributes
                0x00000302       0x39 Drivers\STM32F4xx_HAL_Driver\Src\stm32f4xx_hal_tim_ex.o
 .ARM.attributes
                0x0000033b       0x39 Drivers\STM32F4xx_HAL_Driver\Src\stm32f4xx_hal_uart.o
 .ARM.attributes
                0x00000374       0x39 Src\leg.o
 .ARM.attributes
                0x000003ad       0x39 Src\main.o
 .ARM.attributes
                0x000003e6       0x39 Src\robot.o
 .ARM.attributes
                0x0000041f       0x39 Src\robot_commands.o
 .ARM.attributes
                0x00000458       0x39 Src\robot_update.o
 .ARM.attributes
                0x00000491       0x39 Src\serial.o
 .ARM.attributes
                0x000004ca       0x39 Src\servo.o
 .ARM.attributes
                0x00000503       0x39 Src\stm32f4xx_hal_msp.o
 .ARM.attributes
                0x0000053c       0x39 Src\stm32f4xx_it.o
 .ARM.attributes
                0x00000575       0x39 Src\syscalls.o
 .ARM.attributes
                0x000005ae       0x39 Src\system_stm32f4xx.o
 .ARM.attributes
                0x000005e7       0x39 Src\tools.o
 .ARM.attributes
                0x00000620       0x21 startup\startup_stm32f446xx.o
 .ARM.attributes
                0x00000641       0x34 c:/program files (x86)/atollic/truestudio for stm32 9.3.0/armtools/bin/../lib/gcc/arm-atollic-eabi/6.3.1/../../../../arm-atollic-eabi/lib/armv7e-m/fpu\libc_nano.a(lib_a-errno.o)
 .ARM.attributes
                0x00000675       0x34 c:/program files (x86)/atollic/truestudio for stm32 9.3.0/armtools/bin/../lib/gcc/arm-atollic-eabi/6.3.1/../../../../arm-atollic-eabi/lib/armv7e-m/fpu\libc_nano.a(lib_a-impure.o)
 .ARM.attributes
                0x000006a9       0x34 c:/program files (x86)/atollic/truestudio for stm32 9.3.0/armtools/bin/../lib/gcc/arm-atollic-eabi/6.3.1/../../../../arm-atollic-eabi/lib/armv7e-m/fpu\libc_nano.a(lib_a-init.o)
 .ARM.attributes
                0x000006dd       0x34 c:/program files (x86)/atollic/truestudio for stm32 9.3.0/armtools/bin/../lib/gcc/arm-atollic-eabi/6.3.1/../../../../arm-atollic-eabi/lib/armv7e-m/fpu\libc_nano.a(lib_a-memcpy-stub.o)
 .ARM.attributes
                0x00000711       0x34 c:/program files (x86)/atollic/truestudio for stm32 9.3.0/armtools/bin/../lib/gcc/arm-atollic-eabi/6.3.1/../../../../arm-atollic-eabi/lib/armv7e-m/fpu\libc_nano.a(lib_a-memmove.o)
 .ARM.attributes
                0x00000745       0x34 c:/program files (x86)/atollic/truestudio for stm32 9.3.0/armtools/bin/../lib/gcc/arm-atollic-eabi/6.3.1/../../../../arm-atollic-eabi/lib/armv7e-m/fpu\libc_nano.a(lib_a-memset.o)
 .ARM.attributes
                0x00000779       0x34 c:/program files (x86)/atollic/truestudio for stm32 9.3.0/armtools/bin/../lib/gcc/arm-atollic-eabi/6.3.1/../../../../arm-atollic-eabi/lib/armv7e-m/fpu\libc_nano.a(lib_a-sprintf.o)
 .ARM.attributes
                0x000007ad       0x34 c:/program files (x86)/atollic/truestudio for stm32 9.3.0/armtools/bin/../lib/gcc/arm-atollic-eabi/6.3.1/../../../../arm-atollic-eabi/lib/armv7e-m/fpu\libc_nano.a(lib_a-sscanf.o)
 .ARM.attributes
                0x000007e1       0x34 c:/program files (x86)/atollic/truestudio for stm32 9.3.0/armtools/bin/../lib/gcc/arm-atollic-eabi/6.3.1/../../../../arm-atollic-eabi/lib/armv7e-m/fpu\libc_nano.a(lib_a-stdio.o)
 .ARM.attributes
                0x00000815       0x20 c:/program files (x86)/atollic/truestudio for stm32 9.3.0/armtools/bin/../lib/gcc/arm-atollic-eabi/6.3.1/../../../../arm-atollic-eabi/lib/armv7e-m/fpu\libc_nano.a(lib_a-strcmp.o)
 .ARM.attributes
                0x00000835       0x1b c:/program files (x86)/atollic/truestudio for stm32 9.3.0/armtools/bin/../lib/gcc/arm-atollic-eabi/6.3.1/../../../../arm-atollic-eabi/lib/armv7e-m/fpu\libc_nano.a(lib_a-strlen.o)
 .ARM.attributes
                0x00000850       0x34 c:/program files (x86)/atollic/truestudio for stm32 9.3.0/armtools/bin/../lib/gcc/arm-atollic-eabi/6.3.1/../../../../arm-atollic-eabi/lib/armv7e-m/fpu\libc_nano.a(lib_a-strncmp.o)
 .ARM.attributes
                0x00000884       0x34 c:/program files (x86)/atollic/truestudio for stm32 9.3.0/armtools/bin/../lib/gcc/arm-atollic-eabi/6.3.1/../../../../arm-atollic-eabi/lib/armv7e-m/fpu\libc_nano.a(lib_a-nano-svfprintf.o)
 .ARM.attributes
                0x000008b8       0x34 c:/program files (x86)/atollic/truestudio for stm32 9.3.0/armtools/bin/../lib/gcc/arm-atollic-eabi/6.3.1/../../../../arm-atollic-eabi/lib/armv7e-m/fpu\libc_nano.a(lib_a-nano-svfscanf.o)
 .ARM.attributes
                0x000008ec       0x34 c:/program files (x86)/atollic/truestudio for stm32 9.3.0/armtools/bin/../lib/gcc/arm-atollic-eabi/6.3.1/../../../../arm-atollic-eabi/lib/armv7e-m/fpu\libc_nano.a(lib_a-nano-vfprintf_i.o)
 .ARM.attributes
                0x00000920       0x34 c:/program files (x86)/atollic/truestudio for stm32 9.3.0/armtools/bin/../lib/gcc/arm-atollic-eabi/6.3.1/../../../../arm-atollic-eabi/lib/armv7e-m/fpu\libc_nano.a(lib_a-nano-vfscanf_i.o)
 .ARM.attributes
                0x00000954       0x34 c:/program files (x86)/atollic/truestudio for stm32 9.3.0/armtools/bin/../lib/gcc/arm-atollic-eabi/6.3.1/../../../../arm-atollic-eabi/lib/armv7e-m/fpu\libc_nano.a(lib_a-reent.o)
 .ARM.attributes
                0x00000988       0x34 c:/program files (x86)/atollic/truestudio for stm32 9.3.0/armtools/bin/../lib/gcc/arm-atollic-eabi/6.3.1/../../../../arm-atollic-eabi/lib/armv7e-m/fpu\libc_nano.a(lib_a-sccl.o)
 .ARM.attributes
                0x000009bc       0x34 c:/program files (x86)/atollic/truestudio for stm32 9.3.0/armtools/bin/../lib/gcc/arm-atollic-eabi/6.3.1/../../../../arm-atollic-eabi/lib/armv7e-m/fpu\libc_nano.a(lib_a-strtol.o)
 .ARM.attributes
                0x000009f0       0x34 c:/program files (x86)/atollic/truestudio for stm32 9.3.0/armtools/bin/../lib/gcc/arm-atollic-eabi/6.3.1/../../../../arm-atollic-eabi/lib/armv7e-m/fpu\libc_nano.a(lib_a-strtoul.o)
 .ARM.attributes
                0x00000a24       0x34 c:/program files (x86)/atollic/truestudio for stm32 9.3.0/armtools/bin/../lib/gcc/arm-atollic-eabi/6.3.1/../../../../arm-atollic-eabi/lib/armv7e-m/fpu\libc_nano.a(lib_a-ungetc.o)
 .ARM.attributes
                0x00000a58       0x34 c:/program files (x86)/atollic/truestudio for stm32 9.3.0/armtools/bin/../lib/gcc/arm-atollic-eabi/6.3.1/../../../../arm-atollic-eabi/lib/armv7e-m/fpu\libc_nano.a(lib_a-findfp.o)
 .ARM.attributes
                0x00000a8c       0x34 c:/program files (x86)/atollic/truestudio for stm32 9.3.0/armtools/bin/../lib/gcc/arm-atollic-eabi/6.3.1/../../../../arm-atollic-eabi/lib/armv7e-m/fpu\libc_nano.a(lib_a-locale.o)
 .ARM.attributes
                0x00000ac0       0x34 c:/program files (x86)/atollic/truestudio for stm32 9.3.0/armtools/bin/../lib/gcc/arm-atollic-eabi/6.3.1/../../../../arm-atollic-eabi/lib/armv7e-m/fpu\libc_nano.a(lib_a-mbtowc_r.o)
 .ARM.attributes
                0x00000af4       0x20 c:/program files (x86)/atollic/truestudio for stm32 9.3.0/armtools/bin/../lib/gcc/arm-atollic-eabi/6.3.1/../../../../arm-atollic-eabi/lib/armv7e-m/fpu\libc_nano.a(lib_a-memchr.o)
 .ARM.attributes
                0x00000b14       0x34 c:/program files (x86)/atollic/truestudio for stm32 9.3.0/armtools/bin/../lib/gcc/arm-atollic-eabi/6.3.1/../../../../arm-atollic-eabi/lib/armv7e-m/fpu\libc_nano.a(lib_a-nano-freer.o)
 .ARM.attributes
                0x00000b48       0x34 c:/program files (x86)/atollic/truestudio for stm32 9.3.0/armtools/bin/../lib/gcc/arm-atollic-eabi/6.3.1/../../../../arm-atollic-eabi/lib/armv7e-m/fpu\libc_nano.a(lib_a-nano-mallocr.o)
 .ARM.attributes
                0x00000b7c       0x34 c:/program files (x86)/atollic/truestudio for stm32 9.3.0/armtools/bin/../lib/gcc/arm-atollic-eabi/6.3.1/../../../../arm-atollic-eabi/lib/armv7e-m/fpu\libc_nano.a(lib_a-nano-reallocr.o)
 .ARM.attributes
                0x00000bb0       0x34 c:/program files (x86)/atollic/truestudio for stm32 9.3.0/armtools/bin/../lib/gcc/arm-atollic-eabi/6.3.1/../../../../arm-atollic-eabi/lib/armv7e-m/fpu\libc_nano.a(lib_a-sbrkr.o)
 .ARM.attributes
                0x00000be4       0x34 c:/program files (x86)/atollic/truestudio for stm32 9.3.0/armtools/bin/../lib/gcc/arm-atollic-eabi/6.3.1/../../../../arm-atollic-eabi/lib/armv7e-m/fpu\libc_nano.a(lib_a-wctomb_r.o)
 .ARM.attributes
                0x00000c18       0x34 c:/program files (x86)/atollic/truestudio for stm32 9.3.0/armtools/bin/../lib/gcc/arm-atollic-eabi/6.3.1/../../../../arm-atollic-eabi/lib/armv7e-m/fpu\libc_nano.a(lib_a-ctype_.o)
 .ARM.attributes
                0x00000c4c       0x34 c:/program files (x86)/atollic/truestudio for stm32 9.3.0/armtools/bin/../lib/gcc/arm-atollic-eabi/6.3.1/../../../../arm-atollic-eabi/lib/armv7e-m/fpu\libc_nano.a(lib_a-mlock.o)
 .ARM.attributes
                0x00000c80       0x34 c:/program files (x86)/atollic/truestudio for stm32 9.3.0/armtools/bin/../lib/gcc/arm-atollic-eabi/6.3.1/../../../../arm-atollic-eabi/lib/armv7e-m/fpu\libc_nano.a(lib_a-nano-msizer.o)
 .ARM.attributes
                0x00000cb4       0x34 c:/program files (x86)/atollic/truestudio for stm32 9.3.0/armtools/bin/../lib/gcc/arm-atollic-eabi/6.3.1/../../../../arm-atollic-eabi/lib/armv7e-m/fpu\libm.a(lib_a-s_atan.o)
 .ARM.attributes
                0x00000ce8       0x34 c:/program files (x86)/atollic/truestudio for stm32 9.3.0/armtools/bin/../lib/gcc/arm-atollic-eabi/6.3.1/../../../../arm-atollic-eabi/lib/armv7e-m/fpu\libm.a(lib_a-s_cos.o)
 .ARM.attributes
                0x00000d1c       0x34 c:/program files (x86)/atollic/truestudio for stm32 9.3.0/armtools/bin/../lib/gcc/arm-atollic-eabi/6.3.1/../../../../arm-atollic-eabi/lib/armv7e-m/fpu\libm.a(lib_a-s_fabs.o)
 .ARM.attributes
                0x00000d50       0x34 c:/program files (x86)/atollic/truestudio for stm32 9.3.0/armtools/bin/../lib/gcc/arm-atollic-eabi/6.3.1/../../../../arm-atollic-eabi/lib/armv7e-m/fpu\libm.a(lib_a-s_floor.o)
 .ARM.attributes
                0x00000d84       0x34 c:/program files (x86)/atollic/truestudio for stm32 9.3.0/armtools/bin/../lib/gcc/arm-atollic-eabi/6.3.1/../../../../arm-atollic-eabi/lib/armv7e-m/fpu\libm.a(lib_a-s_round.o)
 .ARM.attributes
                0x00000db8       0x34 c:/program files (x86)/atollic/truestudio for stm32 9.3.0/armtools/bin/../lib/gcc/arm-atollic-eabi/6.3.1/../../../../arm-atollic-eabi/lib/armv7e-m/fpu\libm.a(lib_a-s_sin.o)
 .ARM.attributes
                0x00000dec       0x34 c:/program files (x86)/atollic/truestudio for stm32 9.3.0/armtools/bin/../lib/gcc/arm-atollic-eabi/6.3.1/../../../../arm-atollic-eabi/lib/armv7e-m/fpu\libm.a(lib_a-w_acos.o)
 .ARM.attributes
                0x00000e20       0x34 c:/program files (x86)/atollic/truestudio for stm32 9.3.0/armtools/bin/../lib/gcc/arm-atollic-eabi/6.3.1/../../../../arm-atollic-eabi/lib/armv7e-m/fpu\libm.a(lib_a-w_asin.o)
 .ARM.attributes
                0x00000e54       0x34 c:/program files (x86)/atollic/truestudio for stm32 9.3.0/armtools/bin/../lib/gcc/arm-atollic-eabi/6.3.1/../../../../arm-atollic-eabi/lib/armv7e-m/fpu\libm.a(lib_a-w_sqrt.o)
 .ARM.attributes
                0x00000e88       0x34 c:/program files (x86)/atollic/truestudio for stm32 9.3.0/armtools/bin/../lib/gcc/arm-atollic-eabi/6.3.1/../../../../arm-atollic-eabi/lib/armv7e-m/fpu\libm.a(lib_a-wf_sqrt.o)
 .ARM.attributes
                0x00000ebc       0x34 c:/program files (x86)/atollic/truestudio for stm32 9.3.0/armtools/bin/../lib/gcc/arm-atollic-eabi/6.3.1/../../../../arm-atollic-eabi/lib/armv7e-m/fpu\libm.a(lib_a-e_acos.o)
 .ARM.attributes
                0x00000ef0       0x34 c:/program files (x86)/atollic/truestudio for stm32 9.3.0/armtools/bin/../lib/gcc/arm-atollic-eabi/6.3.1/../../../../arm-atollic-eabi/lib/armv7e-m/fpu\libm.a(lib_a-e_asin.o)
 .ARM.attributes
                0x00000f24       0x34 c:/program files (x86)/atollic/truestudio for stm32 9.3.0/armtools/bin/../lib/gcc/arm-atollic-eabi/6.3.1/../../../../arm-atollic-eabi/lib/armv7e-m/fpu\libm.a(lib_a-e_rem_pio2.o)
 .ARM.attributes
                0x00000f58       0x34 c:/program files (x86)/atollic/truestudio for stm32 9.3.0/armtools/bin/../lib/gcc/arm-atollic-eabi/6.3.1/../../../../arm-atollic-eabi/lib/armv7e-m/fpu\libm.a(lib_a-e_sqrt.o)
 .ARM.attributes
                0x00000f8c       0x34 c:/program files (x86)/atollic/truestudio for stm32 9.3.0/armtools/bin/../lib/gcc/arm-atollic-eabi/6.3.1/../../../../arm-atollic-eabi/lib/armv7e-m/fpu\libm.a(lib_a-ef_sqrt.o)
 .ARM.attributes
                0x00000fc0       0x34 c:/program files (x86)/atollic/truestudio for stm32 9.3.0/armtools/bin/../lib/gcc/arm-atollic-eabi/6.3.1/../../../../arm-atollic-eabi/lib/armv7e-m/fpu\libm.a(lib_a-k_cos.o)
 .ARM.attributes
                0x00000ff4       0x34 c:/program files (x86)/atollic/truestudio for stm32 9.3.0/armtools/bin/../lib/gcc/arm-atollic-eabi/6.3.1/../../../../arm-atollic-eabi/lib/armv7e-m/fpu\libm.a(lib_a-k_rem_pio2.o)
 .ARM.attributes
                0x00001028       0x34 c:/program files (x86)/atollic/truestudio for stm32 9.3.0/armtools/bin/../lib/gcc/arm-atollic-eabi/6.3.1/../../../../arm-atollic-eabi/lib/armv7e-m/fpu\libm.a(lib_a-k_sin.o)
 .ARM.attributes
                0x0000105c       0x34 c:/program files (x86)/atollic/truestudio for stm32 9.3.0/armtools/bin/../lib/gcc/arm-atollic-eabi/6.3.1/../../../../arm-atollic-eabi/lib/armv7e-m/fpu\libm.a(lib_a-s_lib_ver.o)
 .ARM.attributes
                0x00001090       0x34 c:/program files (x86)/atollic/truestudio for stm32 9.3.0/armtools/bin/../lib/gcc/arm-atollic-eabi/6.3.1/../../../../arm-atollic-eabi/lib/armv7e-m/fpu\libm.a(lib_a-s_matherr.o)
 .ARM.attributes
                0x000010c4       0x34 c:/program files (x86)/atollic/truestudio for stm32 9.3.0/armtools/bin/../lib/gcc/arm-atollic-eabi/6.3.1/../../../../arm-atollic-eabi/lib/armv7e-m/fpu\libm.a(lib_a-s_nan.o)
 .ARM.attributes
                0x000010f8       0x34 c:/program files (x86)/atollic/truestudio for stm32 9.3.0/armtools/bin/../lib/gcc/arm-atollic-eabi/6.3.1/../../../../arm-atollic-eabi/lib/armv7e-m/fpu\libm.a(lib_a-s_scalbn.o)
 .ARM.attributes
                0x0000112c       0x34 c:/program files (x86)/atollic/truestudio for stm32 9.3.0/armtools/bin/../lib/gcc/arm-atollic-eabi/6.3.1/../../../../arm-atollic-eabi/lib/armv7e-m/fpu\libm.a(lib_a-s_copysign.o)
 .ARM.attributes
                0x00001160       0x22 c:/program files (x86)/atollic/truestudio for stm32 9.3.0/armtools/bin/../lib/gcc/arm-atollic-eabi/6.3.1/armv7e-m/fpu\libgcc.a(_arm_addsubdf3.o)
 .ARM.attributes
                0x00001182       0x22 c:/program files (x86)/atollic/truestudio for stm32 9.3.0/armtools/bin/../lib/gcc/arm-atollic-eabi/6.3.1/armv7e-m/fpu\libgcc.a(_arm_muldivdf3.o)
 .ARM.attributes
                0x000011a4       0x22 c:/program files (x86)/atollic/truestudio for stm32 9.3.0/armtools/bin/../lib/gcc/arm-atollic-eabi/6.3.1/armv7e-m/fpu\libgcc.a(_arm_cmpdf2.o)
 .ARM.attributes
                0x000011c6       0x22 c:/program files (x86)/atollic/truestudio for stm32 9.3.0/armtools/bin/../lib/gcc/arm-atollic-eabi/6.3.1/armv7e-m/fpu\libgcc.a(_arm_unorddf2.o)
 .ARM.attributes
                0x000011e8       0x22 c:/program files (x86)/atollic/truestudio for stm32 9.3.0/armtools/bin/../lib/gcc/arm-atollic-eabi/6.3.1/armv7e-m/fpu\libgcc.a(_arm_fixdfsi.o)
 .ARM.attributes
                0x0000120a       0x22 c:/program files (x86)/atollic/truestudio for stm32 9.3.0/armtools/bin/../lib/gcc/arm-atollic-eabi/6.3.1/armv7e-m/fpu\libgcc.a(_arm_fixunsdfsi.o)
 .ARM.attributes
                0x0000122c       0x22 c:/program files (x86)/atollic/truestudio for stm32 9.3.0/armtools/bin/../lib/gcc/arm-atollic-eabi/6.3.1/armv7e-m/fpu\libgcc.a(_arm_truncdfsf2.o)
 .ARM.attributes
                0x0000124e       0x22 c:/program files (x86)/atollic/truestudio for stm32 9.3.0/armtools/bin/../lib/gcc/arm-atollic-eabi/6.3.1/armv7e-m/fpu\libgcc.a(_aeabi_uldivmod.o)
 .ARM.attributes
                0x00001270       0x34 c:/program files (x86)/atollic/truestudio for stm32 9.3.0/armtools/bin/../lib/gcc/arm-atollic-eabi/6.3.1/armv7e-m/fpu\libgcc.a(_udivmoddi4.o)
 .ARM.attributes
                0x000012a4       0x22 c:/program files (x86)/atollic/truestudio for stm32 9.3.0/armtools/bin/../lib/gcc/arm-atollic-eabi/6.3.1/armv7e-m/fpu\libgcc.a(_dvmd_tls.o)
 .ARM.attributes
                0x000012c6       0x22 c:/program files (x86)/atollic/truestudio for stm32 9.3.0/armtools/bin/../lib/gcc/arm-atollic-eabi/6.3.1/armv7e-m/fpu/crtn.o
OUTPUT(RM_stm32sw_v6.elf elf32-littlearm)

.debug_info     0x00000000    0x1ec07
 .debug_info    0x00000000      0x996 Drivers\STM32F4xx_HAL_Driver\Src\stm32f4xx_hal.o
 .debug_info    0x00000996      0xceb Drivers\STM32F4xx_HAL_Driver\Src\stm32f4xx_hal_adc.o