Archive member included to satisfy reference by file (symbol)

c:/program files (x86)/atollic/truestudio for stm32 9.3.0/armtools/bin/../lib/gcc/arm-atollic-eabi/6.3.1/../../../../arm-atollic-eabi/lib/armv7e-m/fpu\libc_nano.a(lib_a-errno.o)
                              Src\syscalls.o (__errno)
c:/program files (x86)/atollic/truestudio for stm32 9.3.0/armtools/bin/../lib/gcc/arm-atollic-eabi/6.3.1/../../../../arm-atollic-eabi/lib/armv7e-m/fpu\libc_nano.a(lib_a-impure.o)
                              c:/program files (x86)/atollic/truestudio for stm32 9.3.0/armtools/bin/../lib/gcc/arm-atollic-eabi/6.3.1/../../../../arm-atollic-eabi/lib/armv7e-m/fpu\libc_nano.a(lib_a-errno.o) (_impure_ptr)
c:/program files (x86)/atollic/truestudio for stm32 9.3.0/armtools/bin/../lib/gcc/arm-atollic-eabi/6.3.1/../../../../arm-atollic-eabi/lib/armv7e-m/fpu\libc_nano.a(lib_a-init.o)
                              startup\startup_stm32f446xx.o (__libc_init_array)
c:/program files (x86)/atollic/truestudio for stm32 9.3.0/armtools/bin/../lib/gcc/arm-atollic-eabi/6.3.1/../../../../arm-atollic-eabi/lib/armv7e-m/fpu\libc_nano.a(lib_a-memcpy-stub.o)
                              Src\serial.o (memcpy)
c:/program files (x86)/atollic/truestudio for stm32 9.3.0/armtools/bin/../lib/gcc/arm-atollic-eabi/6.3.1/../../../../arm-atollic-eabi/lib/armv7e-m/fpu\libc_nano.a(lib_a-memmove.o)
                              Src\serial.o (memmove)
c:/program files (x86)/atollic/truestudio for stm32 9.3.0/armtools/bin/../lib/gcc/arm-atollic-eabi/6.3.1/../../../../arm-atollic-eabi/lib/armv7e-m/fpu\libc_nano.a(lib_a-memset.o)
                              Src\main.o (memset)
c:/program files (x86)/atollic/truestudio for stm32 9.3.0/armtools/bin/../lib/gcc/arm-atollic-eabi/6.3.1/../../../../arm-atollic-eabi/lib/armv7e-m/fpu\libc_nano.a(lib_a-sprintf.o)
                              Src\main.o (sprintf)
c:/program files (x86)/atollic/truestudio for stm32 9.3.0/armtools/bin/../lib/gcc/arm-atollic-eabi/6.3.1/../../../../arm-atollic-eabi/lib/armv7e-m/fpu\libc_nano.a(lib_a-sscanf.o)
                              Src\robot.o (sscanf)
c:/program files (x86)/atollic/truestudio for stm32 9.3.0/armtools/bin/../lib/gcc/arm-atollic-eabi/6.3.1/../../../../arm-atollic-eabi/lib/armv7e-m/fpu\libc_nano.a(lib_a-stdio.o)
                              c:/program files (x86)/atollic/truestudio for stm32 9.3.0/armtools/bin/../lib/gcc/arm-atollic-eabi/6.3.1/../../../../arm-atollic-eabi/lib/armv7e-m/fpu\libc_nano.a(lib_a-sscanf.o) (__seofread)
c:/program files (x86)/atollic/truestudio for stm32 9.3.0/armtools/bin/../lib/gcc/arm-atollic-eabi/6.3.1/../../../../arm-atollic-eabi/lib/armv7e-m/fpu\libc_nano.a(lib_a-strcmp.o)
                              Src\robot.o (strcmp)
c:/program files (x86)/atollic/truestudio for stm32 9.3.0/armtools/bin/../lib/gcc/arm-atollic-eabi/6.3.1/../../../../arm-atollic-eabi/lib/armv7e-m/fpu\libc_nano.a(lib_a-strlen.o)
                              c:/program files (x86)/atollic/truestudio for stm32 9.3.0/armtools/bin/../lib/gcc/arm-atollic-eabi/6.3.1/../../../../arm-atollic-eabi/lib/armv7e-m/fpu\libc_nano.a(lib_a-sscanf.o) (strlen)
c:/program files (x86)/atollic/truestudio for stm32 9.3.0/armtools/bin/../lib/gcc/arm-atollic-eabi/6.3.1/../../../../arm-atollic-eabi/lib/armv7e-m/fpu\libc_nano.a(lib_a-strncmp.o)
                              Src\robot.o (strncmp)
c:/program files (x86)/atollic/truestudio for stm32 9.3.0/armtools/bin/../lib/gcc/arm-atollic-eabi/6.3.1/../../../../arm-atollic-eabi/lib/armv7e-m/fpu\libc_nano.a(lib_a-writer.o)
                              c:/program files (x86)/atollic/truestudio for stm32 9.3.0/armtools/bin/../lib/gcc/arm-atollic-eabi/6.3.1/../../../../arm-atollic-eabi/lib/armv7e-m/fpu\libc_nano.a(lib_a-stdio.o) (_write_r)
c:/program files (x86)/atollic/truestudio for stm32 9.3.0/armtools/bin/../lib/gcc/arm-atollic-eabi/6.3.1/../../../../arm-atollic-eabi/lib/armv7e-m/fpu\libc_nano.a(lib_a-closer.o)
                              c:/program files (x86)/atollic/truestudio for stm32 9.3.0/armtools/bin/../lib/gcc/arm-atollic-eabi/6.3.1/../../../../arm-atollic-eabi/lib/armv7e-m/fpu\libc_nano.a(lib_a-stdio.o) (_close_r)
c:/program files (x86)/atollic/truestudio for stm32 9.3.0/armtools/bin/../lib/gcc/arm-atollic-eabi/6.3.1/../../../../arm-atollic-eabi/lib/armv7e-m/fpu\libc_nano.a(lib_a-lseekr.o)
                              c:/program files (x86)/atollic/truestudio for stm32 9.3.0/armtools/bin/../lib/gcc/arm-atollic-eabi/6.3.1/../../../../arm-atollic-eabi/lib/armv7e-m/fpu\libc_nano.a(lib_a-stdio.o) (_lseek_r)
c:/program files (x86)/atollic/truestudio for stm32 9.3.0/armtools/bin/../lib/gcc/arm-atollic-eabi/6.3.1/../../../../arm-atollic-eabi/lib/armv7e-m/fpu\libc_nano.a(lib_a-nano-svfprintf.o)
                              c:/program files (x86)/atollic/truestudio for stm32 9.3.0/armtools/bin/../lib/gcc/arm-atollic-eabi/6.3.1/../../../../arm-atollic-eabi/lib/armv7e-m/fpu\libc_nano.a(lib_a-sprintf.o) (_svfprintf_r)
[...]
Memory Configuration

Name             Origin             Length             Attributes
RAM              0x20000000         0x00020000         xrw
FLASH            0x08000000         0x00080000         xr
*default*        0x00000000         0xffffffff

Linker script and memory map

LOAD c:/program files (x86)/atollic/truestudio for stm32 9.3.0/armtools/bin/../lib/gcc/arm-atollic-eabi/6.3.1/armv7e-m/fpu/crti.o
LOAD c:/program files (x86)/atollic/truestudio for stm32 9.3.0/armtools/bin/../lib/gcc/arm-atollic-eabi/6.3.1/armv7e-m/fpu/crtbegin.o
LOAD Drivers\STM32F4xx_HAL_Driver\Src\stm32f4xx_hal.o
LOAD Drivers\STM32F4xx_HAL_Driver\Src\stm32f4xx_hal_adc.o
LOAD Drivers\STM32F4xx_HAL_Driver\Src\stm32f4xx_hal_adc_ex.o
LOAD Drivers\STM32F4xx_HAL_Driver\Src\stm32f4xx_hal_cortex.o
LOAD Drivers\STM32F4xx_HAL_Driver\Src\stm32f4xx_hal_dma.o
LOAD Drivers\STM32F4xx_HAL_Driver\Src\stm32f4xx_hal_dma_ex.o
LOAD Drivers\STM32F4xx_HAL_Driver\Src\stm32f4xx_hal_exti.o
LOAD Drivers\STM32F4xx_HAL_Driver\Src\stm32f4xx_hal_flash.o
LOAD Drivers\STM32F4xx_HAL_Driver\Src\stm32f4xx_hal_flash_ex.o
LOAD Drivers\STM32F4xx_HAL_Driver\Src\stm32f4xx_hal_flash_ramfunc.o
LOAD Drivers\STM32F4xx_HAL_Driver\Src\stm32f4xx_hal_gpio.o
LOAD Drivers\STM32F4xx_HAL_Driver\Src\stm32f4xx_hal_i2c.o
LOAD Drivers\STM32F4xx_HAL_Driver\Src\stm32f4xx_hal_i2c_ex.o
LOAD Drivers\STM32F4xx_HAL_Driver\Src\stm32f4xx_hal_pwr.o
LOAD Drivers\STM32F4xx_HAL_Driver\Src\stm32f4xx_hal_pwr_ex.o
LOAD Drivers\STM32F4xx_HAL_Driver\Src\stm32f4xx_hal_rcc.o
LOAD Drivers\STM32F4xx_HAL_Driver\Src\stm32f4xx_hal_rcc_ex.o
LOAD Drivers\STM32F4xx_HAL_Driver\Src\stm32f4xx_hal_rtc.o
LOAD Drivers\STM32F4xx_HAL_Driver\Src\stm32f4xx_hal_rtc_ex.o
LOAD Drivers\STM32F4xx_HAL_Driver\Src\stm32f4xx_hal_spi.o
LOAD Drivers\STM32F4xx_HAL_Driver\Src\stm32f4xx_hal_tim.o
LOAD Drivers\STM32F4xx_HAL_Driver\Src\stm32f4xx_hal_tim_ex.o
LOAD Drivers\STM32F4xx_HAL_Driver\Src\stm32f4xx_hal_uart.o
LOAD Src\leg.o
LOAD Src\main.o
LOAD Src\robot.o
LOAD Src\serial.o
LOAD Src\servo.o
LOAD Src\stm32f4xx_hal_msp.o
LOAD Src\stm32f4xx_it.o
LOAD Src\syscalls.o
LOAD Src\system_stm32f4xx.o
LOAD Src\tools.o
LOAD startup\startup_stm32f446xx.o
                0x00000080                malloc_getpagesize_P = 0x80
START GROUP
LOAD c:/program files (x86)/atollic/truestudio for stm32 9.3.0/armtools/bin/../lib/gcc/arm-atollic-eabi/6.3.1/../../../../arm-atollic-eabi/lib/armv7e-m/fpu\libc_nano.a
LOAD c:/program files (x86)/atollic/truestudio for stm32 9.3.0/armtools/bin/../lib/gcc/arm-atollic-eabi/6.3.1/../../../../arm-atollic-eabi/lib/armv7e-m/fpu\libm.a
END GROUP
START GROUP
LOAD c:/program files (x86)/atollic/truestudio for stm32 9.3.0/armtools/bin/../lib/gcc/arm-atollic-eabi/6.3.1/armv7e-m/fpu\libgcc.a
LOAD c:/program files (x86)/atollic/truestudio for stm32 9.3.0/armtools/bin/../lib/gcc/arm-atollic-eabi/6.3.1/../../../../arm-atollic-eabi/lib/armv7e-m/fpu\libc_nano.a
END GROUP
START GROUP
LOAD c:/program files (x86)/atollic/truestudio for stm32 9.3.0/armtools/bin/../lib/gcc/arm-atollic-eabi/6.3.1/armv7e-m/fpu\libgcc.a
LOAD c:/program files (x86)/atollic/truestudio for stm32 9.3.0/armtools/bin/../lib/gcc/arm-atollic-eabi/6.3.1/../../../../arm-atollic-eabi/lib/armv7e-m/fpu\libc_nano.a
LOAD c:/program files (x86)/atollic/truestudio for stm32 9.3.0/armtools/bin/../lib/gcc/arm-atollic-eabi/6.3.1/../../../../arm-atollic-eabi/lib/armv7e-m/fpu\libnosys.a
END GROUP
START GROUP
LOAD c:/program files (x86)/atollic/truestudio for stm32 9.3.0/armtools/bin/../lib/gcc/arm-atollic-eabi/6.3.1/armv7e-m/fpu\libgcc.a
LOAD c:/program files (x86)/atollic/truestudio for stm32 9.3.0/armtools/bin/../lib/gcc/arm-atollic-eabi/6.3.1/../../../../arm-atollic-eabi/lib/armv7e-m/fpu\libc_nano.a
LOAD c:/program files (x86)/atollic/truestudio for stm32 9.3.0/armtools/bin/../lib/gcc/arm-atollic-eabi/6.3.1/../../../../arm-atollic-eabi/lib/armv7e-m/fpu\libnosys.a
END GROUP
LOAD c:/program files (x86)/atollic/truestudio for stm32 9.3.0/armtools/bin/../lib/gcc/arm-atollic-eabi/6.3.1/armv7e-m/fpu/crtend.o
LOAD c:/program files (x86)/atollic/truestudio for stm32 9.3.0/armtools/bin/../lib/gcc/arm-atollic-eabi/6.3.1/armv7e-m/fpu/crtn.o
                0x20020000                _estack = 0x20020000
                0x00000200                _Min_Heap_Size = 0x200
                0x00000400                _Min_Stack_Size = 0x400

.isr_vector     0x08000000      0x1c4
                0x08000000                . = ALIGN (0x4)
 *(.isr_vector)
 .isr_vector    0x08000000      0x1c4 startup\startup_stm32f446xx.o
                0x08000000                g_pfnVectors
                0x080001c4                . = ALIGN (0x4)

.text           0x080001d0     0x72c8
                0x080001d0                . = ALIGN (0x4)
 *(.text)
 .text          0x080001d0       0x40 c:/program files (x86)/atollic/truestudio for stm32 9.3.0/armtools/bin/../lib/gcc/arm-atollic-eabi/6.3.1/armv7e-m/fpu/crtbegin.o
 .text          0x08000210       0x14 c:/program files (x86)/atollic/truestudio for stm32 9.3.0/armtools/bin/../lib/gcc/arm-atollic-eabi/6.3.1/../../../../arm-atollic-eabi/lib/armv7e-m/fpu\libc_nano.a(lib_a-strcmp.o)
                0x08000210                strcmp
 .text          0x08000224       0x10 c:/program files (x86)/atollic/truestudio for stm32 9.3.0/armtools/bin/../lib/gcc/arm-atollic-eabi/6.3.1/../../../../arm-atollic-eabi/lib/armv7e-m/fpu\libc_nano.a(lib_a-strlen.o)
                0x08000224                strlen
 *fill*         0x08000234        0xc 
 .text          0x08000240       0xa0 c:/program files (x86)/atollic/truestudio for stm32 9.3.0/armtools/bin/../lib/gcc/arm-atollic-eabi/6.3.1/../../../../arm-atollic-eabi/lib/armv7e-m/fpu\libc_nano.a(lib_a-memchr.o)
                0x08000240                memchr
 .text          0x080002e0      0x370 c:/program files (x86)/atollic/truestudio for stm32 9.3.0/armtools/bin/../lib/gcc/arm-atollic-eabi/6.3.1/armv7e-m/fpu\libgcc.a(_arm_addsubdf3.o)
                0x080002e0                __aeabi_drsub
                0x080002e8                __aeabi_dsub
                0x080002e8                __subdf3
                0x080002ec                __aeabi_dadd
                0x080002ec                __adddf3
                0x08000564                __floatunsidf
                0x08000564                __aeabi_ui2d
                0x08000584                __floatsidf
                0x08000584                __aeabi_i2d
                0x080005a8                __aeabi_f2d
                0x080005a8                __extendsfdf2
                0x080005e4                __floatundidf
                0x080005e4                __aeabi_ul2d
                0x080005f4                __floatdidf
                0x080005f4                __aeabi_l2d
 .text          0x08000650      0x424 c:/program files (x86)/atollic/truestudio for stm32 9.3.0/armtools/bin/../lib/gcc/arm-atollic-eabi/6.3.1/armv7e-m/fpu\libgcc.a(_arm_muldivdf3.o)
                0x08000650                __aeabi_dmul
                0x08000650                __muldf3
                0x080008a4                __divdf3
                0x080008a4                __aeabi_ddiv
 .text          0x08000a74      0x110 c:/program files (x86)/atollic/truestudio for stm32 9.3.0/armtools/bin/../lib/gcc/arm-atollic-eabi/6.3.1/armv7e-m/fpu\libgcc.a(_arm_cmpdf2.o)
                0x08000a74                __gtdf2
                0x08000a74                __gedf2
                0x08000a7c                __ltdf2
                0x08000a7c                __ledf2
                0x08000a84                __nedf2
                0x08000a84                __eqdf2
                0x08000a84                __cmpdf2
                0x08000b00                __aeabi_cdrcmple
                0x08000b10                __aeabi_cdcmpeq
                0x08000b10                __aeabi_cdcmple
                0x08000b20                __aeabi_dcmpeq
                0x08000b34                __aeabi_dcmplt
                0x08000b48                __aeabi_dcmple
                0x08000b5c                __aeabi_dcmpge
                0x08000b70                __aeabi_dcmpgt
 .text          0x08000b84       0x2c c:/program files (x86)/atollic/truestudio for stm32 9.3.0/armtools/bin/../lib/gcc/arm-atollic-eabi/6.3.1/armv7e-m/fpu\libgcc.a(_arm_unorddf2.o)
                0x08000b84                __unorddf2
                0x08000b84                __aeabi_dcmpun
 .text          0x08000bb0       0x50 c:/program files (x86)/atollic/truestudio for stm32 9.3.0/armtools/bin/../lib/gcc/arm-atollic-eabi/6.3.1/armv7e-m/fpu\libgcc.a(_arm_fixdfsi.o)
                0x08000bb0                __aeabi_d2iz
                0x08000bb0                __fixdfsi
 .text          0x08000c00       0xa0 c:/program files (x86)/atollic/truestudio for stm32 9.3.0/armtools/bin/../lib/gcc/arm-atollic-eabi/6.3.1/armv7e-m/fpu\libgcc.a(_arm_truncdfsf2.o)
                0x08000c00                __truncdfsf2
                0x08000c00                __aeabi_d2f
 .text          0x08000ca0       0x30 c:/program files (x86)/atollic/truestudio for stm32 9.3.0/armtools/bin/../lib/gcc/arm-atollic-eabi/6.3.1/armv7e-m/fpu\libgcc.a(_aeabi_uldivmod.o)
                0x08000ca0                __aeabi_uldivmod
 .text          0x08000cd0      0x2dc c:/program files (x86)/atollic/truestudio for stm32 9.3.0/armtools/bin/../lib/gcc/arm-atollic-eabi/6.3.1/armv7e-m/fpu\libgcc.a(_udivmoddi4.o)
                0x08000cd0                __udivmoddi4
 .text          0x08000fac        0x4 c:/program files (x86)/atollic/truestudio for stm32 9.3.0/armtools/bin/../lib/gcc/arm-atollic-eabi/6.3.1/armv7e-m/fpu\libgcc.a(_dvmd_tls.o)
                0x08000fac                __aeabi_idiv0
                0x08000fac                __aeabi_ldiv0
 *(.text*)
 .text.HAL_InitTick
                0x08000fb0       0x48 Drivers\STM32F4xx_HAL_Driver\Src\stm32f4xx_hal.o
                0x08000fb0                HAL_InitTick
 .text.HAL_Init
                0x08000ff8       0x34 Drivers\STM32F4xx_HAL_Driver\Src\stm32f4xx_hal.o
                0x08000ff8                HAL_Init
 .text.HAL_IncTick
                0x0800102c       0x18 Drivers\STM32F4xx_HAL_Driver\Src\stm32f4xx_hal.o
                0x0800102c                HAL_IncTick
 .text.HAL_GetTick
                0x08001044        0xc Drivers\STM32F4xx_HAL_Driver\Src\stm32f4xx_hal.o
                0x08001044                HAL_GetTick
 .text.HAL_Delay
                0x08001050       0x28 Drivers\STM32F4xx_HAL_Driver\Src\stm32f4xx_hal.o
                0x08001050                HAL_Delay
 .text.HAL_ADC_Init
                0x08001078      0x14c Drivers\STM32F4xx_HAL_Driver\Src\stm32f4xx_hal_adc.o
                0x08001078                HAL_ADC_Init
 .text.HAL_ADC_ConfigChannel
                0x080011c4      0x144 Drivers\STM32F4xx_HAL_Driver\Src\stm32f4xx_hal_adc.o
                0x080011c4                HAL_ADC_ConfigChannel
 .text.HAL_NVIC_SetPriorityGrouping
                0x08001308       0x24 Drivers\STM32F4xx_HAL_Driver\Src\stm32f4xx_hal_cortex.o
                0x08001308                HAL_NVIC_SetPriorityGrouping
 .text.HAL_NVIC_SetPriority
                0x0800132c       0x68 Drivers\STM32F4xx_HAL_Driver\Src\stm32f4xx_hal_cortex.o
                0x0800132c                HAL_NVIC_SetPriority
 .text.HAL_NVIC_EnableIRQ
                0x08001394       0x1c Drivers\STM32F4xx_HAL_Driver\Src\stm32f4xx_hal_cortex.o
                0x08001394                HAL_NVIC_EnableIRQ
 .text.HAL_SYSTICK_Config
                0x080013b0       0x2c Drivers\STM32F4xx_HAL_Driver\Src\stm32f4xx_hal_cortex.o
                0x080013b0                HAL_SYSTICK_Config
 .text.DMA_CalcBaseAndBitshift
                0x080013dc       0x2c Drivers\STM32F4xx_HAL_Driver\Src\stm32f4xx_hal_dma.o
 .text.HAL_DMA_Init
                0x08001408       0xfc Drivers\STM32F4xx_HAL_Driver\Src\stm32f4xx_hal_dma.o
                0x08001408                HAL_DMA_Init
 .text.HAL_DMA_Start_IT
                0x08001504       0x74 Drivers\STM32F4xx_HAL_Driver\Src\stm32f4xx_hal_dma.o
                0x08001504                HAL_DMA_Start_IT
 .text.HAL_DMA_Abort_IT
                0x08001578       0x24 Drivers\STM32F4xx_HAL_Driver\Src\stm32f4xx_hal_dma.o
                0x08001578                HAL_DMA_Abort_IT
 .text.HAL_DMA_IRQHandler
                0x0800159c      0x174 Drivers\STM32F4xx_HAL_Driver\Src\stm32f4xx_hal_dma.o
                0x0800159c                HAL_DMA_IRQHandler
 .text.HAL_GPIO_Init
                0x08001710      0x1b4 Drivers\STM32F4xx_HAL_Driver\Src\stm32f4xx_hal_gpio.o
                0x08001710                HAL_GPIO_Init
 .text.HAL_GPIO_ReadPin
                0x080018c4        0xc Drivers\STM32F4xx_HAL_Driver\Src\stm32f4xx_hal_gpio.o
                0x080018c4                HAL_GPIO_ReadPin
 .text.HAL_GPIO_WritePin
                0x080018d0        0xa Drivers\STM32F4xx_HAL_Driver\Src\stm32f4xx_hal_gpio.o
                0x080018d0                HAL_GPIO_WritePin
 .text.HAL_GPIO_TogglePin
                0x080018da        0xe Drivers\STM32F4xx_HAL_Driver\Src\stm32f4xx_hal_gpio.o
                0x080018da                HAL_GPIO_TogglePin
 .text.HAL_I2C_Init
                0x080018e8      0x158 Drivers\STM32F4xx_HAL_Driver\Src\stm32f4xx_hal_i2c.o
                0x080018e8                HAL_I2C_Init
 .text.HAL_PWREx_EnableOverDrive
                0x08001a40       0x78 Drivers\STM32F4xx_HAL_Driver\Src\stm32f4xx_hal_pwr_ex.o
                0x08001a40                HAL_PWREx_EnableOverDrive
 .text.HAL_RCC_ClockConfig
                0x08001ab8      0x138 Drivers\STM32F4xx_HAL_Driver\Src\stm32f4xx_hal_rcc.o
                0x08001ab8                HAL_RCC_ClockConfig
 .text.HAL_RCC_GetPCLK1Freq
                0x08001bf0       0x20 Drivers\STM32F4xx_HAL_Driver\Src\stm32f4xx_hal_rcc.o
                0x08001bf0                HAL_RCC_GetPCLK1Freq
 .text.HAL_RCC_GetPCLK2Freq
                0x08001c10       0x20 Drivers\STM32F4xx_HAL_Driver\Src\stm32f4xx_hal_rcc.o
                0x08001c10                HAL_RCC_GetPCLK2Freq
 .text.HAL_RCCEx_PeriphCLKConfig
                0x08001c30      0x410 Drivers\STM32F4xx_HAL_Driver\Src\stm32f4xx_hal_rcc_ex.o
                0x08001c30                HAL_RCCEx_PeriphCLKConfig
 .text.HAL_RCC_GetSysClockFreq
                0x08002040       0x90 Drivers\STM32F4xx_HAL_Driver\Src\stm32f4xx_hal_rcc_ex.o
                0x08002040                HAL_RCC_GetSysClockFreq
 .text.HAL_RCC_OscConfig
                0x080020d0      0x334 Drivers\STM32F4xx_HAL_Driver\Src\stm32f4xx_hal_rcc_ex.o
                0x080020d0                HAL_RCC_OscConfig
 .text.HAL_RTC_WaitForSynchro
                0x08002404       0x30 Drivers\STM32F4xx_HAL_Driver\Src\stm32f4xx_hal_rtc.o
                0x08002404                HAL_RTC_WaitForSynchro
 .text.RTC_EnterInitMode
                0x08002434       0x34 Drivers\STM32F4xx_HAL_Driver\Src\stm32f4xx_hal_rtc.o
                0x08002434                RTC_EnterInitMode
 .text.HAL_RTC_Init
                0x08002468       0x9c Drivers\STM32F4xx_HAL_Driver\Src\stm32f4xx_hal_rtc.o
                0x08002468                HAL_RTC_Init
 .text.HAL_SPI_Init
                0x08002504       0x7a Drivers\STM32F4xx_HAL_Driver\Src\stm32f4xx_hal_spi.o
                0x08002504                HAL_SPI_Init
 *fill*         0x0800257e        0x2 
 .text.TIM_OC1_SetConfig
                0x08002580       0x64 Drivers\STM32F4xx_HAL_Driver\Src\stm32f4xx_hal_tim.o
 .text.TIM_OC3_SetConfig
                0x080025e4       0x6c Drivers\STM32F4xx_HAL_Driver\Src\stm32f4xx_hal_tim.o
 .text.TIM_OC4_SetConfig
                0x08002650       0x4c Drivers\STM32F4xx_HAL_Driver\Src\stm32f4xx_hal_tim.o
 .text.HAL_TIM_Base_Start_IT
                0x0800269c       0x20 Drivers\STM32F4xx_HAL_Driver\Src\stm32f4xx_hal_tim.o
                0x0800269c                HAL_TIM_Base_Start_IT
 .text.HAL_TIM_OC_DelayElapsedCallback
                0x080026bc        0x2 Drivers\STM32F4xx_HAL_Driver\Src\stm32f4xx_hal_tim.o
                0x080026bc                HAL_TIM_OC_DelayElapsedCallback
 .text.HAL_TIM_IC_CaptureCallback
                0x080026be        0x2 Drivers\STM32F4xx_HAL_Driver\Src\stm32f4xx_hal_tim.o
                0x080026be                HAL_TIM_IC_CaptureCallback
 .text.HAL_TIM_PWM_PulseFinishedCallback
                0x080026c0        0x2 Drivers\STM32F4xx_HAL_Driver\Src\stm32f4xx_hal_tim.o
                0x080026c0                HAL_TIM_PWM_PulseFinishedCallback
 .text.HAL_TIM_TriggerCallback
                0x080026c2        0x2 Drivers\STM32F4xx_HAL_Driver\Src\stm32f4xx_hal_tim.o
                0x080026c2                HAL_TIM_TriggerCallback
 .text.HAL_TIM_IRQHandler
                0x080026c4      0x144 Drivers\STM32F4xx_HAL_Driver\Src\stm32f4xx_hal_tim.o
                0x080026c4                HAL_TIM_IRQHandler
 .text.TIM_Base_SetConfig
                0x08002808       0xcc Drivers\STM32F4xx_HAL_Driver\Src\stm32f4xx_hal_tim.o
                0x08002808                TIM_Base_SetConfig
 .text.HAL_TIM_Base_Init
                0x080028d4       0x34 Drivers\STM32F4xx_HAL_Driver\Src\stm32f4xx_hal_tim.o
                0x080028d4                HAL_TIM_Base_Init
 .text.HAL_TIM_PWM_Init
                0x08002908       0x34 Drivers\STM32F4xx_HAL_Driver\Src\stm32f4xx_hal_tim.o
                0x08002908                HAL_TIM_PWM_Init
 .text.TIM_OC2_SetConfig
                0x0800293c       0x6c Drivers\STM32F4xx_HAL_Driver\Src\stm32f4xx_hal_tim.o
                0x0800293c                TIM_OC2_SetConfig
 .text.HAL_TIM_PWM_ConfigChannel
                0x080029a8       0xc4 Drivers\STM32F4xx_HAL_Driver\Src\stm32f4xx_hal_tim.o
                0x080029a8                HAL_TIM_PWM_ConfigChannel
 .text.TIM_ETR_SetConfig
                0x08002a6c       0x14 Drivers\STM32F4xx_HAL_Driver\Src\stm32f4xx_hal_tim.o
                0x08002a6c                TIM_ETR_SetConfig
 .text.HAL_TIM_ConfigClockSource
                0x08002a80      0x128 Drivers\STM32F4xx_HAL_Driver\Src\stm32f4xx_hal_tim.o
                0x08002a80                HAL_TIM_ConfigClockSource
 .text.TIM_CCxChannelCmd
                0x08002ba8       0x1c Drivers\STM32F4xx_HAL_Driver\Src\stm32f4xx_hal_tim.o
                0x08002ba8                TIM_CCxChannelCmd
 .text.HAL_TIM_PWM_Start
                0x08002bc4       0x40 Drivers\STM32F4xx_HAL_Driver\Src\stm32f4xx_hal_tim.o
                0x08002bc4                HAL_TIM_PWM_Start
 .text.HAL_TIM_PWM_Stop
                0x08002c04       0x64 Drivers\STM32F4xx_HAL_Driver\Src\stm32f4xx_hal_tim.o
                0x08002c04                HAL_TIM_PWM_Stop
 .text.HAL_TIMEx_MasterConfigSynchronization
                0x08002c68       0x84 Drivers\STM32F4xx_HAL_Driver\Src\stm32f4xx_hal_tim_ex.o
                0x08002c68                HAL_TIMEx_MasterConfigSynchronization
 .text.HAL_TIMEx_ConfigBreakDeadTime
                0x08002cec       0x4c Drivers\STM32F4xx_HAL_Driver\Src\stm32f4xx_hal_tim_ex.o
                0x08002cec                HAL_TIMEx_ConfigBreakDeadTime
 .text.HAL_TIMEx_CommutCallback
                0x08002d38        0x2 Drivers\STM32F4xx_HAL_Driver\Src\stm32f4xx_hal_tim_ex.o
                0x08002d38                HAL_TIMEx_CommutCallback
 .text.HAL_TIMEx_BreakCallback
                0x08002d3a        0x2 Drivers\STM32F4xx_HAL_Driver\Src\stm32f4xx_hal_tim_ex.o
                0x08002d3a                HAL_TIMEx_BreakCallback
 .text.UART_EndRxTransfer
                0x08002d3c       0x1a Drivers\STM32F4xx_HAL_Driver\Src\stm32f4xx_hal_uart.o
 *fill*         0x08002d56        0x2 
 .text.UART_SetConfig
                0x08002d58       0xdc Drivers\STM32F4xx_HAL_Driver\Src\stm32f4xx_hal_uart.o
 .text.HAL_UART_Init
                0x08002e34       0x5c Drivers\STM32F4xx_HAL_Driver\Src\stm32f4xx_hal_uart.o
                0x08002e34                HAL_UART_Init
 .text.HAL_UART_Transmit_DMA
                0x08002e90       0x74 Drivers\STM32F4xx_HAL_Driver\Src\stm32f4xx_hal_uart.o
                0x08002e90                HAL_UART_Transmit_DMA
 .text.HAL_UART_Receive_DMA
                0x08002f04       0x90 Drivers\STM32F4xx_HAL_Driver\Src\stm32f4xx_hal_uart.o
                0x08002f04                HAL_UART_Receive_DMA
 .text.UART_DMATransmitCplt
                0x08002f94       0x2c Drivers\STM32F4xx_HAL_Driver\Src\stm32f4xx_hal_uart.o
 .text.HAL_UART_TxHalfCpltCallback
                0x08002fc0        0x2 Drivers\STM32F4xx_HAL_Driver\Src\stm32f4xx_hal_uart.o
                0x08002fc0                HAL_UART_TxHalfCpltCallback
 .text.UART_DMATxHalfCplt
                0x08002fc2        0xa Drivers\STM32F4xx_HAL_Driver\Src\stm32f4xx_hal_uart.o
 .text.HAL_UART_RxCpltCallback
                0x08002fcc        0x2 Drivers\STM32F4xx_HAL_Driver\Src\stm32f4xx_hal_uart.o
                0x08002fcc                HAL_UART_RxCpltCallback
 .text.UART_DMAReceiveCplt
                0x08002fce       0x38 Drivers\STM32F4xx_HAL_Driver\Src\stm32f4xx_hal_uart.o
 .text.UART_Receive_IT
                0x08003006       0x7c Drivers\STM32F4xx_HAL_Driver\Src\stm32f4xx_hal_uart.o
 .text.HAL_UART_RxHalfCpltCallback
                0x08003082        0x2 Drivers\STM32F4xx_HAL_Driver\Src\stm32f4xx_hal_uart.o
                0x08003082                HAL_UART_RxHalfCpltCallback
 .text.UART_DMARxHalfCplt
                0x08003084        0xa Drivers\STM32F4xx_HAL_Driver\Src\stm32f4xx_hal_uart.o
 .text.UART_DMAError
                0x0800308e       0x4e Drivers\STM32F4xx_HAL_Driver\Src\stm32f4xx_hal_uart.o
 .text.HAL_UART_IRQHandler
                0x080030dc      0x144 Drivers\STM32F4xx_HAL_Driver\Src\stm32f4xx_hal_uart.o
                0x080030dc                HAL_UART_IRQHandler
 .text.UART_DMAAbortOnError
                0x08003220       0x10 Drivers\STM32F4xx_HAL_Driver\Src\stm32f4xx_hal_uart.o
 .text.Leg_Init
                0x08003230       0x38 Src\leg.o
                0x08003230                Leg_Init
 .text.Leg_Start
                0x08003268       0x1a Src\leg.o
                0x08003268                Leg_Start
 .text.Leg_Stop
                0x08003282       0x1a Src\leg.o
                0x08003282                Leg_Stop
 *fill*         0x0800329c        0x4 
 .text.Leg_SetPos
                0x080032a0      0x13c Src\leg.o
                0x080032a0                Leg_SetPos
 .text.Leg_Move
                0x080033dc       0x1c Src\leg.o
                0x080033dc                Leg_Move
 .text.SystemClock_Config
                0x080033f8       0xb4 Src\main.o
                0x080033f8                SystemClock_Config
 .text.startup.main
                0x080034ac      0x954 Src\main.o
                0x080034ac                main
 .text.HAL_TIM_PeriodElapsedCallback
                0x08003e00       0x14 Src\main.o
                0x08003e00                HAL_TIM_PeriodElapsedCallback
 .text.Error_Handler
                0x08003e14        0x2 Src\main.o
                0x08003e14                Error_Handler
 *fill*         0x08003e16        0x2 
 .text.Robot_Init
                0x08003e18      0x29c Src\robot.o
                0x08003e18                Robot_Init
 .text.Robot_ServoId2Idx
                0x080040b4       0x28 Src\robot.o
                0x080040b4                Robot_ServoId2Idx
 .text.Robot_Unfold
                0x080040dc       0x1c Src\robot.o
                0x080040dc                Robot_Unfold
 .text.Robot_Fold
                0x080040f8       0x20 Src\robot.o
                0x080040f8                Robot_Fold
 .text.Robot_Update
                0x08004118      0x114 Src\robot.o
                0x08004118                Robot_Update
 .text.Robot_ReadCommand
                0x0800422c      0x194 Src\robot.o
                0x0800422c                Robot_ReadCommand
 .text.Robot_GetState
                0x080043c0       0x40 Src\robot.o
                0x080043c0                Robot_GetState
 .text.Robot_ButtonPushed
                0x08004400       0x30 Src\robot.o
                0x08004400                Robot_ButtonPushed
 .text.Robot_Autotest
                0x08004430      0x120 Src\robot.o
                0x08004430                Robot_Autotest
 .text.HAL_UART_ErrorCallback
                0x08004550       0x5c Src\serial.o
                0x08004550                HAL_UART_ErrorCallback
 .text.HAL_Serial_Init
                0x080045ac       0x48 Src\serial.o
                0x080045ac                HAL_Serial_Init
 .text.HAL_Serial_Read
                0x080045f4       0x42 Src\serial.o
                0x080045f4                HAL_Serial_Read
 .text.HAL_Serial_Write
                0x08004636       0x64 Src\serial.o
                0x08004636                HAL_Serial_Write
 *fill*         0x0800469a        0x2 
 .text.HAL_UART_TxCpltCallback
                0x0800469c       0x8c Src\serial.o
                0x0800469c                HAL_UART_TxCpltCallback
 .text.ts_itoa  0x08004728       0x34 Src\serial.o
                0x08004728                ts_itoa
 .text.ts_formatstring
                0x0800475c       0xc2 Src\serial.o
                0x0800475c                ts_formatstring
 .text.ts_formatlength
                0x0800481e       0x68 Src\serial.o
                0x0800481e                ts_formatlength
 .text.HAL_Serial_Print
                0x08004886       0x48 Src\serial.o
                0x08004886                HAL_Serial_Print
 .text.HAL_LineBuffer_Init
                0x080048ce        0x8 Src\serial.o
                0x080048ce                HAL_LineBuffer_Init
 .text.HAL_LineBuffer_Read
                0x080048d6       0x60 Src\serial.o
                0x080048d6                HAL_LineBuffer_Read
 .text.Servo_Init
                0x08004936        0xc Src\servo.o
                0x08004936                Servo_Init
 *fill*         0x08004942        0x6 
 .text.Servo_SetLimits
                0x08004948       0x48 Src\servo.o
                0x08004948                Servo_SetLimits
 .text.Servo_Start
                0x08004990        0x6 Src\servo.o
                0x08004990                Servo_Start
 .text.Servo_Stop
                0x08004996        0x6 Src\servo.o
                0x08004996                Servo_Stop
 .text.Servo_SetPulse
                0x0800499c       0x20 Src\servo.o
                0x0800499c                Servo_SetPulse
 *fill*         0x080049bc        0x4 
 .text.Servo_SetAngle
                0x080049c0       0x80 Src\servo.o
                0x080049c0                Servo_SetAngle
 .text.Servo_SetRatio
                0x08004a40       0x5c Src\servo.o
                0x08004a40                Servo_SetRatio
 .text.HAL_MspInit
                0x08004a9c       0x38 Src\stm32f4xx_hal_msp.o
                0x08004a9c                HAL_MspInit
 .text.HAL_ADC_MspInit
                0x08004ad4       0x64 Src\stm32f4xx_hal_msp.o
                0x08004ad4                HAL_ADC_MspInit
 .text.HAL_I2C_MspInit
                0x08004b38       0x70 Src\stm32f4xx_hal_msp.o
                0x08004b38                HAL_I2C_MspInit
 .text.HAL_RTC_MspInit
                0x08004ba8       0x18 Src\stm32f4xx_hal_msp.o
                0x08004ba8                HAL_RTC_MspInit
 .text.HAL_SPI_MspInit
                0x08004bc0       0xec Src\stm32f4xx_hal_msp.o
                0x08004bc0                HAL_SPI_MspInit
 .text.HAL_TIM_Base_MspInit
                0x08004cac      0x15c Src\stm32f4xx_hal_msp.o
                0x08004cac                HAL_TIM_Base_MspInit
 .text.HAL_TIM_PWM_MspInit
                0x08004e08       0x30 Src\stm32f4xx_hal_msp.o
                0x08004e08                HAL_TIM_PWM_MspInit
 .text.HAL_TIM_MspPostInit
                0x08004e38      0x22c Src\stm32f4xx_hal_msp.o
                0x08004e38                HAL_TIM_MspPostInit
 .text.HAL_UART_MspInit
                0x08005064      0x294 Src\stm32f4xx_hal_msp.o
                0x08005064                HAL_UART_MspInit
 .text.NMI_Handler
                0x080052f8        0x2 Src\stm32f4xx_it.o
                0x080052f8                NMI_Handler
 .text.HardFault_Handler
                0x080052fa        0x2 Src\stm32f4xx_it.o
                0x080052fa                HardFault_Handler
 .text.MemManage_Handler
                0x080052fc        0x2 Src\stm32f4xx_it.o
                0x080052fc                MemManage_Handler
 .text.BusFault_Handler
                0x080052fe        0x2 Src\stm32f4xx_it.o
                0x080052fe                BusFault_Handler
 .text.UsageFault_Handler
                0x08005300        0x2 Src\stm32f4xx_it.o
                0x08005300                UsageFault_Handler
 .text.SVC_Handler
                0x08005302        0x2 Src\stm32f4xx_it.o
                0x08005302                SVC_Handler
 .text.DebugMon_Handler
                0x08005304        0x2 Src\stm32f4xx_it.o
                0x08005304                DebugMon_Handler
 .text.PendSV_Handler
                0x08005306        0x2 Src\stm32f4xx_it.o
                0x08005306                PendSV_Handler
 .text.SysTick_Handler
                0x08005308        0x4 Src\stm32f4xx_it.o
                0x08005308                SysTick_Handler
 .text.DMA1_Stream0_IRQHandler
                0x0800530c        0xc Src\stm32f4xx_it.o
                0x0800530c                DMA1_Stream0_IRQHandler
 .text.DMA1_Stream2_IRQHandler
                0x08005318        0xc Src\stm32f4xx_it.o
                0x08005318                DMA1_Stream2_IRQHandler
 .text.DMA1_Stream3_IRQHandler
                0x08005324        0xc Src\stm32f4xx_it.o
                0x08005324                DMA1_Stream3_IRQHandler
 .text.DMA1_Stream4_IRQHandler
                0x08005330        0xc Src\stm32f4xx_it.o
                0x08005330                DMA1_Stream4_IRQHandler
 .text.DMA1_Stream5_IRQHandler
                0x0800533c        0xc Src\stm32f4xx_it.o
                0x0800533c                DMA1_Stream5_IRQHandler
 .text.DMA1_Stream6_IRQHandler
                0x08005348        0xc Src\stm32f4xx_it.o
                0x08005348                DMA1_Stream6_IRQHandler
 .text.TIM8_UP_TIM13_IRQHandler
                0x08005354       0x1c Src\stm32f4xx_it.o
                0x08005354                TIM8_UP_TIM13_IRQHandler
 .text.DMA1_Stream7_IRQHandler
                0x08005370        0xc Src\stm32f4xx_it.o
                0x08005370                DMA1_Stream7_IRQHandler
 .text.UART4_IRQHandler
                0x0800537c        0xc Src\stm32f4xx_it.o
                0x0800537c                UART4_IRQHandler
 .text._sbrk    0x08005388       0x34 Src\syscalls.o
                0x08005388                _sbrk
 .text.SystemInit
                0x080053bc       0x1c Src\system_stm32f4xx.o
                0x080053bc                SystemInit
 .text.LedSwitch
                0x080053d8       0x2c Src\tools.o
                0x080053d8                LedSwitch
 .text.Reset_Handler
                0x08005404       0x50 startup\startup_stm32f446xx.o
                0x08005404                Reset_Handler
 .text.Default_Handler
                0x08005454        0x2 startup\startup_stm32f446xx.o
                0x08005454                RTC_Alarm_IRQHandler
                0x08005454                EXTI2_IRQHandler
                0x08005454                TIM8_CC_IRQHandler
                0x08005454                FMPI2C1_EV_IRQHandler
                0x08005454                SPI4_IRQHandler
                0x08005454                TIM1_CC_IRQHandler
                0x08005454                DMA2_Stream5_IRQHandler
                0x08005454                PVD_IRQHandler
                0x08005454                SDIO_IRQHandler
                0x08005454                TAMP_STAMP_IRQHandler
                0x08005454                CAN2_RX1_IRQHandler
                0x08005454                EXTI3_IRQHandler
                0x08005454                TIM8_TRG_COM_TIM14_IRQHandler
                0x08005454                TIM1_UP_TIM10_IRQHandler
                0x08005454                I2C3_ER_IRQHandler
                0x08005454                EXTI0_IRQHandler
                0x08005454                I2C2_EV_IRQHandler
                0x08005454                CAN1_RX0_IRQHandler
                0x08005454                FPU_IRQHandler
                0x08005454                OTG_HS_WKUP_IRQHandler
                0x08005454                CAN2_SCE_IRQHandler
                0x08005454                DMA2_Stream2_IRQHandler
                0x08005454                SPI1_IRQHandler
                0x08005454                TIM6_DAC_IRQHandler
                0x08005454                TIM1_BRK_TIM9_IRQHandler
                0x08005454                DCMI_IRQHandler
                0x08005454                CAN2_RX0_IRQHandler
                0x08005454                DMA2_Stream3_IRQHandler
                0x08005454                SAI2_IRQHandler
                0x08005454                USART6_IRQHandler
                0x08005454                USART3_IRQHandler
                0x08005454                CAN1_RX1_IRQHandler
                0x08005454                UART5_IRQHandler
                0x08005454                DMA2_Stream0_IRQHandler
                0x08005454                TIM4_IRQHandler
                0x08005454                QUADSPI_IRQHandler
                0x08005454                I2C1_EV_IRQHandler
                0x08005454                DMA1_Stream1_IRQHandler
                0x08005454                TIM3_IRQHandler
                0x08005454                RCC_IRQHandler
                0x08005454                TIM8_BRK_TIM12_IRQHandler
                0x08005454                Default_Handler
                0x08005454                CEC_IRQHandler
                0x08005454                EXTI15_10_IRQHandler
                0x08005454                ADC_IRQHandler
                0x08005454                TIM7_IRQHandler
                0x08005454                CAN2_TX_IRQHandler
                0x08005454                TIM5_IRQHandler
                0x08005454                DMA2_Stream7_IRQHandler
                0x08005454                I2C3_EV_IRQHandler
                0x08005454                EXTI9_5_IRQHandler
                0x08005454                RTC_WKUP_IRQHandler
                0x08005454                SPDIF_RX_IRQHandler
                0x08005454                SPI2_IRQHandler
                0x08005454                OTG_HS_EP1_IN_IRQHandler
                0x08005454                CAN1_TX_IRQHandler
                0x08005454                FMPI2C1_ER_IRQHandler
                0x08005454                EXTI4_IRQHandler
                0x08005454                OTG_HS_EP1_OUT_IRQHandler
                0x08005454                WWDG_IRQHandler
                0x08005454                TIM2_IRQHandler
                0x08005454                OTG_FS_WKUP_IRQHandler
                0x08005454                TIM1_TRG_COM_TIM11_IRQHandler
                0x08005454                OTG_HS_IRQHandler
                0x08005454                EXTI1_IRQHandler
                0x08005454                USART2_IRQHandler
                0x08005454                I2C2_ER_IRQHandler
                0x08005454                DMA2_Stream1_IRQHandler
                0x08005454                CAN1_SCE_IRQHandler
                0x08005454                FLASH_IRQHandler
                0x08005454                DMA2_Stream4_IRQHandler
                0x08005454                USART1_IRQHandler
                0x08005454                OTG_FS_IRQHandler
                0x08005454                SPI3_IRQHandler
                0x08005454                I2C1_ER_IRQHandler
                0x08005454                FMC_IRQHandler
                0x08005454                DMA2_Stream6_IRQHandler
                0x08005454                SAI1_IRQHandler
 *fill*         0x08005456        0x2 
 .text.__errno  0x08005458        0xc c:/program files (x86)/atollic/truestudio for stm32 9.3.0/armtools/bin/../lib/gcc/arm-atollic-eabi/6.3.1/../../../../arm-atollic-eabi/lib/armv7e-m/fpu\libc_nano.a(lib_a-errno.o)
                0x08005458                __errno
 .text.__libc_init_array
                0x08005464       0x48 c:/program files (x86)/atollic/truestudio for stm32 9.3.0/armtools/bin/../lib/gcc/arm-atollic-eabi/6.3.1/../../../../arm-atollic-eabi/lib/armv7e-m/fpu\libc_nano.a(lib_a-init.o)
                0x08005464                __libc_init_array
 .text.memcpy   0x080054ac       0x16 c:/program files (x86)/atollic/truestudio for stm32 9.3.0/armtools/bin/../lib/gcc/arm-atollic-eabi/6.3.1/../../../../arm-atollic-eabi/lib/armv7e-m/fpu\libc_nano.a(lib_a-memcpy-stub.o)
                0x080054ac                memcpy
 .text.memmove  0x080054c2       0x34 c:/program files (x86)/atollic/truestudio for stm32 9.3.0/armtools/bin/../lib/gcc/arm-atollic-eabi/6.3.1/../../../../arm-atollic-eabi/lib/armv7e-m/fpu\libc_nano.a(lib_a-memmove.o)
                0x080054c2                memmove
 .text.memset   0x080054f6       0x10 c:/program files (x86)/atollic/truestudio for stm32 9.3.0/armtools/bin/../lib/gcc/arm-atollic-eabi/6.3.1/../../../../arm-atollic-eabi/lib/armv7e-m/fpu\libc_nano.a(lib_a-memset.o)
                0x080054f6                memset
 *fill*         0x08005506        0x2 
 .text.sprintf  0x08005508       0x48 c:/program files (x86)/atollic/truestudio for stm32 9.3.0/armtools/bin/../lib/gcc/arm-atollic-eabi/6.3.1/../../../../arm-atollic-eabi/lib/armv7e-m/fpu\libc_nano.a(lib_a-sprintf.o)
                0x08005508                siprintf
                0x08005508                sprintf
 .text.sscanf   0x08005550       0x54 c:/program files (x86)/atollic/truestudio for stm32 9.3.0/armtools/bin/../lib/gcc/arm-atollic-eabi/6.3.1/../../../../arm-atollic-eabi/lib/armv7e-m/fpu\libc_nano.a(lib_a-sscanf.o)
                0x08005550                siscanf
                0x08005550                sscanf
 .text.__seofread
                0x080055a4        0x4 c:/program files (x86)/atollic/truestudio for stm32 9.3.0/armtools/bin/../lib/gcc/arm-atollic-eabi/6.3.1/../../../../arm-atollic-eabi/lib/armv7e-m/fpu\libc_nano.a(lib_a-stdio.o)
                0x080055a4                __seofread
 .text.strncmp  0x080055a8       0x24 c:/program files (x86)/atollic/truestudio for stm32 9.3.0/armtools/bin/../lib/gcc/arm-atollic-eabi/6.3.1/../../../../arm-atollic-eabi/lib/armv7e-m/fpu\libc_nano.a(lib_a-strncmp.o)
                0x080055a8                strncmp
 .text.__ssputs_r
                0x080055cc       0xb6 c:/program files (x86)/atollic/truestudio for stm32 9.3.0/armtools/bin/../lib/gcc/arm-atollic-eabi/6.3.1/../../../../arm-atollic-eabi/lib/armv7e-m/fpu\libc_nano.a(lib_a-nano-svfprintf.o)
                0x080055cc                __ssputs_r
 *fill*         0x08005682        0x2 
 .text._svfprintf_r
                0x08005684      0x1e8 c:/program files (x86)/atollic/truestudio for stm32 9.3.0/armtools/bin/../lib/gcc/arm-atollic-eabi/6.3.1/../../../../arm-atollic-eabi/lib/armv7e-m/fpu\libc_nano.a(lib_a-nano-svfprintf.o)
                0x08005684                _svfiprintf_r
                0x08005684                _svfprintf_r
 .text._sungetc_r
                0x0800586c       0x7a c:/program files (x86)/atollic/truestudio for stm32 9.3.0/armtools/bin/../lib/gcc/arm-atollic-eabi/6.3.1/../../../../arm-atollic-eabi/lib/armv7e-m/fpu\libc_nano.a(lib_a-nano-svfscanf.o)
                0x0800586c                _sungetc_r
 .text.__ssrefill_r
                0x080058e6       0x3a c:/program files (x86)/atollic/truestudio for stm32 9.3.0/armtools/bin/../lib/gcc/arm-atollic-eabi/6.3.1/../../../../arm-atollic-eabi/lib/armv7e-m/fpu\libc_nano.a(lib_a-nano-svfscanf.o)
                0x080058e6                __ssrefill_r
 .text.__ssvfscanf_r
                0x08005920      0x2a8 c:/program files (x86)/atollic/truestudio for stm32 9.3.0/armtools/bin/../lib/gcc/arm-atollic-eabi/6.3.1/../../../../arm-atollic-eabi/lib/armv7e-m/fpu\libc_nano.a(lib_a-nano-svfscanf.o)
                0x08005920                __ssvfiscanf_r
                0x08005920                __ssvfscanf_r
 .text._printf_common
                0x08005bc8       0xec c:/program files (x86)/atollic/truestudio for stm32 9.3.0/armtools/bin/../lib/gcc/arm-atollic-eabi/6.3.1/../../../../arm-atollic-eabi/lib/armv7e-m/fpu\libc_nano.a(lib_a-nano-vfprintf_i.o)
                0x08005bc8                _printf_common
 .text._printf_i
                0x08005cb4      0x240 c:/program files (x86)/atollic/truestudio for stm32 9.3.0/armtools/bin/../lib/gcc/arm-atollic-eabi/6.3.1/../../../../arm-atollic-eabi/lib/armv7e-m/fpu\libc_nano.a(lib_a-nano-vfprintf_i.o)
                0x08005cb4                _printf_i
 .text._scanf_chars
                0x08005ef4       0xc8 c:/program files (x86)/atollic/truestudio for stm32 9.3.0/armtools/bin/../lib/gcc/arm-atollic-eabi/6.3.1/../../../../arm-atollic-eabi/lib/armv7e-m/fpu\libc_nano.a(lib_a-nano-vfscanf_i.o)
                0x08005ef4                _scanf_chars
 .text._scanf_i
                0x08005fbc      0x1e8 c:/program files (x86)/atollic/truestudio for stm32 9.3.0/armtools/bin/../lib/gcc/arm-atollic-eabi/6.3.1/../../../../arm-atollic-eabi/lib/armv7e-m/fpu\libc_nano.a(lib_a-nano-vfscanf_i.o)
                0x08005fbc                _scanf_i
 .text.__sccl   0x080061a4       0x60 c:/program files (x86)/atollic/truestudio for stm32 9.3.0/armtools/bin/../lib/gcc/arm-atollic-eabi/6.3.1/../../../../arm-atollic-eabi/lib/armv7e-m/fpu\libc_nano.a(lib_a-sccl.o)
                0x080061a4                __sccl
 .text._strtol_l.isra.0
                0x08006204      0x100 c:/program files (x86)/atollic/truestudio for stm32 9.3.0/armtools/bin/../lib/gcc/arm-atollic-eabi/6.3.1/../../../../arm-atollic-eabi/lib/armv7e-m/fpu\libc_nano.a(lib_a-strtol.o)
 .text._strtol_r
                0x08006304       0x24 c:/program files (x86)/atollic/truestudio for stm32 9.3.0/armtools/bin/../lib/gcc/arm-atollic-eabi/6.3.1/../../../../arm-atollic-eabi/lib/armv7e-m/fpu\libc_nano.a(lib_a-strtol.o)
                0x08006304                _strtol_r
 .text._strtoul_l.isra.0
                0x08006328       0xfa c:/program files (x86)/atollic/truestudio for stm32 9.3.0/armtools/bin/../lib/gcc/arm-atollic-eabi/6.3.1/../../../../arm-atollic-eabi/lib/armv7e-m/fpu\libc_nano.a(lib_a-strtoul.o)
 *fill*         0x08006422        0x2 
 .text._strtoul_r
                0x08006424       0x24 c:/program files (x86)/atollic/truestudio for stm32 9.3.0/armtools/bin/../lib/gcc/arm-atollic-eabi/6.3.1/../../../../arm-atollic-eabi/lib/armv7e-m/fpu\libc_nano.a(lib_a-strtoul.o)
                0x08006424                _strtoul_r
 .text.__submore
                0x08006448       0x76 c:/program files (x86)/atollic/truestudio for stm32 9.3.0/armtools/bin/../lib/gcc/arm-atollic-eabi/6.3.1/../../../../arm-atollic-eabi/lib/armv7e-m/fpu\libc_nano.a(lib_a-ungetc.o)
                0x08006448                __submore
 .text.__locale_ctype_ptr_l
                0x080064be        0x6 c:/program files (x86)/atollic/truestudio for stm32 9.3.0/armtools/bin/../lib/gcc/arm-atollic-eabi/6.3.1/../../../../arm-atollic-eabi/lib/armv7e-m/fpu\libc_nano.a(lib_a-locale.o)
                0x080064be                __locale_ctype_ptr_l
 .text.__locale_ctype_ptr
                0x080064c4       0x1c c:/program files (x86)/atollic/truestudio for stm32 9.3.0/armtools/bin/../lib/gcc/arm-atollic-eabi/6.3.1/../../../../arm-atollic-eabi/lib/armv7e-m/fpu\libc_nano.a(lib_a-locale.o)
                0x080064c4                __locale_ctype_ptr
 .text.__ascii_mbtowc
                0x080064e0       0x24 c:/program files (x86)/atollic/truestudio for stm32 9.3.0/armtools/bin/../lib/gcc/arm-atollic-eabi/6.3.1/../../../../arm-atollic-eabi/lib/armv7e-m/fpu\libc_nano.a(lib_a-mbtowc_r.o)
                0x080064e0                __ascii_mbtowc
 .text._free_r  0x08006504       0x9c c:/program files (x86)/atollic/truestudio for stm32 9.3.0/armtools/bin/../lib/gcc/arm-atollic-eabi/6.3.1/../../../../arm-atollic-eabi/lib/armv7e-m/fpu\libc_nano.a(lib_a-nano-freer.o)
                0x08006504                _free_r
 .text._malloc_r
                0x080065a0       0xbc c:/program files (x86)/atollic/truestudio for stm32 9.3.0/armtools/bin/../lib/gcc/arm-atollic-eabi/6.3.1/../../../../arm-atollic-eabi/lib/armv7e-m/fpu\libc_nano.a(lib_a-nano-mallocr.o)
                0x080065a0                _malloc_r
 .text._realloc_r
                0x0800665c       0x4c c:/program files (x86)/atollic/truestudio for stm32 9.3.0/armtools/bin/../lib/gcc/arm-atollic-eabi/6.3.1/../../../../arm-atollic-eabi/lib/armv7e-m/fpu\libc_nano.a(lib_a-nano-reallocr.o)
                0x0800665c                _realloc_r
 .text._sbrk_r  0x080066a8       0x20 c:/program files (x86)/atollic/truestudio for stm32 9.3.0/armtools/bin/../lib/gcc/arm-atollic-eabi/6.3.1/../../../../arm-atollic-eabi/lib/armv7e-m/fpu\libc_nano.a(lib_a-sbrkr.o)
                0x080066a8                _sbrk_r
 .text.__ascii_wctomb
                0x080066c8       0x1a c:/program files (x86)/atollic/truestudio for stm32 9.3.0/armtools/bin/../lib/gcc/arm-atollic-eabi/6.3.1/../../../../arm-atollic-eabi/lib/armv7e-m/fpu\libc_nano.a(lib_a-wctomb_r.o)
                0x080066c8                __ascii_wctomb
 .text.__malloc_lock
                0x080066e2        0x2 c:/program files (x86)/atollic/truestudio for stm32 9.3.0/armtools/bin/../lib/gcc/arm-atollic-eabi/6.3.1/../../../../arm-atollic-eabi/lib/armv7e-m/fpu\libc_nano.a(lib_a-mlock.o)
                0x080066e2                __malloc_lock
 .text.__malloc_unlock
                0x080066e4        0x2 c:/program files (x86)/atollic/truestudio for stm32 9.3.0/armtools/bin/../lib/gcc/arm-atollic-eabi/6.3.1/../../../../arm-atollic-eabi/lib/armv7e-m/fpu\libc_nano.a(lib_a-mlock.o)
                0x080066e4                __malloc_unlock
 .text._malloc_usable_size_r
                0x080066e6       0x12 c:/program files (x86)/atollic/truestudio for stm32 9.3.0/armtools/bin/../lib/gcc/arm-atollic-eabi/6.3.1/../../../../arm-atollic-eabi/lib/armv7e-m/fpu\libc_nano.a(lib_a-nano-msizer.o)
                0x080066e6                _malloc_usable_size_r
 .text.round    0x080066f8       0x8c c:/program files (x86)/atollic/truestudio for stm32 9.3.0/armtools/bin/../lib/gcc/arm-atollic-eabi/6.3.1/../../../../arm-atollic-eabi/lib/armv7e-m/fpu\libm.a(lib_a-s_round.o)
                0x080066f8                round
 .text.atanf    0x08006784      0x1a4 c:/program files (x86)/atollic/truestudio for stm32 9.3.0/armtools/bin/../lib/gcc/arm-atollic-eabi/6.3.1/../../../../arm-atollic-eabi/lib/armv7e-m/fpu\libm.a(lib_a-sf_atan.o)
                0x08006784                atanf
 .text.fabsf    0x08006928        0xe c:/program files (x86)/atollic/truestudio for stm32 9.3.0/armtools/bin/../lib/gcc/arm-atollic-eabi/6.3.1/../../../../arm-atollic-eabi/lib/armv7e-m/fpu\libm.a(lib_a-sf_fabs.o)
                0x08006928                fabsf
 *fill*         0x08006936        0x2 
 .text.floorf   0x08006938       0x84 c:/program files (x86)/atollic/truestudio for stm32 9.3.0/armtools/bin/../lib/gcc/arm-atollic-eabi/6.3.1/../../../../arm-atollic-eabi/lib/armv7e-m/fpu\libm.a(lib_a-sf_floor.o)
                0x08006938                floorf
 .text.acos     0x080069bc       0xb0 c:/program files (x86)/atollic/truestudio for stm32 9.3.0/armtools/bin/../lib/gcc/arm-atollic-eabi/6.3.1/../../../../arm-atollic-eabi/lib/armv7e-m/fpu\libm.a(lib_a-w_acos.o)
                0x080069bc                acos
 .text.acosf    0x08006a6c       0xb0 c:/program files (x86)/atollic/truestudio for stm32 9.3.0/armtools/bin/../lib/gcc/arm-atollic-eabi/6.3.1/../../../../arm-atollic-eabi/lib/armv7e-m/fpu\libm.a(lib_a-wf_acos.o)
                0x08006a6c                acosf
 .text.sqrtf    0x08006b1c       0xa0 c:/program files (x86)/atollic/truestudio for stm32 9.3.0/armtools/bin/../lib/gcc/arm-atollic-eabi/6.3.1/../../../../arm-atollic-eabi/lib/armv7e-m/fpu\libm.a(lib_a-wf_sqrt.o)
                0x08006b1c                sqrtf
 *fill*         0x08006bbc        0x4 
 .text.__ieee754_acos
                0x08006bc0      0x4b8 c:/program files (x86)/atollic/truestudio for stm32 9.3.0/armtools/bin/../lib/gcc/arm-atollic-eabi/6.3.1/../../../../arm-atollic-eabi/lib/armv7e-m/fpu\libm.a(lib_a-e_acos.o)
                0x08006bc0                __ieee754_acos
 .text.__ieee754_sqrt
                0x08007078      0x160 c:/program files (x86)/atollic/truestudio for stm32 9.3.0/armtools/bin/../lib/gcc/arm-atollic-eabi/6.3.1/../../../../arm-atollic-eabi/lib/armv7e-m/fpu\libm.a(lib_a-e_sqrt.o)
                0x08007078                __ieee754_sqrt
 .text.__ieee754_acosf
                0x080071d8      0x1f8 c:/program files (x86)/atollic/truestudio for stm32 9.3.0/armtools/bin/../lib/gcc/arm-atollic-eabi/6.3.1/../../../../arm-atollic-eabi/lib/armv7e-m/fpu\libm.a(lib_a-ef_acos.o)
                0x080071d8                __ieee754_acosf
 .text.__ieee754_sqrtf
                0x080073d0       0x8e c:/program files (x86)/atollic/truestudio for stm32 9.3.0/armtools/bin/../lib/gcc/arm-atollic-eabi/6.3.1/../../../../arm-atollic-eabi/lib/armv7e-m/fpu\libm.a(lib_a-ef_sqrt.o)
                0x080073d0                __ieee754_sqrtf
 .text.fabs     0x0800745e        0xe c:/program files (x86)/atollic/truestudio for stm32 9.3.0/armtools/bin/../lib/gcc/arm-atollic-eabi/6.3.1/../../../../arm-atollic-eabi/lib/armv7e-m/fpu\libm.a(lib_a-s_fabs.o)
                0x0800745e                fabs
 .text.matherr  0x0800746c        0x4 c:/program files (x86)/atollic/truestudio for stm32 9.3.0/armtools/bin/../lib/gcc/arm-atollic-eabi/6.3.1/../../../../arm-atollic-eabi/lib/armv7e-m/fpu\libm.a(lib_a-s_matherr.o)
                0x0800746c                matherr
 .text.nan      0x08007470       0x10 c:/program files (x86)/atollic/truestudio for stm32 9.3.0/armtools/bin/../lib/gcc/arm-atollic-eabi/6.3.1/../../../../arm-atollic-eabi/lib/armv7e-m/fpu\libm.a(lib_a-s_nan.o)
                0x08007470                nan
 *(.glue_7)
 .glue_7        0x08007480        0x0 linker stubs
 *(.glue_7t)
 .glue_7t       0x08007480        0x0 linker stubs
 *(.eh_frame)
 .eh_frame      0x08007480        0x0 c:/program files (x86)/atollic/truestudio for stm32 9.3.0/armtools/bin/../lib/gcc/arm-atollic-eabi/6.3.1/armv7e-m/fpu/crtbegin.o
 *(.init)
 .init          0x08007480        0x4 c:/program files (x86)/atollic/truestudio for stm32 9.3.0/armtools/bin/../lib/gcc/arm-atollic-eabi/6.3.1/armv7e-m/fpu/crti.o
                0x08007480                _init
 .init          0x08007484        0x8 c:/program files (x86)/atollic/truestudio for stm32 9.3.0/armtools/bin/../lib/gcc/arm-atollic-eabi/6.3.1/armv7e-m/fpu/crtn.o
 *(.fini)
 .fini          0x0800748c        0x4 c:/program files (x86)/atollic/truestudio for stm32 9.3.0/armtools/bin/../lib/gcc/arm-atollic-eabi/6.3.1/armv7e-m/fpu/crti.o
                0x0800748c                _fini
 .fini          0x08007490        0x8 c:/program files (x86)/atollic/truestudio for stm32 9.3.0/armtools/bin/../lib/gcc/arm-atollic-eabi/6.3.1/armv7e-m/fpu/crtn.o
                0x08007498                . = ALIGN (0x4)
                0x08007498                _etext = .

.vfp11_veneer   0x08007498        0x0
 .vfp11_veneer  0x08007498        0x0 linker stubs

.v4_bx          0x08007498        0x0
 .v4_bx         0x08007498        0x0 linker stubs

.iplt           0x08007498        0x0
 .iplt          0x08007498        0x0 c:/program files (x86)/atollic/truestudio for stm32 9.3.0/armtools/bin/../lib/gcc/arm-atollic-eabi/6.3.1/armv7e-m/fpu/crtbegin.o

.rodata         0x08007498      0x4a4
                0x08007498                . = ALIGN (0x4)
 *(.rodata)
 .rodata        0x08007498        0xc c:/program files (x86)/atollic/truestudio for stm32 9.3.0/armtools/bin/../lib/gcc/arm-atollic-eabi/6.3.1/../../../../arm-atollic-eabi/lib/armv7e-m/fpu\libc_nano.a(lib_a-nano-vfscanf_i.o)
 *(.rodata*)
 .rodata.flagBitshiftOffset.8757
                0x080074a4        0x8 Drivers\STM32F4xx_HAL_Driver\Src\stm32f4xx_hal_dma.o
 .rodata.main.str1.1
                0x080074ac       0x5f Src\main.o
                                 0x63 (size before relaxing)
 .rodata.Robot_GetState.str1.1
                0x0800750b       0x26 Src\robot.o
 .rodata.Robot_ReadCommand.str1.1
                0x08007531      0x1d5 Src\robot.o
                                0x1da (size before relaxing)
 .rodata.str1.1
                0x08007706       0x30 Src\robot.o
 .rodata.AHBPrescTable
                0x08007736       0x10 Src\system_stm32f4xx.o
                0x08007736                AHBPrescTable
 .rodata.APBPrescTable
                0x08007746        0x8 Src\system_stm32f4xx.o
                0x08007746                APBPrescTable
 .rodata._svfprintf_r.str1.1
                0x0800774e       0x11 c:/program files (x86)/atollic/truestudio for stm32 9.3.0/armtools/bin/../lib/gcc/arm-atollic-eabi/6.3.1/../../../../arm-atollic-eabi/lib/armv7e-m/fpu\libc_nano.a(lib_a-nano-svfprintf.o)
 .rodata.__ssvfscanf_r.str1.1
                0x0800775f        0x4 c:/program files (x86)/atollic/truestudio for stm32 9.3.0/armtools/bin/../lib/gcc/arm-atollic-eabi/6.3.1/../../../../arm-atollic-eabi/lib/armv7e-m/fpu\libc_nano.a(lib_a-nano-svfscanf.o)
 .rodata._printf_i.str1.1
                0x0800775f       0x22 c:/program files (x86)/atollic/truestudio for stm32 9.3.0/armtools/bin/../lib/gcc/arm-atollic-eabi/6.3.1/../../../../arm-atollic-eabi/lib/armv7e-m/fpu\libc_nano.a(lib_a-nano-vfprintf_i.o)
 .rodata._scanf_i.str1.1
                0x08007781       0x12 c:/program files (x86)/atollic/truestudio for stm32 9.3.0/armtools/bin/../lib/gcc/arm-atollic-eabi/6.3.1/../../../../arm-atollic-eabi/lib/armv7e-m/fpu\libc_nano.a(lib_a-nano-vfscanf_i.o)
 .rodata.str1.1
                0x08007793        0x9 c:/program files (x86)/atollic/truestudio for stm32 9.3.0/armtools/bin/../lib/gcc/arm-atollic-eabi/6.3.1/../../../../arm-atollic-eabi/lib/armv7e-m/fpu\libc_nano.a(lib_a-nano-vfscanf_i.o)
 .rodata.__sf_fake_stderr
                0x0800779c       0x20 c:/program files (x86)/atollic/truestudio for stm32 9.3.0/armtools/bin/../lib/gcc/arm-atollic-eabi/6.3.1/../../../../arm-atollic-eabi/lib/armv7e-m/fpu\libc_nano.a(lib_a-findfp.o)
                0x0800779c                __sf_fake_stderr
 .rodata.__sf_fake_stdin
                0x080077bc       0x20 c:/program files (x86)/atollic/truestudio for stm32 9.3.0/armtools/bin/../lib/gcc/arm-atollic-eabi/6.3.1/../../../../arm-atollic-eabi/lib/armv7e-m/fpu\libc_nano.a(lib_a-findfp.o)
                0x080077bc                __sf_fake_stdin
 .rodata.__sf_fake_stdout
                0x080077dc       0x20 c:/program files (x86)/atollic/truestudio for stm32 9.3.0/armtools/bin/../lib/gcc/arm-atollic-eabi/6.3.1/../../../../arm-atollic-eabi/lib/armv7e-m/fpu\libc_nano.a(lib_a-findfp.o)
                0x080077dc                __sf_fake_stdout
 .rodata._setlocale_r.str1.1
                0x080077fc        0x8 c:/program files (x86)/atollic/truestudio for stm32 9.3.0/armtools/bin/../lib/gcc/arm-atollic-eabi/6.3.1/../../../../arm-atollic-eabi/lib/armv7e-m/fpu\libc_nano.a(lib_a-locale.o)
                                  0x9 (size before relaxing)
 .rodata.str1.1
                0x08007804        0x2 c:/program files (x86)/atollic/truestudio for stm32 9.3.0/armtools/bin/../lib/gcc/arm-atollic-eabi/6.3.1/../../../../arm-atollic-eabi/lib/armv7e-m/fpu\libc_nano.a(lib_a-locale.o)
 .rodata._ctype_
                0x08007806      0x101 c:/program files (x86)/atollic/truestudio for stm32 9.3.0/armtools/bin/../lib/gcc/arm-atollic-eabi/6.3.1/../../../../arm-atollic-eabi/lib/armv7e-m/fpu\libc_nano.a(lib_a-ctype_.o)
                0x08007806                _ctype_
 *fill*         0x08007907        0x1 
 .rodata.atanhi
                0x08007908       0x10 c:/program files (x86)/atollic/truestudio for stm32 9.3.0/armtools/bin/../lib/gcc/arm-atollic-eabi/6.3.1/../../../../arm-atollic-eabi/lib/armv7e-m/fpu\libm.a(lib_a-sf_atan.o)
 .rodata.atanlo
                0x08007918       0x10 c:/program files (x86)/atollic/truestudio for stm32 9.3.0/armtools/bin/../lib/gcc/arm-atollic-eabi/6.3.1/../../../../arm-atollic-eabi/lib/armv7e-m/fpu\libm.a(lib_a-sf_atan.o)
 .rodata.acos.str1.1
                0x08007928        0x5 c:/program files (x86)/atollic/truestudio for stm32 9.3.0/armtools/bin/../lib/gcc/arm-atollic-eabi/6.3.1/../../../../arm-atollic-eabi/lib/armv7e-m/fpu\libm.a(lib_a-w_acos.o)
                                  0x6 (size before relaxing)
 .rodata.acosf.str1.1
                0x0800792d        0x6 c:/program files (x86)/atollic/truestudio for stm32 9.3.0/armtools/bin/../lib/gcc/arm-atollic-eabi/6.3.1/../../../../arm-atollic-eabi/lib/armv7e-m/fpu\libm.a(lib_a-wf_acos.o)
                                  0x7 (size before relaxing)
 .rodata.sqrtf.str1.1
                0x08007933        0x6 c:/program files (x86)/atollic/truestudio for stm32 9.3.0/armtools/bin/../lib/gcc/arm-atollic-eabi/6.3.1/../../../../arm-atollic-eabi/lib/armv7e-m/fpu\libm.a(lib_a-wf_sqrt.o)
                0x0800793c                . = ALIGN (0x4)
 *fill*         0x08007939        0x3 

.ARM.extab
 *(.ARM.extab* .gnu.linkonce.armextab.*)

.ARM            0x0800793c        0x8
                0x0800793c                __exidx_start = .
 *(.ARM.exidx*)
 .ARM.exidx     0x0800793c        0x8 c:/program files (x86)/atollic/truestudio for stm32 9.3.0/armtools/bin/../lib/gcc/arm-atollic-eabi/6.3.1/armv7e-m/fpu\libgcc.a(_udivmoddi4.o)
                0x08007944                __exidx_end = .

.rel.dyn        0x08007944        0x0
 .rel.iplt      0x08007944        0x0 c:/program files (x86)/atollic/truestudio for stm32 9.3.0/armtools/bin/../lib/gcc/arm-atollic-eabi/6.3.1/armv7e-m/fpu/crtbegin.o

.preinit_array  0x08007944        0x0
                0x08007944                PROVIDE (__preinit_array_start, .)
 *(.preinit_array*)
                0x08007944                PROVIDE (__preinit_array_end, .)

.init_array     0x08007944        0x4
                0x08007944                PROVIDE (__init_array_start, .)
 *(SORT(.init_array.*))
 *(.init_array*)
 .init_array    0x08007944        0x4 c:/program files (x86)/atollic/truestudio for stm32 9.3.0/armtools/bin/../lib/gcc/arm-atollic-eabi/6.3.1/armv7e-m/fpu/crtbegin.o
                0x08007948                PROVIDE (__init_array_end, .)

.fini_array     0x08007948        0x4
                [!provide]                PROVIDE (__fini_array_start, .)
 *(SORT(.fini_array.*))
 *(.fini_array*)
 .fini_array    0x08007948        0x4 c:/program files (x86)/atollic/truestudio for stm32 9.3.0/armtools/bin/../lib/gcc/arm-atollic-eabi/6.3.1/armv7e-m/fpu/crtbegin.o
                [!provide]                PROVIDE (__fini_array_end, .)
                0x0800794c                _sidata = LOADADDR (.data)

.data           0x20000000      0x300 load address 0x0800794c
                0x20000000                . = ALIGN (0x4)
                0x20000000                _sdata = .
 *(.data)
 *(.data*)
 .data.uwTickFreq
                0x20000000        0x1 Drivers\STM32F4xx_HAL_Driver\Src\stm32f4xx_hal.o
                0x20000000                uwTickFreq
 *fill*         0x20000001        0x3 
 .data.uwTickPrio
                0x20000004        0x4 Drivers\STM32F4xx_HAL_Driver\Src\stm32f4xx_hal.o
                0x20000004                uwTickPrio
 .data.Robot_ServoId
                0x20000008       0x30 Src\robot.o
                0x20000008                Robot_ServoId
 .data.s01_limits
                0x20000038       0x14 Src\servo.o
                0x20000038                s01_limits
 .data.s02_limits
                0x2000004c       0x14 Src\servo.o
                0x2000004c                s02_limits
 .data.s03_limits
                0x20000060       0x14 Src\servo.o
                0x20000060                s03_limits
 .data.s05_limits
                0x20000074       0x14 Src\servo.o
                0x20000074                s05_limits
 .data.s08_limits
                0x20000088       0x14 Src\servo.o
                0x20000088                s08_limits
 .data.s09_limits
                0x2000009c       0x14 Src\servo.o
                0x2000009c                s09_limits
 .data.s10_limits
                0x200000b0       0x14 Src\servo.o
                0x200000b0                s10_limits
 .data.s11_limits
                0x200000c4       0x14 Src\servo.o
                0x200000c4                s11_limits
 .data.s12_limits
                0x200000d8       0x14 Src\servo.o
                0x200000d8                s12_limits
 .data.s13_limits
                0x200000ec       0x14 Src\servo.o
                0x200000ec                s13_limits
 .data.s16_limits
                0x20000100       0x14 Src\servo.o
                0x20000100                s16_limits
 .data.s19_limits
                0x20000114       0x14 Src\servo.o
                0x20000114                s19_limits
 .data.SystemCoreClock
                0x20000128        0x4 Src\system_stm32f4xx.o
                0x20000128                SystemCoreClock
 .data._impure_ptr
                0x2000012c        0x4 c:/program files (x86)/atollic/truestudio for stm32 9.3.0/armtools/bin/../lib/gcc/arm-atollic-eabi/6.3.1/../../../../arm-atollic-eabi/lib/armv7e-m/fpu\libc_nano.a(lib_a-impure.o)
                0x2000012c                _impure_ptr
 .data.impure_data
                0x20000130       0x60 c:/program files (x86)/atollic/truestudio for stm32 9.3.0/armtools/bin/../lib/gcc/arm-atollic-eabi/6.3.1/../../../../arm-atollic-eabi/lib/armv7e-m/fpu\libc_nano.a(lib_a-impure.o)
 .data.__global_locale
                0x20000190      0x16c c:/program files (x86)/atollic/truestudio for stm32 9.3.0/armtools/bin/../lib/gcc/arm-atollic-eabi/6.3.1/../../../../arm-atollic-eabi/lib/armv7e-m/fpu\libc_nano.a(lib_a-locale.o)
                0x20000190                __global_locale
 .data.__fdlib_version
                0x200002fc        0x1 c:/program files (x86)/atollic/truestudio for stm32 9.3.0/armtools/bin/../lib/gcc/arm-atollic-eabi/6.3.1/../../../../arm-atollic-eabi/lib/armv7e-m/fpu\libm.a(lib_a-s_lib_ver.o)
                0x200002fc                __fdlib_version
                0x20000300                . = ALIGN (0x4)
 *fill*         0x200002fd        0x3 
                0x20000300                _edata = .

.igot.plt       0x20000300        0x0 load address 0x08007c4c
 .igot.plt      0x20000300        0x0 c:/program files (x86)/atollic/truestudio for stm32 9.3.0/armtools/bin/../lib/gcc/arm-atollic-eabi/6.3.1/armv7e-m/fpu/crtbegin.o
                0x20000300                . = ALIGN (0x4)

.bss            0x20000300      0xc1c load address 0x08007c4c
                0x20000300                _sbss = .
                0x20000300                __bss_start__ = _sbss
 *(.bss)
 .bss           0x20000300       0x1c c:/program files (x86)/atollic/truestudio for stm32 9.3.0/armtools/bin/../lib/gcc/arm-atollic-eabi/6.3.1/armv7e-m/fpu/crtbegin.o
 *(.bss*)
 .bss.hserial_table
                0x2000031c        0x8 Src\serial.o
                0x2000031c                hserial_table
 .bss.id.9833   0x20000324        0x4 Src\serial.o
 .bss.id.9871   0x20000328        0x4 Src\serial.o
 .bss.serial_counter
                0x2000032c        0x4 Src\serial.o
                0x2000032c                serial_counter
 .bss.heap_end.7010
                0x20000330        0x4 Src\syscalls.o
 .bss.__malloc_free_list
                0x20000334        0x4 c:/program files (x86)/atollic/truestudio for stm32 9.3.0/armtools/bin/../lib/gcc/arm-atollic-eabi/6.3.1/../../../../arm-atollic-eabi/lib/armv7e-m/fpu\libc_nano.a(lib_a-nano-mallocr.o)
                0x20000334                __malloc_free_list
 .bss.__malloc_sbrk_start
                0x20000338        0x4 c:/program files (x86)/atollic/truestudio for stm32 9.3.0/armtools/bin/../lib/gcc/arm-atollic-eabi/6.3.1/../../../../arm-atollic-eabi/lib/armv7e-m/fpu\libc_nano.a(lib_a-nano-mallocr.o)
                0x20000338                __malloc_sbrk_start
 *(COMMON)
 COMMON         0x2000033c        0x4 Drivers\STM32F4xx_HAL_Driver\Src\stm32f4xx_hal.o
                0x2000033c                uwTick
 COMMON         0x20000340      0x6f4 Src\main.o
                0x20000340                hdma_uart4_rx
                0x200003a0                hdma_usart2_rx
                0x20000400                hspi2
                0x20000458                htim8
                0x20000498                hi2c1
                0x200004ec                htim10
                0x2000052c                hdma_spi2_rx
                0x2000058c                htim5
                0x200005cc                htim3
                0x2000060c                huart5
                0x2000064c                hadc1
                0x20000694                hdma_usart2_tx
                0x200006f4                htim13
                0x20000734                htim11
                0x20000774                hrtc
                0x20000794                htim1
                0x200007d4                huart4
                0x20000814                htim2
                0x20000854                huart2
                0x20000894                hdma_uart5_rx
                0x200008f4                htim14
                0x20000934                htim12
                0x20000974                hdma_uart4_tx
                0x200009d4                hdma_uart5_tx
 COMMON         0x20000a34      0x4e4 Src\robot.o
                0x20000a34                servo02
                0x20000a58                legRR
                0x20000a90                servo01
                0x20000ab4                servo17
                0x20000ad8                legFR
                0x20000b10                servo10
                0x20000b34                servo09
                0x20000b58                legFL
                0x20000b90                servo11
                0x20000bb4                servo16
                0x20000bd8                robot
                0x20000dd8                RxBuffer
                0x20000e18                legRL
                0x20000e50                servo03
                0x20000e74                CmdBuffer
                0x20000e88                servo12
                0x20000eac                servo07
                0x20000ed0                servo08
                0x20000ef4                servo18
 COMMON         0x20000f18        0x4 c:/program files (x86)/atollic/truestudio for stm32 9.3.0/armtools/bin/../lib/gcc/arm-atollic-eabi/6.3.1/../../../../arm-atollic-eabi/lib/armv7e-m/fpu\libc_nano.a(lib_a-reent.o)
                0x20000f18                errno
                0x20000f1c                . = ALIGN (0x4)
                0x20000f1c                _ebss = .
                0x20000f1c                __bss_end__ = _ebss

._user_heap_stack
                0x20000f1c      0x600 load address 0x08007c4c
                0x20000f1c                . = ALIGN (0x4)
                0x20000f1c                PROVIDE (end, .)
                [!provide]                PROVIDE (_end, .)
                0x2000111c                . = (. + _Min_Heap_Size)
 *fill*         0x20000f1c      0x200 
                0x2000151c                . = (. + _Min_Stack_Size)
 *fill*         0x2000111c      0x400 
                0x2000151c                . = ALIGN (0x4)

/DISCARD/
 libc.a(*)
 libm.a(*)
 libgcc.a(*)

.ARM.attributes
                0x00000000       0x30
 *(.ARM.attributes)
 .ARM.attributes
                0x00000000       0x22 c:/program files (x86)/atollic/truestudio for stm32 9.3.0/armtools/bin/../lib/gcc/arm-atollic-eabi/6.3.1/armv7e-m/fpu/crti.o
 .ARM.attributes
                0x00000022       0x34 c:/program files (x86)/atollic/truestudio for stm32 9.3.0/armtools/bin/../lib/gcc/arm-atollic-eabi/6.3.1/armv7e-m/fpu/crtbegin.o
 .ARM.attributes
                0x00000056       0x39 Drivers\STM32F4xx_HAL_Driver\Src\stm32f4xx_hal.o
 .ARM.attributes
                0x0000008f       0x39 Drivers\STM32F4xx_HAL_Driver\Src\stm32f4xx_hal_adc.o
 .ARM.attributes
                0x000000c8       0x39 Drivers\STM32F4xx_HAL_Driver\Src\stm32f4xx_hal_cortex.o
 .ARM.attributes
                0x00000101       0x39 Drivers\STM32F4xx_HAL_Driver\Src\stm32f4xx_hal_dma.o
 .ARM.attributes
                0x0000013a       0x39 Drivers\STM32F4xx_HAL_Driver\Src\stm32f4xx_hal_gpio.o
 .ARM.attributes
                0x00000173       0x39 Drivers\STM32F4xx_HAL_Driver\Src\stm32f4xx_hal_i2c.o
 .ARM.attributes
                0x000001ac       0x39 Drivers\STM32F4xx_HAL_Driver\Src\stm32f4xx_hal_pwr_ex.o
 .ARM.attributes
                0x000001e5       0x39 Drivers\STM32F4xx_HAL_Driver\Src\stm32f4xx_hal_rcc.o
 .ARM.attributes
                0x0000021e       0x39 Drivers\STM32F4xx_HAL_Driver\Src\stm32f4xx_hal_rcc_ex.o
 .ARM.attributes
                0x00000257       0x39 Drivers\STM32F4xx_HAL_Driver\Src\stm32f4xx_hal_rtc.o
 .ARM.attributes
                0x00000290       0x39 Drivers\STM32F4xx_HAL_Driver\Src\stm32f4xx_hal_spi.o
 .ARM.attributes
                0x000002c9       0x39 Drivers\STM32F4xx_HAL_Driver\Src\stm32f4xx_hal_tim.o
 .ARM.attributes
                0x00000302       0x39 Drivers\STM32F4xx_HAL_Driver\Src\stm32f4xx_hal_tim_ex.o
 .ARM.attributes
                0x0000033b       0x39 Drivers\STM32F4xx_HAL_Driver\Src\stm32f4xx_hal_uart.o
 .ARM.attributes
                0x00000374       0x39 Src\leg.o
 .ARM.attributes
                0x000003ad       0x39 Src\main.o
 .ARM.attributes
                0x000003e6       0x39 Src\robot.o
 .ARM.attributes
                0x0000041f       0x39 Src\serial.o
 .ARM.attributes
                0x00000458       0x39 Src\servo.o
 .ARM.attributes
                0x00000491       0x39 Src\stm32f4xx_hal_msp.o
 .ARM.attributes
                0x000004ca       0x39 Src\stm32f4xx_it.o
 .ARM.attributes
                0x00000503       0x39 Src\syscalls.o
 .ARM.attributes
                0x0000053c       0x39 Src\system_stm32f4xx.o
 .ARM.attributes
                0x00000575       0x39 Src\tools.o
 .ARM.attributes
                0x000005ae       0x21 startup\startup_stm32f446xx.o
 .ARM.attributes
                0x000005cf       0x34 c:/program files (x86)/atollic/truestudio for stm32 9.3.0/armtools/bin/../lib/gcc/arm-atollic-eabi/6.3.1/../../../../arm-atollic-eabi/lib/armv7e-m/fpu\libc_nano.a(lib_a-errno.o)
 .ARM.attributes
                0x00000603       0x34 c:/program files (x86)/atollic/truestudio for stm32 9.3.0/armtools/bin/../lib/gcc/arm-atollic-eabi/6.3.1/../../../../arm-atollic-eabi/lib/armv7e-m/fpu\libc_nano.a(lib_a-impure.o)
 .ARM.attributes
                0x00000637       0x34 c:/program files (x86)/atollic/truestudio for stm32 9.3.0/armtools/bin/../lib/gcc/arm-atollic-eabi/6.3.1/../../../../arm-atollic-eabi/lib/armv7e-m/fpu\libc_nano.a(lib_a-init.o)
 .ARM.attributes
                0x0000066b       0x34 c:/program files (x86)/atollic/truestudio for stm32 9.3.0/armtools/bin/../lib/gcc/arm-atollic-eabi/6.3.1/../../../../arm-atollic-eabi/lib/armv7e-m/fpu\libc_nano.a(lib_a-memcpy-stub.o)
 .ARM.attributes
                0x0000069f       0x34 c:/program files (x86)/atollic/truestudio for stm32 9.3.0/armtools/bin/../lib/gcc/arm-atollic-eabi/6.3.1/../../../../arm-atollic-eabi/lib/armv7e-m/fpu\libc_nano.a(lib_a-memmove.o)
 .ARM.attributes
                0x000006d3       0x34 c:/program files (x86)/atollic/truestudio for stm32 9.3.0/armtools/bin/../lib/gcc/arm-atollic-eabi/6.3.1/../../../../arm-atollic-eabi/lib/armv7e-m/fpu\libc_nano.a(lib_a-memset.o)
 .ARM.attributes
                0x00000707       0x34 c:/program files (x86)/atollic/truestudio for stm32 9.3.0/armtools/bin/../lib/gcc/arm-atollic-eabi/6.3.1/../../../../arm-atollic-eabi/lib/armv7e-m/fpu\libc_nano.a(lib_a-sprintf.o)
 .ARM.attributes
                0x0000073b       0x34 c:/program files (x86)/atollic/truestudio for stm32 9.3.0/armtools/bin/../lib/gcc/arm-atollic-eabi/6.3.1/../../../../arm-atollic-eabi/lib/armv7e-m/fpu\libc_nano.a(lib_a-sscanf.o)
 .ARM.attributes
                0x0000076f       0x34 c:/program files (x86)/atollic/truestudio for stm32 9.3.0/armtools/bin/../lib/gcc/arm-atollic-eabi/6.3.1/../../../../arm-atollic-eabi/lib/armv7e-m/fpu\libc_nano.a(lib_a-stdio.o)
 .ARM.attributes
                0x000007a3       0x20 c:/program files (x86)/atollic/truestudio for stm32 9.3.0/armtools/bin/../lib/gcc/arm-atollic-eabi/6.3.1/../../../../arm-atollic-eabi/lib/armv7e-m/fpu\libc_nano.a(lib_a-strcmp.o)
 .ARM.attributes
                0x000007c3       0x1b c:/program files (x86)/atollic/truestudio for stm32 9.3.0/armtools/bin/../lib/gcc/arm-atollic-eabi/6.3.1/../../../../arm-atollic-eabi/lib/armv7e-m/fpu\libc_nano.a(lib_a-strlen.o)
 .ARM.attributes
                0x000007de       0x34 c:/program files (x86)/atollic/truestudio for stm32 9.3.0/armtools/bin/../lib/gcc/arm-atollic-eabi/6.3.1/../../../../arm-atollic-eabi/lib/armv7e-m/fpu\libc_nano.a(lib_a-strncmp.o)
 .ARM.attributes
                0x00000812       0x34 c:/program files (x86)/atollic/truestudio for stm32 9.3.0/armtools/bin/../lib/gcc/arm-atollic-eabi/6.3.1/../../../../arm-atollic-eabi/lib/armv7e-m/fpu\libc_nano.a(lib_a-nano-svfprintf.o)
 .ARM.attributes
                0x00000846       0x34 c:/program files (x86)/atollic/truestudio for stm32 9.3.0/armtools/bin/../lib/gcc/arm-atollic-eabi/6.3.1/../../../../arm-atollic-eabi/lib/armv7e-m/fpu\libc_nano.a(lib_a-nano-svfscanf.o)
 .ARM.attributes
                0x0000087a       0x34 c:/program files (x86)/atollic/truestudio for stm32 9.3.0/armtools/bin/../lib/gcc/arm-atollic-eabi/6.3.1/../../../../arm-atollic-eabi/lib/armv7e-m/fpu\libc_nano.a(lib_a-nano-vfprintf_i.o)
 .ARM.attributes
                0x000008ae       0x34 c:/program files (x86)/atollic/truestudio for stm32 9.3.0/armtools/bin/../lib/gcc/arm-atollic-eabi/6.3.1/../../../../arm-atollic-eabi/lib/armv7e-m/fpu\libc_nano.a(lib_a-nano-vfscanf_i.o)
 .ARM.attributes
                0x000008e2       0x34 c:/program files (x86)/atollic/truestudio for stm32 9.3.0/armtools/bin/../lib/gcc/arm-atollic-eabi/6.3.1/../../../../arm-atollic-eabi/lib/armv7e-m/fpu\libc_nano.a(lib_a-reent.o)
 .ARM.attributes
                0x00000916       0x34 c:/program files (x86)/atollic/truestudio for stm32 9.3.0/armtools/bin/../lib/gcc/arm-atollic-eabi/6.3.1/../../../../arm-atollic-eabi/lib/armv7e-m/fpu\libc_nano.a(lib_a-sccl.o)
 .ARM.attributes
                0x0000094a       0x34 c:/program files (x86)/atollic/truestudio for stm32 9.3.0/armtools/bin/../lib/gcc/arm-atollic-eabi/6.3.1/../../../../arm-atollic-eabi/lib/armv7e-m/fpu\libc_nano.a(lib_a-strtol.o)
 .ARM.attributes
                0x0000097e       0x34 c:/program files (x86)/atollic/truestudio for stm32 9.3.0/armtools/bin/../lib/gcc/arm-atollic-eabi/6.3.1/../../../../arm-atollic-eabi/lib/armv7e-m/fpu\libc_nano.a(lib_a-strtoul.o)
 .ARM.attributes
                0x000009b2       0x34 c:/program files (x86)/atollic/truestudio for stm32 9.3.0/armtools/bin/../lib/gcc/arm-atollic-eabi/6.3.1/../../../../arm-atollic-eabi/lib/armv7e-m/fpu\libc_nano.a(lib_a-ungetc.o)
 .ARM.attributes
                0x000009e6       0x34 c:/program files (x86)/atollic/truestudio for stm32 9.3.0/armtools/bin/../lib/gcc/arm-atollic-eabi/6.3.1/../../../../arm-atollic-eabi/lib/armv7e-m/fpu\libc_nano.a(lib_a-findfp.o)
 .ARM.attributes
                0x00000a1a       0x34 c:/program files (x86)/atollic/truestudio for stm32 9.3.0/armtools/bin/../lib/gcc/arm-atollic-eabi/6.3.1/../../../../arm-atollic-eabi/lib/armv7e-m/fpu\libc_nano.a(lib_a-locale.o)
 .ARM.attributes
                0x00000a4e       0x34 c:/program files (x86)/atollic/truestudio for stm32 9.3.0/armtools/bin/../lib/gcc/arm-atollic-eabi/6.3.1/../../../../arm-atollic-eabi/lib/armv7e-m/fpu\libc_nano.a(lib_a-mbtowc_r.o)
 .ARM.attributes
                0x00000a82       0x20 c:/program files (x86)/atollic/truestudio for stm32 9.3.0/armtools/bin/../lib/gcc/arm-atollic-eabi/6.3.1/../../../../arm-atollic-eabi/lib/armv7e-m/fpu\libc_nano.a(lib_a-memchr.o)
 .ARM.attributes
                0x00000aa2       0x34 c:/program files (x86)/atollic/truestudio for stm32 9.3.0/armtools/bin/../lib/gcc/arm-atollic-eabi/6.3.1/../../../../arm-atollic-eabi/lib/armv7e-m/fpu\libc_nano.a(lib_a-nano-freer.o)
 .ARM.attributes
                0x00000ad6       0x34 c:/program files (x86)/atollic/truestudio for stm32 9.3.0/armtools/bin/../lib/gcc/arm-atollic-eabi/6.3.1/../../../../arm-atollic-eabi/lib/armv7e-m/fpu\libc_nano.a(lib_a-nano-mallocr.o)
 .ARM.attributes
                0x00000b0a       0x34 c:/program files (x86)/atollic/truestudio for stm32 9.3.0/armtools/bin/../lib/gcc/arm-atollic-eabi/6.3.1/../../../../arm-atollic-eabi/lib/armv7e-m/fpu\libc_nano.a(lib_a-nano-reallocr.o)
 .ARM.attributes
                0x00000b3e       0x34 c:/program files (x86)/atollic/truestudio for stm32 9.3.0/armtools/bin/../lib/gcc/arm-atollic-eabi/6.3.1/../../../../arm-atollic-eabi/lib/armv7e-m/fpu\libc_nano.a(lib_a-sbrkr.o)
 .ARM.attributes
                0x00000b72       0x34 c:/program files (x86)/atollic/truestudio for stm32 9.3.0/armtools/bin/../lib/gcc/arm-atollic-eabi/6.3.1/../../../../arm-atollic-eabi/lib/armv7e-m/fpu\libc_nano.a(lib_a-wctomb_r.o)
 .ARM.attributes
                0x00000ba6       0x34 c:/program files (x86)/atollic/truestudio for stm32 9.3.0/armtools/bin/../lib/gcc/arm-atollic-eabi/6.3.1/../../../../arm-atollic-eabi/lib/armv7e-m/fpu\libc_nano.a(lib_a-ctype_.o)
 .ARM.attributes
                0x00000bda       0x34 c:/program files (x86)/atollic/truestudio for stm32 9.3.0/armtools/bin/../lib/gcc/arm-atollic-eabi/6.3.1/../../../../arm-atollic-eabi/lib/armv7e-m/fpu\libc_nano.a(lib_a-mlock.o)
 .ARM.attributes
                0x00000c0e       0x34 c:/program files (x86)/atollic/truestudio for stm32 9.3.0/armtools/bin/../lib/gcc/arm-atollic-eabi/6.3.1/../../../../arm-atollic-eabi/lib/armv7e-m/fpu\libc_nano.a(lib_a-nano-msizer.o)
 .ARM.attributes
                0x00000c42       0x34 c:/program files (x86)/atollic/truestudio for stm32 9.3.0/armtools/bin/../lib/gcc/arm-atollic-eabi/6.3.1/../../../../arm-atollic-eabi/lib/armv7e-m/fpu\libm.a(lib_a-s_round.o)
 .ARM.attributes
                0x00000c76       0x34 c:/program files (x86)/atollic/truestudio for stm32 9.3.0/armtools/bin/../lib/gcc/arm-atollic-eabi/6.3.1/../../../../arm-atollic-eabi/lib/armv7e-m/fpu\libm.a(lib_a-sf_atan.o)
 .ARM.attributes
                0x00000caa       0x34 c:/program files (x86)/atollic/truestudio for stm32 9.3.0/armtools/bin/../lib/gcc/arm-atollic-eabi/6.3.1/../../../../arm-atollic-eabi/lib/armv7e-m/fpu\libm.a(lib_a-sf_fabs.o)
 .ARM.attributes
                0x00000cde       0x34 c:/program files (x86)/atollic/truestudio for stm32 9.3.0/armtools/bin/../lib/gcc/arm-atollic-eabi/6.3.1/../../../../arm-atollic-eabi/lib/armv7e-m/fpu\libm.a(lib_a-sf_floor.o)
 .ARM.attributes
                0x00000d12       0x34 c:/program files (x86)/atollic/truestudio for stm32 9.3.0/armtools/bin/../lib/gcc/arm-atollic-eabi/6.3.1/../../../../arm-atollic-eabi/lib/armv7e-m/fpu\libm.a(lib_a-w_acos.o)
 .ARM.attributes
                0x00000d46       0x34 c:/program files (x86)/atollic/truestudio for stm32 9.3.0/armtools/bin/../lib/gcc/arm-atollic-eabi/6.3.1/../../../../arm-atollic-eabi/lib/armv7e-m/fpu\libm.a(lib_a-wf_acos.o)
 .ARM.attributes
                0x00000d7a       0x34 c:/program files (x86)/atollic/truestudio for stm32 9.3.0/armtools/bin/../lib/gcc/arm-atollic-eabi/6.3.1/../../../../arm-atollic-eabi/lib/armv7e-m/fpu\libm.a(lib_a-wf_sqrt.o)
 .ARM.attributes
                0x00000dae       0x34 c:/program files (x86)/atollic/truestudio for stm32 9.3.0/armtools/bin/../lib/gcc/arm-atollic-eabi/6.3.1/../../../../arm-atollic-eabi/lib/armv7e-m/fpu\libm.a(lib_a-e_acos.o)
 .ARM.attributes
                0x00000de2       0x34 c:/program files (x86)/atollic/truestudio for stm32 9.3.0/armtools/bin/../lib/gcc/arm-atollic-eabi/6.3.1/../../../../arm-atollic-eabi/lib/armv7e-m/fpu\libm.a(lib_a-e_sqrt.o)
 .ARM.attributes
                0x00000e16       0x34 c:/program files (x86)/atollic/truestudio for stm32 9.3.0/armtools/bin/../lib/gcc/arm-atollic-eabi/6.3.1/../../../../arm-atollic-eabi/lib/armv7e-m/fpu\libm.a(lib_a-ef_acos.o)
 .ARM.attributes
                0x00000e4a       0x34 c:/program files (x86)/atollic/truestudio for stm32 9.3.0/armtools/bin/../lib/gcc/arm-atollic-eabi/6.3.1/../../../../arm-atollic-eabi/lib/armv7e-m/fpu\libm.a(lib_a-ef_sqrt.o)
 .ARM.attributes
                0x00000e7e       0x34 c:/program files (x86)/atollic/truestudio for stm32 9.3.0/armtools/bin/../lib/gcc/arm-atollic-eabi/6.3.1/../../../../arm-atollic-eabi/lib/armv7e-m/fpu\libm.a(lib_a-s_fabs.o)
 .ARM.attributes
                0x00000eb2       0x34 c:/program files (x86)/atollic/truestudio for stm32 9.3.0/armtools/bin/../lib/gcc/arm-atollic-eabi/6.3.1/../../../../arm-atollic-eabi/lib/armv7e-m/fpu\libm.a(lib_a-s_lib_ver.o)
 .ARM.attributes
                0x00000ee6       0x34 c:/program files (x86)/atollic/truestudio for stm32 9.3.0/armtools/bin/../lib/gcc/arm-atollic-eabi/6.3.1/../../../../arm-atollic-eabi/lib/armv7e-m/fpu\libm.a(lib_a-s_matherr.o)
 .ARM.attributes
                0x00000f1a       0x34 c:/program files (x86)/atollic/truestudio for stm32 9.3.0/armtools/bin/../lib/gcc/arm-atollic-eabi/6.3.1/../../../../arm-atollic-eabi/lib/armv7e-m/fpu\libm.a(lib_a-s_nan.o)
 .ARM.attributes
                0x00000f4e       0x22 c:/program files (x86)/atollic/truestudio for stm32 9.3.0/armtools/bin/../lib/gcc/arm-atollic-eabi/6.3.1/armv7e-m/fpu\libgcc.a(_arm_addsubdf3.o)
 .ARM.attributes
                0x00000f70       0x22 c:/program files (x86)/atollic/truestudio for stm32 9.3.0/armtools/bin/../lib/gcc/arm-atollic-eabi/6.3.1/armv7e-m/fpu\libgcc.a(_arm_muldivdf3.o)
 .ARM.attributes
                0x00000f92       0x22 c:/program files (x86)/atollic/truestudio for stm32 9.3.0/armtools/bin/../lib/gcc/arm-atollic-eabi/6.3.1/armv7e-m/fpu\libgcc.a(_arm_cmpdf2.o)
 .ARM.attributes
                0x00000fb4       0x22 c:/program files (x86)/atollic/truestudio for stm32 9.3.0/armtools/bin/../lib/gcc/arm-atollic-eabi/6.3.1/armv7e-m/fpu\libgcc.a(_arm_unorddf2.o)
 .ARM.attributes
                0x00000fd6       0x22 c:/program files (x86)/atollic/truestudio for stm32 9.3.0/armtools/bin/../lib/gcc/arm-atollic-eabi/6.3.1/armv7e-m/fpu\libgcc.a(_arm_fixdfsi.o)
 .ARM.attributes
                0x00000ff8       0x22 c:/program files (x86)/atollic/truestudio for stm32 9.3.0/armtools/bin/../lib/gcc/arm-atollic-eabi/6.3.1/armv7e-m/fpu\libgcc.a(_arm_truncdfsf2.o)
 .ARM.attributes
                0x0000101a       0x22 c:/program files (x86)/atollic/truestudio for stm32 9.3.0/armtools/bin/../lib/gcc/arm-atollic-eabi/6.3.1/armv7e-m/fpu\libgcc.a(_aeabi_uldivmod.o)
 .ARM.attributes
                0x0000103c       0x34 c:/program files (x86)/atollic/truestudio for stm32 9.3.0/armtools/bin/../lib/gcc/arm-atollic-eabi/6.3.1/armv7e-m/fpu\libgcc.a(_udivmoddi4.o)
 .ARM.attributes
                0x00001070       0x22 c:/program files (x86)/atollic/truestudio for stm32 9.3.0/armtools/bin/../lib/gcc/arm-atollic-eabi/6.3.1/armv7e-m/fpu\libgcc.a(_dvmd_tls.o)
 .ARM.attributes
                0x00001092       0x22 c:/program files (x86)/atollic/truestudio for stm32 9.3.0/armtools/bin/../lib/gcc/arm-atollic-eabi/6.3.1/armv7e-m/fpu/crtn.o
OUTPUT(RM_stm32sw_v3.elf elf32-littlearm)

.debug_info     0x00000000    0x20d86
 .debug_info    0x00000000      0xa66 Drivers\STM32F4xx_HAL_Driver\Src\stm32f4xx_hal.o
 .debug_info    0x00000a66      0xe02 Drivers\STM32F4xx_HAL_Driver\Src\stm32f4xx_hal_adc.o
 .debug_info    0x00001868      0xfa8 Drivers\STM32F4xx_HAL_Driver\Src\stm32f4xx_hal_cortex.o
 .debug_info    0x00002810      0xa9d Drivers\STM32F4xx_HAL_Driver\Src\stm32f4xx_hal_dma.o
 .debug_info    0x000032ad      0x814 Drivers\STM32F4xx_HAL_Driver\Src\stm32f4xx_hal_gpio.o
 .debug_info    0x00003ac1     0x341f Drivers\STM32F4xx_HAL_Driver\Src\stm32f4xx_hal_i2c.o
 .debug_info    0x00006ee0      0x814 Drivers\STM32F4xx_HAL_Driver\Src\stm32f4xx_hal_pwr_ex.o
 .debug_info    0x000076f4      0xaed Drivers\STM32F4xx_HAL_Driver\Src\stm32f4xx_hal_rcc.o
 .debug_info    0x000081e1      0xc39 Drivers\STM32F4xx_HAL_Driver\Src\stm32f4xx_hal_rcc_ex.o
 .debug_info    0x00008e1a      0xed7 Drivers\STM32F4xx_HAL_Driver\Src\stm32f4xx_hal_rtc.o
 .debug_info    0x00009cf1     0x1deb Drivers\STM32F4xx_HAL_Driver\Src\stm32f4xx_hal_spi.o
 .debug_info    0x0000badc     0x3521 Drivers\STM32F4xx_HAL_Driver\Src\stm32f4xx_hal_tim.o
 .debug_info    0x0000effd     0x134f Drivers\STM32F4xx_HAL_Driver\Src\stm32f4xx_hal_tim_ex.o
 .debug_info    0x0001034c     0x16b0 Drivers\STM32F4xx_HAL_Driver\Src\stm32f4xx_hal_uart.o
 .debug_info    0x000119fc     0x14f5 Src\leg.o
 .debug_info    0x00012ef1     0x4263 Src\main.o
 .debug_info    0x00017154     0x23bb Src\robot.o
 .debug_info    0x0001950f     0x15aa Src\serial.o
 .debug_info    0x0001aab9     0x136b Src\servo.o
 .debug_info    0x0001be24     0x22c3 Src\stm32f4xx_hal_msp.o
 .debug_info    0x0001e0e7      0xa90 Src\stm32f4xx_it.o
 .debug_info    0x0001eb77      0xfe1 Src\syscalls.o
 .debug_info    0x0001fb58      0x58f Src\system_stm32f4xx.o
 .debug_info    0x000200e7      0xc11 Src\tools.o
 .debug_info    0x00020cf8       0x8e startup\startup_stm32f446xx.o

.debug_abbrev   0x00000000     0x4088
 .debug_abbrev  0x00000000      0x239 Drivers\STM32F4xx_HAL_Driver\Src\stm32f4xx_hal.o
 .debug_abbrev  0x00000239      0x2bf Drivers\STM32F4xx_HAL_Driver\Src\stm32f4xx_hal_adc.o
 .debug_abbrev  0x000004f8      0x314 Drivers\STM32F4xx_HAL_Driver\Src\stm32f4xx_hal_cortex.o
 .debug_abbrev  0x0000080c      0x2e8 Drivers\STM32F4xx_HAL_Driver\Src\stm32f4xx_hal_dma.o
 .debug_abbrev  0x00000af4      0x1ef Drivers\STM32F4xx_HAL_Driver\Src\stm32f4xx_hal_gpio.o
 .debug_abbrev  0x00000ce3      0x38a Drivers\STM32F4xx_HAL_Driver\Src\stm32f4xx_hal_i2c.o
 .debug_abbrev  0x0000106d      0x1be Drivers\STM32F4xx_HAL_Driver\Src\stm32f4xx_hal_pwr_ex.o
 .debug_abbrev  0x0000122b      0x2cb Drivers\STM32F4xx_HAL_Driver\Src\stm32f4xx_hal_rcc.o
 .debug_abbrev  0x000014f6      0x20d Drivers\STM32F4xx_HAL_Driver\Src\stm32f4xx_hal_rcc_ex.o
 .debug_abbrev  0x00001703      0x240 Drivers\STM32F4xx_HAL_Driver\Src\stm32f4xx_hal_rtc.o
 .debug_abbrev  0x00001943      0x335 Drivers\STM32F4xx_HAL_Driver\Src\stm32f4xx_hal_spi.o
 .debug_abbrev  0x00001c78      0x324 Drivers\STM32F4xx_HAL_Driver\Src\stm32f4xx_hal_tim.o
 .debug_abbrev  0x00001f9c      0x29c Drivers\STM32F4xx_HAL_Driver\Src\stm32f4xx_hal_tim_ex.o
 .debug_abbrev  0x00002238      0x313 Drivers\STM32F4xx_HAL_Driver\Src\stm32f4xx_hal_uart.o
 .debug_abbrev  0x0000254b      0x2a9 Src\leg.o
 .debug_abbrev  0x000027f4      0x365 Src\main.o
 .debug_abbrev  0x00002b59      0x387 Src\robot.o
 .debug_abbrev  0x00002ee0      0x40d Src\serial.o
 .debug_abbrev  0x000032ed      0x2a7 Src\servo.o
 .debug_abbrev  0x00003594      0x270 Src\stm32f4xx_hal_msp.o
 .debug_abbrev  0x00003804      0x1da Src\stm32f4xx_it.o
 .debug_abbrev  0x000039de      0x2d9 Src\syscalls.o
 .debug_abbrev  0x00003cb7      0x126 Src\system_stm32f4xx.o
 .debug_abbrev  0x00003ddd      0x299 Src\tools.o
 .debug_abbrev  0x00004076       0x12 startup\startup_stm32f446xx.o

.debug_loc      0x00000000     0xe250
 .debug_loc     0x00000000      0x12e Drivers\STM32F4xx_HAL_Driver\Src\stm32f4xx_hal.o
 .debug_loc     0x0000012e      0x7d3 Drivers\STM32F4xx_HAL_Driver\Src\stm32f4xx_hal_adc.o
 .debug_loc     0x00000901      0x4fb Drivers\STM32F4xx_HAL_Driver\Src\stm32f4xx_hal_cortex.o
 .debug_loc     0x00000dfc      0x727 Drivers\STM32F4xx_HAL_Driver\Src\stm32f4xx_hal_dma.o
 .debug_loc     0x00001523      0x362 Drivers\STM32F4xx_HAL_Driver\Src\stm32f4xx_hal_gpio.o
 .debug_loc     0x00001885     0x3009 Drivers\STM32F4xx_HAL_Driver\Src\stm32f4xx_hal_i2c.o
 .debug_loc     0x0000488e      0x15d Drivers\STM32F4xx_HAL_Driver\Src\stm32f4xx_hal_pwr_ex.o
 .debug_loc     0x000049eb      0x346 Drivers\STM32F4xx_HAL_Driver\Src\stm32f4xx_hal_rcc.o
 .debug_loc     0x00004d31      0xa31 Drivers\STM32F4xx_HAL_Driver\Src\stm32f4xx_hal_rcc_ex.o
 .debug_loc     0x00005762      0x821 Drivers\STM32F4xx_HAL_Driver\Src\stm32f4xx_hal_rtc.o
 .debug_loc     0x00005f83     0x1830 Drivers\STM32F4xx_HAL_Driver\Src\stm32f4xx_hal_spi.o
 .debug_loc     0x000077b3     0x3009 Drivers\STM32F4xx_HAL_Driver\Src\stm32f4xx_hal_tim.o
 .debug_loc     0x0000a7bc      0xa7c Drivers\STM32F4xx_HAL_Driver\Src\stm32f4xx_hal_tim_ex.o
 .debug_loc     0x0000b238     0x1350 Drivers\STM32F4xx_HAL_Driver\Src\stm32f4xx_hal_uart.o
 .debug_loc     0x0000c588      0x444 Src\leg.o
 .debug_loc     0x0000c9cc       0x3f Src\main.o
 .debug_loc     0x0000ca0b      0x46e Src\robot.o
 .debug_loc     0x0000ce79      0x7ef Src\serial.o
 .debug_loc     0x0000d668      0x293 Src\servo.o
 .debug_loc     0x0000d8fb      0x250 Src\stm32f4xx_hal_msp.o
 .debug_loc     0x0000db4b      0x3ef Src\syscalls.o
 .debug_loc     0x0000df3a      0x11c Src\system_stm32f4xx.o
 .debug_loc     0x0000e056      0x1fa Src\tools.o

.debug_aranges  0x00000000     0x1158
 .debug_aranges
                0x00000000       0xe8 Drivers\STM32F4xx_HAL_Driver\Src\stm32f4xx_hal.o
 .debug_aranges
                0x000000e8       0xb8 Drivers\STM32F4xx_HAL_Driver\Src\stm32f4xx_hal_adc.o
 .debug_aranges
                0x000001a0       0xa8 Drivers\STM32F4xx_HAL_Driver\Src\stm32f4xx_hal_cortex.o
 .debug_aranges
                0x00000248       0x80 Drivers\STM32F4xx_HAL_Driver\Src\stm32f4xx_hal_dma.o
 .debug_aranges
                0x000002c8       0x58 Drivers\STM32F4xx_HAL_Driver\Src\stm32f4xx_hal_gpio.o
 .debug_aranges
                0x00000320      0x1b8 Drivers\STM32F4xx_HAL_Driver\Src\stm32f4xx_hal_i2c.o
 .debug_aranges
                0x000004d8       0x60 Drivers\STM32F4xx_HAL_Driver\Src\stm32f4xx_hal_pwr_ex.o
 .debug_aranges
                0x00000538       0x88 Drivers\STM32F4xx_HAL_Driver\Src\stm32f4xx_hal_rcc.o
 .debug_aranges
                0x000005c0       0x78 Drivers\STM32F4xx_HAL_Driver\Src\stm32f4xx_hal_rcc_ex.o
 .debug_aranges
                0x00000638       0xa8 Drivers\STM32F4xx_HAL_Driver\Src\stm32f4xx_hal_rtc.o
 .debug_aranges
                0x000006e0      0x188 Drivers\STM32F4xx_HAL_Driver\Src\stm32f4xx_hal_spi.o
 .debug_aranges
                0x00000868      0x278 Drivers\STM32F4xx_HAL_Driver\Src\stm32f4xx_hal_tim.o
 .debug_aranges
                0x00000ae0       0xf8 Drivers\STM32F4xx_HAL_Driver\Src\stm32f4xx_hal_tim_ex.o
 .debug_aranges
                0x00000bd8      0x170 Drivers\STM32F4xx_HAL_Driver\Src\stm32f4xx_hal_uart.o
 .debug_aranges
                0x00000d48       0x48 Src\leg.o
 .debug_aranges
                0x00000d90       0x38 Src\main.o
 .debug_aranges
                0x00000dc8       0x60 Src\robot.o
 .debug_aranges
                0x00000e28       0x80 Src\serial.o
 .debug_aranges
                0x00000ea8       0x58 Src\servo.o
 .debug_aranges
                0x00000f00       0x98 Src\stm32f4xx_hal_msp.o
 .debug_aranges
                0x00000f98       0x90 Src\stm32f4xx_it.o
 .debug_aranges
                0x00001028       0xb0 Src\syscalls.o
 .debug_aranges
                0x000010d8       0x28 Src\system_stm32f4xx.o
 .debug_aranges
                0x00001100       0x30 Src\tools.o
 .debug_aranges
                0x00001130       0x28 startup\startup_stm32f446xx.o

.debug_ranges   0x00000000     0x1860
 .debug_ranges  0x00000000       0xd8 Drivers\STM32F4xx_HAL_Driver\Src\stm32f4xx_hal.o
 .debug_ranges  0x000000d8       0xc8 Drivers\STM32F4xx_HAL_Driver\Src\stm32f4xx_hal_adc.o
 .debug_ranges  0x000001a0      0x128 Drivers\STM32F4xx_HAL_Driver\Src\stm32f4xx_hal_cortex.o
 .debug_ranges  0x000002c8       0xc8 Drivers\STM32F4xx_HAL_Driver\Src\stm32f4xx_hal_dma.o
 .debug_ranges  0x00000390       0x68 Drivers\STM32F4xx_HAL_Driver\Src\stm32f4xx_hal_gpio.o
 .debug_ranges  0x000003f8      0x3c0 Drivers\STM32F4xx_HAL_Driver\Src\stm32f4xx_hal_i2c.o
 .debug_ranges  0x000007b8       0xb0 Drivers\STM32F4xx_HAL_Driver\Src\stm32f4xx_hal_pwr_ex.o
 .debug_ranges  0x00000868       0xb0 Drivers\STM32F4xx_HAL_Driver\Src\stm32f4xx_hal_rcc.o
 .debug_ranges  0x00000918       0x80 Drivers\STM32F4xx_HAL_Driver\Src\stm32f4xx_hal_rcc_ex.o
 .debug_ranges  0x00000998       0x98 Drivers\STM32F4xx_HAL_Driver\Src\stm32f4xx_hal_rtc.o
 .debug_ranges  0x00000a30      0x238 Drivers\STM32F4xx_HAL_Driver\Src\stm32f4xx_hal_spi.o
 .debug_ranges  0x00000c68      0x340 Drivers\STM32F4xx_HAL_Driver\Src\stm32f4xx_hal_tim.o
 .debug_ranges  0x00000fa8       0xe8 Drivers\STM32F4xx_HAL_Driver\Src\stm32f4xx_hal_tim_ex.o
 .debug_ranges  0x00001090      0x178 Drivers\STM32F4xx_HAL_Driver\Src\stm32f4xx_hal_uart.o
 .debug_ranges  0x00001208       0x38 Src\leg.o
 .debug_ranges  0x00001240      0x198 Src\main.o
 .debug_ranges  0x000013d8       0x98 Src\robot.o
 .debug_ranges  0x00001470       0x88 Src\serial.o
 .debug_ranges  0x000014f8       0x48 Src\servo.o
 .debug_ranges  0x00001540      0x1a8 Src\stm32f4xx_hal_msp.o
 .debug_ranges  0x000016e8       0x80 Src\stm32f4xx_it.o
 .debug_ranges  0x00001768       0xa0 Src\syscalls.o
 .debug_ranges  0x00001808       0x18 Src\system_stm32f4xx.o
 .debug_ranges  0x00001820       0x20 Src\tools.o
 .debug_ranges  0x00001840       0x20 startup\startup_stm32f446xx.o

.debug_line     0x00000000     0xa751
 .debug_line    0x00000000      0x420 Drivers\STM32F4xx_HAL_Driver\Src\stm32f4xx_hal.o
 .debug_line    0x00000420      0x725 Drivers\STM32F4xx_HAL_Driver\Src\stm32f4xx_hal_adc.o
 .debug_line    0x00000b45      0x469 Drivers\STM32F4xx_HAL_Driver\Src\stm32f4xx_hal_cortex.o
 .debug_line    0x00000fae      0x56e Drivers\STM32F4xx_HAL_Driver\Src\stm32f4xx_hal_dma.o
 .debug_line    0x0000151c      0x3e5 Drivers\STM32F4xx_HAL_Driver\Src\stm32f4xx_hal_gpio.o
 .debug_line    0x00001901     0x1c1b Drivers\STM32F4xx_HAL_Driver\Src\stm32f4xx_hal_i2c.o
 .debug_line    0x0000351c      0x334 Drivers\STM32F4xx_HAL_Driver\Src\stm32f4xx_hal_pwr_ex.o
 .debug_line    0x00003850      0x51a Drivers\STM32F4xx_HAL_Driver\Src\stm32f4xx_hal_rcc.o
 .debug_line    0x00003d6a      0x6f3 Drivers\STM32F4xx_HAL_Driver\Src\stm32f4xx_hal_rcc_ex.o
 .debug_line    0x0000445d      0x60e Drivers\STM32F4xx_HAL_Driver\Src\stm32f4xx_hal_rtc.o
 .debug_line    0x00004a6b      0xb7e Drivers\STM32F4xx_HAL_Driver\Src\stm32f4xx_hal_spi.o
 .debug_line    0x000055e9     0x1197 Drivers\STM32F4xx_HAL_Driver\Src\stm32f4xx_hal_tim.o
 .debug_line    0x00006780      0x6b4 Drivers\STM32F4xx_HAL_Driver\Src\stm32f4xx_hal_tim_ex.o
 .debug_line    0x00006e34      0xb95 Drivers\STM32F4xx_HAL_Driver\Src\stm32f4xx_hal_uart.o
 .debug_line    0x000079c9      0x408 Src\leg.o