Archive member included to satisfy reference by file (symbol)

c:/program files (x86)/atollic/truestudio for stm32 9.0.1/armtools/bin/../lib/gcc/arm-atollic-eabi/6.3.1/../../../../arm-atollic-eabi/lib/armv7e-m/fpu\libc_nano.a(lib_a-atoi.o)
                              Src\main.o (atoi)
c:/program files (x86)/atollic/truestudio for stm32 9.0.1/armtools/bin/../lib/gcc/arm-atollic-eabi/6.3.1/../../../../arm-atollic-eabi/lib/armv7e-m/fpu\libc_nano.a(lib_a-init.o)
                              startup\startup_stm32f405xx.o (__libc_init_array)
c:/program files (x86)/atollic/truestudio for stm32 9.0.1/armtools/bin/../lib/gcc/arm-atollic-eabi/6.3.1/../../../../arm-atollic-eabi/lib/armv7e-m/fpu\libc_nano.a(lib_a-memcpy-stub.o)
                              Src\imu.o (memcpy)
c:/program files (x86)/atollic/truestudio for stm32 9.0.1/armtools/bin/../lib/gcc/arm-atollic-eabi/6.3.1/../../../../arm-atollic-eabi/lib/armv7e-m/fpu\libc_nano.a(lib_a-memset.o)
                              Src\led.o (memset)
c:/program files (x86)/atollic/truestudio for stm32 9.0.1/armtools/bin/../lib/gcc/arm-atollic-eabi/6.3.1/../../../../arm-atollic-eabi/lib/armv7e-m/fpu\libc_nano.a(lib_a-strlen.o)
                              Src\led.o (strlen)
c:/program files (x86)/atollic/truestudio for stm32 9.0.1/armtools/bin/../lib/gcc/arm-atollic-eabi/6.3.1/../../../../arm-atollic-eabi/lib/armv7e-m/fpu\libc_nano.a(lib_a-strtol.o)
                              c:/program files (x86)/atollic/truestudio for stm32 9.0.1/armtools/bin/../lib/gcc/arm-atollic-eabi/6.3.1/../../../../arm-atollic-eabi/lib/armv7e-m/fpu\libc_nano.a(lib_a-atoi.o) (_strtol_r)
c:/program files (x86)/atollic/truestudio for stm32 9.0.1/armtools/bin/../lib/gcc/arm-atollic-eabi/6.3.1/../../../../arm-atollic-eabi/lib/armv7e-m/fpu\libc_nano.a(lib_a-impure.o)
                              c:/program files (x86)/atollic/truestudio for stm32 9.0.1/armtools/bin/../lib/gcc/arm-atollic-eabi/6.3.1/../../../../arm-atollic-eabi/lib/armv7e-m/fpu\libc_nano.a(lib_a-strtol.o) (_impure_ptr)
c:/program files (x86)/atollic/truestudio for stm32 9.0.1/armtools/bin/../lib/gcc/arm-atollic-eabi/6.3.1/../../../../arm-atollic-eabi/lib/armv7e-m/fpu\libc_nano.a(lib_a-locale.o)
                              c:/program files (x86)/atollic/truestudio for stm32 9.0.1/armtools/bin/../lib/gcc/arm-atollic-eabi/6.3.1/../../../../arm-atollic-eabi/lib/armv7e-m/fpu\libc_nano.a(lib_a-strtol.o) (__locale_ctype_ptr_l)
c:/program files (x86)/atollic/truestudio for stm32 9.0.1/armtools/bin/../lib/gcc/arm-atollic-eabi/6.3.1/../../../../arm-atollic-eabi/lib/armv7e-m/fpu\libc_nano.a(lib_a-mbtowc_r.o)
                              c:/program files (x86)/atollic/truestudio for stm32 9.0.1/armtools/bin/../lib/gcc/arm-atollic-eabi/6.3.1/../../../../arm-atollic-eabi/lib/armv7e-m/fpu\libc_nano.a(lib_a-locale.o) (__ascii_mbtowc)
c:/program files (x86)/atollic/truestudio for stm32 9.0.1/armtools/bin/../lib/gcc/arm-atollic-eabi/6.3.1/../../../../arm-atollic-eabi/lib/armv7e-m/fpu\libc_nano.a(lib_a-strcmp.o)
                              c:/program files (x86)/atollic/truestudio for stm32 9.0.1/armtools/bin/../lib/gcc/arm-atollic-eabi/6.3.1/../../../../arm-atollic-eabi/lib/armv7e-m/fpu\libc_nano.a(lib_a-locale.o) (strcmp)
c:/program files (x86)/atollic/truestudio for stm32 9.0.1/armtools/bin/../lib/gcc/arm-atollic-eabi/6.3.1/../../../../arm-atollic-eabi/lib/armv7e-m/fpu\libc_nano.a(lib_a-wctomb_r.o)
                              c:/program files (x86)/atollic/truestudio for stm32 9.0.1/armtools/bin/../lib/gcc/arm-atollic-eabi/6.3.1/../../../../arm-atollic-eabi/lib/armv7e-m/fpu\libc_nano.a(lib_a-locale.o) (__ascii_wctomb)
c:/program files (x86)/atollic/truestudio for stm32 9.0.1/armtools/bin/../lib/gcc/arm-atollic-eabi/6.3.1/../../../../arm-atollic-eabi/lib/armv7e-m/fpu\libc_nano.a(lib_a-ctype_.o)
                              c:/program files (x86)/atollic/truestudio for stm32 9.0.1/armtools/bin/../lib/gcc/arm-atollic-eabi/6.3.1/../../../../arm-atollic-eabi/lib/armv7e-m/fpu\libc_nano.a(lib_a-locale.o) (_ctype_)
c:/program files (x86)/atollic/truestudio for stm32 9.0.1/armtools/bin/../lib/gcc/arm-atollic-eabi/6.3.1/../../../../arm-atollic-eabi/lib/armv7e-m/fpu\libm.a(lib_a-s_cos.o)
                              Src\main.o (cos)
c:/program files (x86)/atollic/truestudio for stm32 9.0.1/armtools/bin/../lib/gcc/arm-atollic-eabi/6.3.1/../../../../arm-atollic-eabi/lib/armv7e-m/fpu\libm.a(lib_a-s_sin.o)
                              Src\main.o (sin)
c:/program files (x86)/atollic/truestudio for stm32 9.0.1/armtools/bin/../lib/gcc/arm-atollic-eabi/6.3.1/../../../../arm-atollic-eabi/lib/armv7e-m/fpu\libm.a(lib_a-s_tan.o)
                              Src\myAHRS.o (tan)
c:/program files (x86)/atollic/truestudio for stm32 9.0.1/armtools/bin/../lib/gcc/arm-atollic-eabi/6.3.1/../../../../arm-atollic-eabi/lib/armv7e-m/fpu\libm.a(lib_a-w_acos.o)
                              Src\myAHRS.o (acos)
[...]
Memory Configuration

Name             Origin             Length             Attributes
RAM              0x20000000         0x00020000         xrw
CCMRAM           0x10000000         0x00010000         rw
FLASH            0x08000000         0x00100000         xr
*default*        0x00000000         0xffffffff

Linker script and memory map

LOAD c:/program files (x86)/atollic/truestudio for stm32 9.0.1/armtools/bin/../lib/gcc/arm-atollic-eabi/6.3.1/armv7e-m/fpu/crti.o
LOAD c:/program files (x86)/atollic/truestudio for stm32 9.0.1/armtools/bin/../lib/gcc/arm-atollic-eabi/6.3.1/armv7e-m/fpu/crtbegin.o
LOAD Drivers\STM32F4xx_HAL_Driver\Src\stm32f4xx_hal.o
LOAD Drivers\STM32F4xx_HAL_Driver\Src\stm32f4xx_hal_adc.o
LOAD Drivers\STM32F4xx_HAL_Driver\Src\stm32f4xx_hal_adc_ex.o
LOAD Drivers\STM32F4xx_HAL_Driver\Src\stm32f4xx_hal_cortex.o
LOAD Drivers\STM32F4xx_HAL_Driver\Src\stm32f4xx_hal_dma.o
LOAD Drivers\STM32F4xx_HAL_Driver\Src\stm32f4xx_hal_dma_ex.o
LOAD Drivers\STM32F4xx_HAL_Driver\Src\stm32f4xx_hal_flash.o
LOAD Drivers\STM32F4xx_HAL_Driver\Src\stm32f4xx_hal_flash_ex.o
LOAD Drivers\STM32F4xx_HAL_Driver\Src\stm32f4xx_hal_flash_ramfunc.o
LOAD Drivers\STM32F4xx_HAL_Driver\Src\stm32f4xx_hal_gpio.o
LOAD Drivers\STM32F4xx_HAL_Driver\Src\stm32f4xx_hal_i2c.o
LOAD Drivers\STM32F4xx_HAL_Driver\Src\stm32f4xx_hal_i2c_ex.o
LOAD Drivers\STM32F4xx_HAL_Driver\Src\stm32f4xx_hal_pwr.o
LOAD Drivers\STM32F4xx_HAL_Driver\Src\stm32f4xx_hal_pwr_ex.o
LOAD Drivers\STM32F4xx_HAL_Driver\Src\stm32f4xx_hal_rcc.o
LOAD Drivers\STM32F4xx_HAL_Driver\Src\stm32f4xx_hal_rcc_ex.o
LOAD Drivers\STM32F4xx_HAL_Driver\Src\stm32f4xx_hal_tim.o
LOAD Drivers\STM32F4xx_HAL_Driver\Src\stm32f4xx_hal_tim_ex.o
LOAD Drivers\STM32F4xx_HAL_Driver\Src\stm32f4xx_hal_uart.o
LOAD Src\battery.o
LOAD Src\encoder.o
LOAD Src\ewma.o
LOAD Src\imu.o
LOAD Src\led.o
LOAD Src\main.o
LOAD Src\motor.o
LOAD Src\myAHRS.o
LOAD Src\mymath.o
LOAD Src\pid.o
LOAD Src\ppm_sum_input.o
LOAD Src\serial.o
LOAD Src\speed.o
LOAD Src\stm32f4xx_hal_msp.o
LOAD Src\stm32f4xx_it.o
LOAD Src\system_stm32f4xx.o
LOAD startup\startup_stm32f405xx.o
                0x00000080                malloc_getpagesize_P = 0x80
START GROUP
LOAD c:/program files (x86)/atollic/truestudio for stm32 9.0.1/armtools/bin/../lib/gcc/arm-atollic-eabi/6.3.1/../../../../arm-atollic-eabi/lib/armv7e-m/fpu\libc_nano.a
LOAD c:/program files (x86)/atollic/truestudio for stm32 9.0.1/armtools/bin/../lib/gcc/arm-atollic-eabi/6.3.1/../../../../arm-atollic-eabi/lib/armv7e-m/fpu\libm.a
END GROUP
START GROUP
LOAD c:/program files (x86)/atollic/truestudio for stm32 9.0.1/armtools/bin/../lib/gcc/arm-atollic-eabi/6.3.1/armv7e-m/fpu\libgcc.a
LOAD c:/program files (x86)/atollic/truestudio for stm32 9.0.1/armtools/bin/../lib/gcc/arm-atollic-eabi/6.3.1/../../../../arm-atollic-eabi/lib/armv7e-m/fpu\libc_nano.a
END GROUP
START GROUP
LOAD c:/program files (x86)/atollic/truestudio for stm32 9.0.1/armtools/bin/../lib/gcc/arm-atollic-eabi/6.3.1/armv7e-m/fpu\libgcc.a
LOAD c:/program files (x86)/atollic/truestudio for stm32 9.0.1/armtools/bin/../lib/gcc/arm-atollic-eabi/6.3.1/../../../../arm-atollic-eabi/lib/armv7e-m/fpu\libc_nano.a
LOAD c:/program files (x86)/atollic/truestudio for stm32 9.0.1/armtools/bin/../lib/gcc/arm-atollic-eabi/6.3.1/../../../../arm-atollic-eabi/lib/armv7e-m/fpu\libnosys.a
END GROUP
START GROUP
LOAD c:/program files (x86)/atollic/truestudio for stm32 9.0.1/armtools/bin/../lib/gcc/arm-atollic-eabi/6.3.1/armv7e-m/fpu\libgcc.a
LOAD c:/program files (x86)/atollic/truestudio for stm32 9.0.1/armtools/bin/../lib/gcc/arm-atollic-eabi/6.3.1/../../../../arm-atollic-eabi/lib/armv7e-m/fpu\libc_nano.a
LOAD c:/program files (x86)/atollic/truestudio for stm32 9.0.1/armtools/bin/../lib/gcc/arm-atollic-eabi/6.3.1/../../../../arm-atollic-eabi/lib/armv7e-m/fpu\libnosys.a
END GROUP
LOAD c:/program files (x86)/atollic/truestudio for stm32 9.0.1/armtools/bin/../lib/gcc/arm-atollic-eabi/6.3.1/armv7e-m/fpu/crtend.o
LOAD c:/program files (x86)/atollic/truestudio for stm32 9.0.1/armtools/bin/../lib/gcc/arm-atollic-eabi/6.3.1/armv7e-m/fpu/crtn.o
                0x20020000                _estack = 0x20020000
                0x00000200                _Min_Heap_Size = 0x200
                0x00000400                _Min_Stack_Size = 0x400

.isr_vector     0x08000000      0x188
                0x08000000                . = ALIGN (0x4)
 *(.isr_vector)
 .isr_vector    0x08000000      0x188 startup\startup_stm32f405xx.o
                0x08000000                g_pfnVectors
                0x08000188                . = ALIGN (0x4)

.text           0x08000188     0xcb5c
                0x08000188                . = ALIGN (0x4)
 *(.text)
 .text          0x08000188       0x40 c:/program files (x86)/atollic/truestudio for stm32 9.0.1/armtools/bin/../lib/gcc/arm-atollic-eabi/6.3.1/armv7e-m/fpu/crtbegin.o
 .text          0x080001c8       0x10 c:/program files (x86)/atollic/truestudio for stm32 9.0.1/armtools/bin/../lib/gcc/arm-atollic-eabi/6.3.1/../../../../arm-atollic-eabi/lib/armv7e-m/fpu\libc_nano.a(lib_a-strlen.o)
                0x080001c8                strlen
 .text          0x080001d8      0x370 c:/program files (x86)/atollic/truestudio for stm32 9.0.1/armtools/bin/../lib/gcc/arm-atollic-eabi/6.3.1/armv7e-m/fpu\libgcc.a(_arm_addsubdf3.o)
                0x080001d8                __aeabi_drsub
                0x080001e0                __aeabi_dsub
                0x080001e0                __subdf3
                0x080001e4                __aeabi_dadd
                0x080001e4                __adddf3
                0x0800045c                __floatunsidf
                0x0800045c                __aeabi_ui2d
                0x0800047c                __floatsidf
                0x0800047c                __aeabi_i2d
                0x080004a0                __aeabi_f2d
                0x080004a0                __extendsfdf2
                0x080004dc                __floatundidf
                0x080004dc                __aeabi_ul2d
                0x080004ec                __floatdidf
                0x080004ec                __aeabi_l2d
 .text          0x08000548      0x424 c:/program files (x86)/atollic/truestudio for stm32 9.0.1/armtools/bin/../lib/gcc/arm-atollic-eabi/6.3.1/armv7e-m/fpu\libgcc.a(_arm_muldivdf3.o)
                0x08000548                __aeabi_dmul
                0x08000548                __muldf3
                0x0800079c                __divdf3
                0x0800079c                __aeabi_ddiv
 .text          0x0800096c      0x110 c:/program files (x86)/atollic/truestudio for stm32 9.0.1/armtools/bin/../lib/gcc/arm-atollic-eabi/6.3.1/armv7e-m/fpu\libgcc.a(_arm_cmpdf2.o)
                0x0800096c                __gtdf2
                0x0800096c                __gedf2
                0x08000974                __ltdf2
                0x08000974                __ledf2
                0x0800097c                __nedf2
                0x0800097c                __eqdf2
                0x0800097c                __cmpdf2
                0x080009f8                __aeabi_cdrcmple
                0x08000a08                __aeabi_cdcmpeq
                0x08000a08                __aeabi_cdcmple
                0x08000a18                __aeabi_dcmpeq
                0x08000a2c                __aeabi_dcmplt
                0x08000a40                __aeabi_dcmple
                0x08000a54                __aeabi_dcmpge
                0x08000a68                __aeabi_dcmpgt
 .text          0x08000a7c       0x2c c:/program files (x86)/atollic/truestudio for stm32 9.0.1/armtools/bin/../lib/gcc/arm-atollic-eabi/6.3.1/armv7e-m/fpu\libgcc.a(_arm_unorddf2.o)
                0x08000a7c                __unorddf2
                0x08000a7c                __aeabi_dcmpun
 .text          0x08000aa8       0x50 c:/program files (x86)/atollic/truestudio for stm32 9.0.1/armtools/bin/../lib/gcc/arm-atollic-eabi/6.3.1/armv7e-m/fpu\libgcc.a(_arm_fixdfsi.o)
                0x08000aa8                __aeabi_d2iz
                0x08000aa8                __fixdfsi
 .text          0x08000af8       0xa0 c:/program files (x86)/atollic/truestudio for stm32 9.0.1/armtools/bin/../lib/gcc/arm-atollic-eabi/6.3.1/armv7e-m/fpu\libgcc.a(_arm_truncdfsf2.o)
                0x08000af8                __truncdfsf2
                0x08000af8                __aeabi_d2f
 .text          0x08000b98       0x30 c:/program files (x86)/atollic/truestudio for stm32 9.0.1/armtools/bin/../lib/gcc/arm-atollic-eabi/6.3.1/armv7e-m/fpu\libgcc.a(_aeabi_uldivmod.o)
                0x08000b98                __aeabi_uldivmod
 .text          0x08000bc8      0x2dc c:/program files (x86)/atollic/truestudio for stm32 9.0.1/armtools/bin/../lib/gcc/arm-atollic-eabi/6.3.1/armv7e-m/fpu\libgcc.a(_udivmoddi4.o)
                0x08000bc8                __udivmoddi4
 .text          0x08000ea4        0x4 c:/program files (x86)/atollic/truestudio for stm32 9.0.1/armtools/bin/../lib/gcc/arm-atollic-eabi/6.3.1/armv7e-m/fpu\libgcc.a(_dvmd_tls.o)
                0x08000ea4                __aeabi_idiv0
                0x08000ea4                __aeabi_ldiv0
 *(.text*)
 .text.HAL_Init
                0x08000ea8       0x44 Drivers\STM32F4xx_HAL_Driver\Src\stm32f4xx_hal.o
                0x08000ea8                HAL_Init
 .text.HAL_InitTick
                0x08000eec       0x60 Drivers\STM32F4xx_HAL_Driver\Src\stm32f4xx_hal.o
                0x08000eec                HAL_InitTick
 .text.HAL_IncTick
                0x08000f4c       0x28 Drivers\STM32F4xx_HAL_Driver\Src\stm32f4xx_hal.o
                0x08000f4c                HAL_IncTick
 .text.HAL_GetTick
                0x08000f74       0x18 Drivers\STM32F4xx_HAL_Driver\Src\stm32f4xx_hal.o
                0x08000f74                HAL_GetTick
 .text.HAL_Delay
                0x08000f8c       0x44 Drivers\STM32F4xx_HAL_Driver\Src\stm32f4xx_hal.o
                0x08000f8c                HAL_Delay
 .text.HAL_ADC_Init
                0x08000fd0       0x86 Drivers\STM32F4xx_HAL_Driver\Src\stm32f4xx_hal_adc.o
                0x08000fd0                HAL_ADC_Init
 *fill*         0x08001056        0x2 
 .text.HAL_ADC_Start_DMA
                0x08001058      0x1a4 Drivers\STM32F4xx_HAL_Driver\Src\stm32f4xx_hal_adc.o
                0x08001058                HAL_ADC_Start_DMA
 .text.HAL_ADC_ConvCpltCallback
                0x080011fc       0x14 Drivers\STM32F4xx_HAL_Driver\Src\stm32f4xx_hal_adc.o
                0x080011fc                HAL_ADC_ConvCpltCallback
 .text.HAL_ADC_ConvHalfCpltCallback
                0x08001210       0x14 Drivers\STM32F4xx_HAL_Driver\Src\stm32f4xx_hal_adc.o
                0x08001210                HAL_ADC_ConvHalfCpltCallback
 .text.HAL_ADC_ErrorCallback
                0x08001224       0x14 Drivers\STM32F4xx_HAL_Driver\Src\stm32f4xx_hal_adc.o
                0x08001224                HAL_ADC_ErrorCallback
 .text.HAL_ADC_ConfigChannel
                0x08001238      0x248 Drivers\STM32F4xx_HAL_Driver\Src\stm32f4xx_hal_adc.o
                0x08001238                HAL_ADC_ConfigChannel
 .text.ADC_Init
                0x08001480      0x1f4 Drivers\STM32F4xx_HAL_Driver\Src\stm32f4xx_hal_adc.o
 .text.ADC_DMAConvCplt
                0x08001674       0xa6 Drivers\STM32F4xx_HAL_Driver\Src\stm32f4xx_hal_adc.o
 .text.ADC_DMAHalfConvCplt
                0x0800171a       0x1c Drivers\STM32F4xx_HAL_Driver\Src\stm32f4xx_hal_adc.o
 .text.ADC_DMAError
                0x08001736       0x2e Drivers\STM32F4xx_HAL_Driver\Src\stm32f4xx_hal_adc.o
 .text.NVIC_SetPriorityGrouping
                0x08001764       0x48 Drivers\STM32F4xx_HAL_Driver\Src\stm32f4xx_hal_cortex.o
 .text.NVIC_GetPriorityGrouping
                0x080017ac       0x1c Drivers\STM32F4xx_HAL_Driver\Src\stm32f4xx_hal_cortex.o
 .text.NVIC_EnableIRQ
                0x080017c8       0x34 Drivers\STM32F4xx_HAL_Driver\Src\stm32f4xx_hal_cortex.o
 .text.NVIC_SetPriority
                0x080017fc       0x54 Drivers\STM32F4xx_HAL_Driver\Src\stm32f4xx_hal_cortex.o
 .text.NVIC_EncodePriority
                0x08001850       0x62 Drivers\STM32F4xx_HAL_Driver\Src\stm32f4xx_hal_cortex.o
 *fill*         0x080018b2        0x2 
 .text.SysTick_Config
                0x080018b4       0x44 Drivers\STM32F4xx_HAL_Driver\Src\stm32f4xx_hal_cortex.o
 .text.HAL_NVIC_SetPriorityGrouping
                0x080018f8       0x16 Drivers\STM32F4xx_HAL_Driver\Src\stm32f4xx_hal_cortex.o
                0x080018f8                HAL_NVIC_SetPriorityGrouping
 .text.HAL_NVIC_SetPriority
                0x0800190e       0x38 Drivers\STM32F4xx_HAL_Driver\Src\stm32f4xx_hal_cortex.o
                0x0800190e                HAL_NVIC_SetPriority
 .text.HAL_NVIC_EnableIRQ
                0x08001946       0x1c Drivers\STM32F4xx_HAL_Driver\Src\stm32f4xx_hal_cortex.o
                0x08001946                HAL_NVIC_EnableIRQ
 .text.HAL_SYSTICK_Config
                0x08001962       0x18 Drivers\STM32F4xx_HAL_Driver\Src\stm32f4xx_hal_cortex.o
                0x08001962                HAL_SYSTICK_Config
 *fill*         0x0800197a        0x2 
 .text.HAL_SYSTICK_CLKSourceConfig
                0x0800197c       0x38 Drivers\STM32F4xx_HAL_Driver\Src\stm32f4xx_hal_cortex.o
                0x0800197c                HAL_SYSTICK_CLKSourceConfig
 .text.HAL_SYSTICK_IRQHandler
                0x080019b4        0xc Drivers\STM32F4xx_HAL_Driver\Src\stm32f4xx_hal_cortex.o
                0x080019b4                HAL_SYSTICK_IRQHandler
 .text.HAL_DMA_Init
                0x080019c0      0x15c Drivers\STM32F4xx_HAL_Driver\Src\stm32f4xx_hal_dma.o
                0x080019c0                HAL_DMA_Init
 .text.HAL_DMA_Start_IT
                0x08001b1c       0xc0 Drivers\STM32F4xx_HAL_Driver\Src\stm32f4xx_hal_dma.o
                0x08001b1c                HAL_DMA_Start_IT
 .text.HAL_DMA_Abort_IT
                0x08001bdc       0x44 Drivers\STM32F4xx_HAL_Driver\Src\stm32f4xx_hal_dma.o
                0x08001bdc                HAL_DMA_Abort_IT
 .text.HAL_DMA_IRQHandler
                0x08001c20      0x314 Drivers\STM32F4xx_HAL_Driver\Src\stm32f4xx_hal_dma.o
                0x08001c20                HAL_DMA_IRQHandler
 .text.DMA_SetConfig
                0x08001f34       0x5c Drivers\STM32F4xx_HAL_Driver\Src\stm32f4xx_hal_dma.o
 .text.DMA_CalcBaseAndBitshift
                0x08001f90       0x6c Drivers\STM32F4xx_HAL_Driver\Src\stm32f4xx_hal_dma.o
 .text.DMA_CheckFifoParam
                0x08001ffc       0xf4 Drivers\STM32F4xx_HAL_Driver\Src\stm32f4xx_hal_dma.o
 .text.HAL_GPIO_Init
                0x080020f0      0x334 Drivers\STM32F4xx_HAL_Driver\Src\stm32f4xx_hal_gpio.o
                0x080020f0                HAL_GPIO_Init
 .text.HAL_GPIO_WritePin
                0x08002424       0x32 Drivers\STM32F4xx_HAL_Driver\Src\stm32f4xx_hal_gpio.o
                0x08002424                HAL_GPIO_WritePin
 *fill*         0x08002456        0x2 
 .text.HAL_GPIO_EXTI_IRQHandler
                0x08002458       0x30 Drivers\STM32F4xx_HAL_Driver\Src\stm32f4xx_hal_gpio.o
                0x08002458                HAL_GPIO_EXTI_IRQHandler
 .text.HAL_GPIO_EXTI_Callback
                0x08002488       0x16 Drivers\STM32F4xx_HAL_Driver\Src\stm32f4xx_hal_gpio.o
                0x08002488                HAL_GPIO_EXTI_Callback
 *fill*         0x0800249e        0x2 
 .text.HAL_I2C_Init
                0x080024a0      0x1c0 Drivers\STM32F4xx_HAL_Driver\Src\stm32f4xx_hal_i2c.o
                0x080024a0                HAL_I2C_Init
 .text.HAL_I2C_Mem_Write
                0x08002660      0x214 Drivers\STM32F4xx_HAL_Driver\Src\stm32f4xx_hal_i2c.o
                0x08002660                HAL_I2C_Mem_Write
 .text.HAL_I2C_Mem_Read
                0x08002874      0x464 Drivers\STM32F4xx_HAL_Driver\Src\stm32f4xx_hal_i2c.o
                0x08002874                HAL_I2C_Mem_Read
 .text.I2C_RequestMemoryWrite
                0x08002cd8      0x124 Drivers\STM32F4xx_HAL_Driver\Src\stm32f4xx_hal_i2c.o
 .text.I2C_RequestMemoryRead
                0x08002dfc      0x1c4 Drivers\STM32F4xx_HAL_Driver\Src\stm32f4xx_hal_i2c.o
 .text.I2C_WaitOnFlagUntilTimeout
                0x08002fc0       0xa2 Drivers\STM32F4xx_HAL_Driver\Src\stm32f4xx_hal_i2c.o
 .text.I2C_WaitOnMasterAddressFlagUntilTimeout
                0x08003062       0xdc Drivers\STM32F4xx_HAL_Driver\Src\stm32f4xx_hal_i2c.o
 .text.I2C_WaitOnTXEFlagUntilTimeout
                0x0800313e       0x7a Drivers\STM32F4xx_HAL_Driver\Src\stm32f4xx_hal_i2c.o
 .text.I2C_WaitOnBTFFlagUntilTimeout
                0x080031b8       0x7a Drivers\STM32F4xx_HAL_Driver\Src\stm32f4xx_hal_i2c.o
 .text.I2C_WaitOnRXNEFlagUntilTimeout
                0x08003232       0x94 Drivers\STM32F4xx_HAL_Driver\Src\stm32f4xx_hal_i2c.o
 .text.I2C_IsAcknowledgeFailed
                0x080032c6       0x50 Drivers\STM32F4xx_HAL_Driver\Src\stm32f4xx_hal_i2c.o
 *fill*         0x08003316        0x2 
 .text.HAL_RCC_OscConfig
                0x08003318      0x484 Drivers\STM32F4xx_HAL_Driver\Src\stm32f4xx_hal_rcc.o
                0x08003318                HAL_RCC_OscConfig
 .text.HAL_RCC_ClockConfig
                0x0800379c      0x1c4 Drivers\STM32F4xx_HAL_Driver\Src\stm32f4xx_hal_rcc.o
                0x0800379c                HAL_RCC_ClockConfig
 .text.HAL_RCC_GetSysClockFreq
                0x08003960      0x16c Drivers\STM32F4xx_HAL_Driver\Src\stm32f4xx_hal_rcc.o
                0x08003960                HAL_RCC_GetSysClockFreq
 .text.HAL_RCC_GetHCLKFreq
                0x08003acc       0x18 Drivers\STM32F4xx_HAL_Driver\Src\stm32f4xx_hal_rcc.o
                0x08003acc                HAL_RCC_GetHCLKFreq
 .text.HAL_RCC_GetPCLK1Freq
                0x08003ae4       0x28 Drivers\STM32F4xx_HAL_Driver\Src\stm32f4xx_hal_rcc.o
                0x08003ae4                HAL_RCC_GetPCLK1Freq
 .text.HAL_RCC_GetPCLK2Freq
                0x08003b0c       0x28 Drivers\STM32F4xx_HAL_Driver\Src\stm32f4xx_hal_rcc.o
                0x08003b0c                HAL_RCC_GetPCLK2Freq
 .text.HAL_TIM_Base_Init
                0x08003b34       0x56 Drivers\STM32F4xx_HAL_Driver\Src\stm32f4xx_hal_tim.o
                0x08003b34                HAL_TIM_Base_Init
 .text.HAL_TIM_Base_Start
                0x08003b8a       0x36 Drivers\STM32F4xx_HAL_Driver\Src\stm32f4xx_hal_tim.o
                0x08003b8a                HAL_TIM_Base_Start
 .text.HAL_TIM_PWM_Init
                0x08003bc0       0x56 Drivers\STM32F4xx_HAL_Driver\Src\stm32f4xx_hal_tim.o
                0x08003bc0                HAL_TIM_PWM_Init
 .text.HAL_TIM_PWM_MspInit
                0x08003c16       0x14 Drivers\STM32F4xx_HAL_Driver\Src\stm32f4xx_hal_tim.o
                0x08003c16                HAL_TIM_PWM_MspInit
 *fill*         0x08003c2a        0x2 
 .text.HAL_TIM_PWM_Start
                0x08003c2c       0x68 Drivers\STM32F4xx_HAL_Driver\Src\stm32f4xx_hal_tim.o
                0x08003c2c                HAL_TIM_PWM_Start
 .text.HAL_TIM_IC_Init
                0x08003c94       0x56 Drivers\STM32F4xx_HAL_Driver\Src\stm32f4xx_hal_tim.o
                0x08003c94                HAL_TIM_IC_Init
 .text.HAL_TIM_IC_MspInit
                0x08003cea       0x14 Drivers\STM32F4xx_HAL_Driver\Src\stm32f4xx_hal_tim.o
                0x08003cea                HAL_TIM_IC_MspInit
 *fill*         0x08003cfe        0x2 
 .text.HAL_TIM_IC_Start_IT
                0x08003d00       0xc0 Drivers\STM32F4xx_HAL_Driver\Src\stm32f4xx_hal_tim.o
                0x08003d00                HAL_TIM_IC_Start_IT
 .text.HAL_TIM_Encoder_Init
                0x08003dc0      0x12c Drivers\STM32F4xx_HAL_Driver\Src\stm32f4xx_hal_tim.o
                0x08003dc0                HAL_TIM_Encoder_Init
 .text.HAL_TIM_Encoder_Start
                0x08003eec       0x6e Drivers\STM32F4xx_HAL_Driver\Src\stm32f4xx_hal_tim.o
                0x08003eec                HAL_TIM_Encoder_Start
 .text.HAL_TIM_IRQHandler
                0x08003f5a      0x210 Drivers\STM32F4xx_HAL_Driver\Src\stm32f4xx_hal_tim.o
                0x08003f5a                HAL_TIM_IRQHandler
 .text.HAL_TIM_IC_ConfigChannel
                0x0800416a      0x138 Drivers\STM32F4xx_HAL_Driver\Src\stm32f4xx_hal_tim.o
                0x0800416a                HAL_TIM_IC_ConfigChannel
 *fill*         0x080042a2        0x2 
 .text.HAL_TIM_PWM_ConfigChannel
                0x080042a4      0x18c Drivers\STM32F4xx_HAL_Driver\Src\stm32f4xx_hal_tim.o
                0x080042a4                HAL_TIM_PWM_ConfigChannel
 .text.HAL_TIM_ConfigClockSource
                0x08004430      0x1b6 Drivers\STM32F4xx_HAL_Driver\Src\stm32f4xx_hal_tim.o
                0x08004430                HAL_TIM_ConfigClockSource
 .text.HAL_TIM_SlaveConfigSynchronization
                0x080045e6       0x6a Drivers\STM32F4xx_HAL_Driver\Src\stm32f4xx_hal_tim.o
                0x080045e6                HAL_TIM_SlaveConfigSynchronization
 .text.HAL_TIM_PeriodElapsedCallback
                0x08004650       0x14 Drivers\STM32F4xx_HAL_Driver\Src\stm32f4xx_hal_tim.o
                0x08004650                HAL_TIM_PeriodElapsedCallback
 .text.HAL_TIM_OC_DelayElapsedCallback
                0x08004664       0x14 Drivers\STM32F4xx_HAL_Driver\Src\stm32f4xx_hal_tim.o
                0x08004664                HAL_TIM_OC_DelayElapsedCallback
 .text.HAL_TIM_PWM_PulseFinishedCallback
                0x08004678       0x14 Drivers\STM32F4xx_HAL_Driver\Src\stm32f4xx_hal_tim.o
                0x08004678                HAL_TIM_PWM_PulseFinishedCallback
 .text.HAL_TIM_TriggerCallback
                0x0800468c       0x14 Drivers\STM32F4xx_HAL_Driver\Src\stm32f4xx_hal_tim.o
                0x0800468c                HAL_TIM_TriggerCallback
 .text.TIM_Base_SetConfig
                0x080046a0      0x154 Drivers\STM32F4xx_HAL_Driver\Src\stm32f4xx_hal_tim.o
                0x080046a0                TIM_Base_SetConfig
 .text.TIM_TI1_SetConfig
                0x080047f4       0xf8 Drivers\STM32F4xx_HAL_Driver\Src\stm32f4xx_hal_tim.o
                0x080047f4                TIM_TI1_SetConfig
 .text.TIM_OC2_SetConfig
                0x080048ec       0xf0 Drivers\STM32F4xx_HAL_Driver\Src\stm32f4xx_hal_tim.o
                0x080048ec                TIM_OC2_SetConfig
 .text.TIM_CCxChannelCmd
                0x080049dc       0x46 Drivers\STM32F4xx_HAL_Driver\Src\stm32f4xx_hal_tim.o
                0x080049dc                TIM_CCxChannelCmd
 *fill*         0x08004a22        0x2 
 .text.TIM_OC1_SetConfig
                0x08004a24       0xe8 Drivers\STM32F4xx_HAL_Driver\Src\stm32f4xx_hal_tim.o
 .text.TIM_OC3_SetConfig
                0x08004b0c       0xf0 Drivers\STM32F4xx_HAL_Driver\Src\stm32f4xx_hal_tim.o
 .text.TIM_OC4_SetConfig
                0x08004bfc       0xc0 Drivers\STM32F4xx_HAL_Driver\Src\stm32f4xx_hal_tim.o
 .text.TIM_SlaveTimer_SetConfig
                0x08004cbc      0x116 Drivers\STM32F4xx_HAL_Driver\Src\stm32f4xx_hal_tim.o
 .text.TIM_TI1_ConfigInputStage
                0x08004dd2       0x66 Drivers\STM32F4xx_HAL_Driver\Src\stm32f4xx_hal_tim.o
 .text.TIM_TI2_SetConfig
                0x08004e38       0x82 Drivers\STM32F4xx_HAL_Driver\Src\stm32f4xx_hal_tim.o
 .text.TIM_TI2_ConfigInputStage
                0x08004eba       0x68 Drivers\STM32F4xx_HAL_Driver\Src\stm32f4xx_hal_tim.o
 .text.TIM_TI3_SetConfig
                0x08004f22       0x80 Drivers\STM32F4xx_HAL_Driver\Src\stm32f4xx_hal_tim.o
 .text.TIM_TI4_SetConfig
                0x08004fa2       0x82 Drivers\STM32F4xx_HAL_Driver\Src\stm32f4xx_hal_tim.o
 .text.TIM_ITRx_SetConfig
                0x08005024       0x40 Drivers\STM32F4xx_HAL_Driver\Src\stm32f4xx_hal_tim.o
 .text.TIM_ETR_SetConfig
                0x08005064       0x44 Drivers\STM32F4xx_HAL_Driver\Src\stm32f4xx_hal_tim.o
 .text.HAL_TIMEx_MasterConfigSynchronization
                0x080050a8       0x8a Drivers\STM32F4xx_HAL_Driver\Src\stm32f4xx_hal_tim_ex.o
                0x080050a8                HAL_TIMEx_MasterConfigSynchronization
 .text.HAL_TIMEx_ConfigBreakDeadTime
                0x08005132       0xb2 Drivers\STM32F4xx_HAL_Driver\Src\stm32f4xx_hal_tim_ex.o
                0x08005132                HAL_TIMEx_ConfigBreakDeadTime
 .text.HAL_TIMEx_CommutationCallback
                0x080051e4       0x14 Drivers\STM32F4xx_HAL_Driver\Src\stm32f4xx_hal_tim_ex.o
                0x080051e4                HAL_TIMEx_CommutationCallback
 .text.HAL_TIMEx_BreakCallback
                0x080051f8       0x14 Drivers\STM32F4xx_HAL_Driver\Src\stm32f4xx_hal_tim_ex.o
                0x080051f8                HAL_TIMEx_BreakCallback
 .text.HAL_UART_Init
                0x0800520c       0x9a Drivers\STM32F4xx_HAL_Driver\Src\stm32f4xx_hal_uart.o
                0x0800520c                HAL_UART_Init
 *fill*         0x080052a6        0x2 
 .text.HAL_UART_Transmit_DMA
                0x080052a8       0xd8 Drivers\STM32F4xx_HAL_Driver\Src\stm32f4xx_hal_uart.o
                0x080052a8                HAL_UART_Transmit_DMA
 .text.HAL_UART_Receive_DMA
                0x08005380      0x100 Drivers\STM32F4xx_HAL_Driver\Src\stm32f4xx_hal_uart.o
                0x08005380                HAL_UART_Receive_DMA
 .text.HAL_UART_IRQHandler
                0x08005480      0x1f8 Drivers\STM32F4xx_HAL_Driver\Src\stm32f4xx_hal_uart.o
                0x08005480                HAL_UART_IRQHandler
 .text.HAL_UART_TxHalfCpltCallback
                0x08005678       0x14 Drivers\STM32F4xx_HAL_Driver\Src\stm32f4xx_hal_uart.o
                0x08005678                HAL_UART_TxHalfCpltCallback
 .text.HAL_UART_RxCpltCallback
                0x0800568c       0x14 Drivers\STM32F4xx_HAL_Driver\Src\stm32f4xx_hal_uart.o
                0x0800568c                HAL_UART_RxCpltCallback
 .text.HAL_UART_RxHalfCpltCallback
                0x080056a0       0x14 Drivers\STM32F4xx_HAL_Driver\Src\stm32f4xx_hal_uart.o
                0x080056a0                HAL_UART_RxHalfCpltCallback
 .text.HAL_UART_ErrorCallback
                0x080056b4       0x14 Drivers\STM32F4xx_HAL_Driver\Src\stm32f4xx_hal_uart.o
                0x080056b4                HAL_UART_ErrorCallback
 .text.UART_DMATransmitCplt
                0x080056c8       0x52 Drivers\STM32F4xx_HAL_Driver\Src\stm32f4xx_hal_uart.o
 .text.UART_DMATxHalfCplt
                0x0800571a       0x1c Drivers\STM32F4xx_HAL_Driver\Src\stm32f4xx_hal_uart.o
 .text.UART_DMAReceiveCplt
                0x08005736       0x68 Drivers\STM32F4xx_HAL_Driver\Src\stm32f4xx_hal_uart.o
 .text.UART_DMARxHalfCplt
                0x0800579e       0x1c Drivers\STM32F4xx_HAL_Driver\Src\stm32f4xx_hal_uart.o
 .text.UART_DMAError
                0x080057ba       0x94 Drivers\STM32F4xx_HAL_Driver\Src\stm32f4xx_hal_uart.o
 .text.UART_EndTxTransfer
                0x0800584e       0x2c Drivers\STM32F4xx_HAL_Driver\Src\stm32f4xx_hal_uart.o
 .text.UART_EndRxTransfer
                0x0800587a       0x3c Drivers\STM32F4xx_HAL_Driver\Src\stm32f4xx_hal_uart.o
 .text.UART_DMAAbortOnError
                0x080058b6       0x28 Drivers\STM32F4xx_HAL_Driver\Src\stm32f4xx_hal_uart.o
 .text.UART_Transmit_IT
                0x080058de       0xaa Drivers\STM32F4xx_HAL_Driver\Src\stm32f4xx_hal_uart.o
 .text.UART_EndTransmit_IT
                0x08005988       0x30 Drivers\STM32F4xx_HAL_Driver\Src\stm32f4xx_hal_uart.o
 .text.UART_Receive_IT
                0x080059b8       0xf2 Drivers\STM32F4xx_HAL_Driver\Src\stm32f4xx_hal_uart.o
 *fill*         0x08005aaa        0x2 
 .text.UART_SetConfig
                0x08005aac      0x438 Drivers\STM32F4xx_HAL_Driver\Src\stm32f4xx_hal_uart.o
 .text.HAL_Battery_Init
                0x08005ee4       0x1c Src\battery.o
                0x08005ee4                HAL_Battery_Init
 .text.HAL_Battery_Get
                0x08005f00       0x8c Src\battery.o
                0x08005f00                HAL_Battery_Get
 .text.HAL_Encoder_Init
                0x08005f8c       0x4c Src\encoder.o
                0x08005f8c                HAL_Encoder_Init
 .text.HAL_Encoder_Reset
                0x08005fd8       0x6e Src\encoder.o
                0x08005fd8                HAL_Encoder_Reset
 .text.HAL_Encoder_Delta
                0x08006046       0x62 Src\encoder.o
                0x08006046                HAL_Encoder_Delta
 .text.HAL_IMU_Scale_Data
                0x080060a8       0x7c Src\imu.o
                0x080060a8                HAL_IMU_Scale_Data
 .text.HAL_IMU_Gyro_Bias_Correction
                0x08006124      0x34c Src\imu.o
                0x08006124                HAL_IMU_Gyro_Bias_Correction
 .text.HAL_IMU_Process_Failure
                0x08006470        0x6 Src\imu.o
                0x08006470                HAL_IMU_Process_Failure
 .text.HAL_IMU_Init
                0x08006476       0x10 Src\imu.o
                0x08006476                HAL_IMU_Init
 *fill*         0x08006486        0x2 
 .text.HAL_IMU_Add
                0x08006488      0x180 Src\imu.o
                0x08006488                HAL_IMU_Add
 .text.HAL_IMU_Read_Sensors
                0x08006608      0x176 Src\imu.o
                0x08006608                HAL_IMU_Read_Sensors
 .text.HAL_Led_Init
                0x0800677e        0xe Src\led.o
                0x0800677e                HAL_Led_Init
 .text.HAL_Led_Add
                0x0800678c       0x7c Src\led.o
                0x0800678c                HAL_Led_Add
 .text.HAL_Led_Set
                0x08006808       0x28 Src\led.o
                0x08006808                HAL_Led_Set
 .text.HAL_Led_Sequence
                0x08006830       0x84 Src\led.o
                0x08006830                HAL_Led_Sequence
 .text.HAL_Led_Process
                0x080068b4      0x278 Src\led.o
                0x080068b4                HAL_Led_Process
 .text.HAL_TIM_IC_CaptureCallback
                0x08006b2c       0x16 Src\main.o
                0x08006b2c                HAL_TIM_IC_CaptureCallback
 .text.HAL_SYSTICK_Callback
                0x08006b42        0xe Src\main.o
                0x08006b42                HAL_SYSTICK_Callback
 .text.main     0x08006b50     0x14e8 Src\main.o
                0x08006b50                main
 .text.SystemClock_Config
                0x08008038       0xf0 Src\main.o
                0x08008038                SystemClock_Config
 .text.MX_ADC1_Init
                0x08008128       0xc4 Src\main.o
 .text.MX_I2C1_Init
                0x080081ec       0x68 Src\main.o
 .text.MX_TIM1_Init
                0x08008254      0x148 Src\main.o
 .text.MX_TIM2_Init
                0x0800839c       0x9c Src\main.o
 .text.MX_TIM3_Init
                0x08008438      0x130 Src\main.o
 .text.MX_TIM4_Init
                0x08008568      0x130 Src\main.o
 .text.MX_TIM5_Init
                0x08008698       0x9c Src\main.o
 .text.MX_TIM14_Init
                0x08008734       0x4c Src\main.o
 .text.MX_USART2_UART_Init
                0x08008780       0x5c Src\main.o
 .text.MX_DMA_Init
                0x080087dc       0x7c Src\main.o
 .text.MX_GPIO_Init
                0x08008858      0x10c Src\main.o
 .text._Error_Handler
                0x08008964        0xc Src\main.o
                0x08008964                _Error_Handler
 .text.brake_left_motor
                0x08008970       0x2c Src\motor.o
 .text.brake_right_motor
                0x0800899c       0x28 Src\motor.o
 .text.cw_left_motor
                0x080089c4       0x2c Src\motor.o
 .text.cw_right_motor
                0x080089f0       0x28 Src\motor.o
 .text.ccw_left_motor
                0x08008a18       0x2c Src\motor.o
 .text.ccw_right_motor
                0x08008a44       0x28 Src\motor.o
 .text.set_left_motor_speed
                0x08008a6c       0x20 Src\motor.o
 .text.set_right_motor_speed
                0x08008a8c       0x20 Src\motor.o
 .text.HAL_Motor_Init
                0x08008aac       0x28 Src\motor.o
                0x08008aac                HAL_Motor_Init
 .text.HAL_Motor_Set
                0x08008ad4      0x18c Src\motor.o
                0x08008ad4                HAL_Motor_Set
 .text.HAL_AHRS_Init
                0x08008c60       0xce Src\myAHRS.o
                0x08008c60                HAL_AHRS_Init
 *fill*         0x08008d2e        0x2 
 .text.HAL_AHRS_Process
                0x08008d30      0xc40 Src\myAHRS.o
                0x08008d30                HAL_AHRS_Process
 .text.constrain
                0x08009970       0x32 Src\mymath.o
                0x08009970                constrain
 .text.fconstrain
                0x080099a2       0x52 Src\mymath.o
                0x080099a2                fconstrain
 .text.fmap     0x080099f4       0x8c Src\mymath.o
                0x080099f4                fmap
 .text.myfabs   0x08009a80       0x3c Src\mymath.o
                0x08009a80                myfabs
 .text.fastAtan2
                0x08009abc      0x160 Src\mymath.o
                0x08009abc                fastAtan2
 .text.reset_pid_win
                0x08009c1c       0x5e Src\pid.o
                0x08009c1c                reset_pid_win
 *fill*         0x08009c7a        0x2 
 .text.process_pid_win
                0x08009c7c      0x1d8 Src\pid.o
                0x08009c7c                process_pid_win
 .text.HAL_PPM_SUM_Input_Init
                0x08009e54       0x60 Src\ppm_sum_input.o
                0x08009e54                HAL_PPM_SUM_Input_Init
 .text.HAL_PPM_SUM_Input_Get
                0x08009eb4       0x3c Src\ppm_sum_input.o
                0x08009eb4                HAL_PPM_SUM_Input_Get
 .text.HAL_PPM_SUM_Input_ISR
                0x08009ef0       0xa8 Src\ppm_sum_input.o
                0x08009ef0                HAL_PPM_SUM_Input_ISR
 .text.HAL_Serial_Init
                0x08009f98       0x5c Src\serial.o
                0x08009f98                HAL_Serial_Init
 .text.HAL_Serial_Available
                0x08009ff4       0x5a Src\serial.o
                0x08009ff4                HAL_Serial_Available
 .text.HAL_Serial_GetChar
                0x0800a04e       0x84 Src\serial.o
                0x0800a04e                HAL_Serial_GetChar
 .text.HAL_Serial_Write
                0x0800a0d2       0x80 Src\serial.o
                0x0800a0d2                HAL_Serial_Write
 *fill*         0x0800a152        0x2 
 .text.HAL_UART_TxCpltCallback
                0x0800a154       0x78 Src\serial.o
                0x0800a154                HAL_UART_TxCpltCallback
 .text.ts_itoa  0x0800a1cc       0x92 Src\serial.o
                0x0800a1cc                ts_itoa
 .text.ts_formatstring
                0x0800a25e      0x12e Src\serial.o
                0x0800a25e                ts_formatstring
 .text.ts_formatlength
                0x0800a38c      0x12c Src\serial.o
                0x0800a38c                ts_formatlength
 .text.HAL_Serial_Print
                0x0800a4b8       0x94 Src\serial.o
                0x0800a4b8                HAL_Serial_Print
 .text.next_speed
                0x0800a54c      0x128 Src\speed.o
                0x0800a54c                next_speed
 .text.accelaration_until_distance_left
                0x0800a674       0x88 Src\speed.o
                0x0800a674                accelaration_until_distance_left
 .text.accelaration_until_angle_left
                0x0800a6fc       0x88 Src\speed.o
                0x0800a6fc                accelaration_until_angle_left
 .text.HAL_MspInit
                0x0800a784       0x62 Src\stm32f4xx_hal_msp.o
                0x0800a784                HAL_MspInit
 *fill*         0x0800a7e6        0x2 
 .text.HAL_ADC_MspInit
                0x0800a7e8       0xcc Src\stm32f4xx_hal_msp.o
                0x0800a7e8                HAL_ADC_MspInit
 .text.HAL_I2C_MspInit
                0x0800a8b4       0x64 Src\stm32f4xx_hal_msp.o
                0x0800a8b4                HAL_I2C_MspInit
 .text.HAL_TIM_Base_MspInit
                0x0800a918      0x11c Src\stm32f4xx_hal_msp.o
                0x0800a918                HAL_TIM_Base_MspInit
 .text.HAL_TIM_Encoder_MspInit
                0x0800aa34       0xd0 Src\stm32f4xx_hal_msp.o
                0x0800aa34                HAL_TIM_Encoder_MspInit
 .text.HAL_TIM_MspPostInit
                0x0800ab04       0x44 Src\stm32f4xx_hal_msp.o
                0x0800ab04                HAL_TIM_MspPostInit
 .text.HAL_UART_MspInit
                0x0800ab48      0x150 Src\stm32f4xx_hal_msp.o
                0x0800ab48                HAL_UART_MspInit
 .text.NMI_Handler
                0x0800ac98        0xe Src\stm32f4xx_it.o
                0x0800ac98                NMI_Handler
 .text.HardFault_Handler
                0x0800aca6        0x6 Src\stm32f4xx_it.o
                0x0800aca6                HardFault_Handler
 .text.MemManage_Handler
                0x0800acac        0x6 Src\stm32f4xx_it.o
                0x0800acac                MemManage_Handler
 .text.BusFault_Handler
                0x0800acb2        0x6 Src\stm32f4xx_it.o
                0x0800acb2                BusFault_Handler
 .text.UsageFault_Handler
                0x0800acb8        0x6 Src\stm32f4xx_it.o
                0x0800acb8                UsageFault_Handler
 .text.SVC_Handler
                0x0800acbe        0xe Src\stm32f4xx_it.o
                0x0800acbe                SVC_Handler
 .text.DebugMon_Handler
                0x0800accc        0xe Src\stm32f4xx_it.o
                0x0800accc                DebugMon_Handler
 .text.PendSV_Handler
                0x0800acda        0xe Src\stm32f4xx_it.o
                0x0800acda                PendSV_Handler
 .text.SysTick_Handler
                0x0800ace8       0x10 Src\stm32f4xx_it.o
                0x0800ace8                SysTick_Handler
 .text.DMA1_Stream5_IRQHandler
                0x0800acf8       0x14 Src\stm32f4xx_it.o
                0x0800acf8                DMA1_Stream5_IRQHandler
 .text.DMA1_Stream6_IRQHandler
                0x0800ad0c       0x14 Src\stm32f4xx_it.o
                0x0800ad0c                DMA1_Stream6_IRQHandler
 .text.TIM3_IRQHandler
                0x0800ad20       0x14 Src\stm32f4xx_it.o
                0x0800ad20                TIM3_IRQHandler
 .text.USART2_IRQHandler
                0x0800ad34       0x14 Src\stm32f4xx_it.o
                0x0800ad34                USART2_IRQHandler
 .text.EXTI15_10_IRQHandler
                0x0800ad48       0x10 Src\stm32f4xx_it.o
                0x0800ad48                EXTI15_10_IRQHandler
 .text.DMA2_Stream0_IRQHandler
                0x0800ad58       0x14 Src\stm32f4xx_it.o
                0x0800ad58                DMA2_Stream0_IRQHandler
 .text.SystemInit
                0x0800ad6c       0x6c Src\system_stm32f4xx.o
                0x0800ad6c                SystemInit
 .text.Reset_Handler
                0x0800add8       0x50 startup\startup_stm32f405xx.o
                0x0800add8                Reset_Handler
 .text.Default_Handler
                0x0800ae28        0x2 startup\startup_stm32f405xx.o
                0x0800ae28                RTC_Alarm_IRQHandler
                0x0800ae28                HASH_RNG_IRQHandler
                0x0800ae28                EXTI2_IRQHandler
                0x0800ae28                TIM8_CC_IRQHandler
                0x0800ae28                TIM1_CC_IRQHandler
                0x0800ae28                DMA2_Stream5_IRQHandler
                0x0800ae28                PVD_IRQHandler
                0x0800ae28                SDIO_IRQHandler
                0x0800ae28                TAMP_STAMP_IRQHandler
                0x0800ae28                CAN2_RX1_IRQHandler
                0x0800ae28                EXTI3_IRQHandler
                0x0800ae28                TIM8_TRG_COM_TIM14_IRQHandler
                0x0800ae28                TIM1_UP_TIM10_IRQHandler
                0x0800ae28                TIM8_UP_TIM13_IRQHandler
                0x0800ae28                I2C3_ER_IRQHandler
                0x0800ae28                EXTI0_IRQHandler
                0x0800ae28                I2C2_EV_IRQHandler
                0x0800ae28                DMA1_Stream2_IRQHandler
                0x0800ae28                CAN1_RX0_IRQHandler
                0x0800ae28                FPU_IRQHandler
                0x0800ae28                OTG_HS_WKUP_IRQHandler
                0x0800ae28                CAN2_SCE_IRQHandler
                0x0800ae28                DMA2_Stream2_IRQHandler
                0x0800ae28                SPI1_IRQHandler
                0x0800ae28                TIM6_DAC_IRQHandler
                0x0800ae28                TIM1_BRK_TIM9_IRQHandler
                0x0800ae28                CAN2_RX0_IRQHandler
                0x0800ae28                DMA2_Stream3_IRQHandler
                0x0800ae28                USART6_IRQHandler
                0x0800ae28                USART3_IRQHandler
                0x0800ae28                CAN1_RX1_IRQHandler
                0x0800ae28                UART5_IRQHandler
                0x0800ae28                TIM4_IRQHandler
                0x0800ae28                I2C1_EV_IRQHandler
                0x0800ae28                DMA1_Stream1_IRQHandler
                0x0800ae28                UART4_IRQHandler
                0x0800ae28                RCC_IRQHandler
                0x0800ae28                TIM8_BRK_TIM12_IRQHandler
                0x0800ae28                Default_Handler
                0x0800ae28                ADC_IRQHandler
                0x0800ae28                DMA1_Stream7_IRQHandler
                0x0800ae28                TIM7_IRQHandler
                0x0800ae28                CAN2_TX_IRQHandler
                0x0800ae28                TIM5_IRQHandler
                0x0800ae28                DMA2_Stream7_IRQHandler
                0x0800ae28                I2C3_EV_IRQHandler
                0x0800ae28                EXTI9_5_IRQHandler
                0x0800ae28                RTC_WKUP_IRQHandler
                0x0800ae28                SPI2_IRQHandler
                0x0800ae28                OTG_HS_EP1_IN_IRQHandler
                0x0800ae28                DMA1_Stream0_IRQHandler
                0x0800ae28                CAN1_TX_IRQHandler
                0x0800ae28                EXTI4_IRQHandler
                0x0800ae28                FSMC_IRQHandler
                0x0800ae28                OTG_HS_EP1_OUT_IRQHandler
                0x0800ae28                WWDG_IRQHandler
                0x0800ae28                TIM2_IRQHandler
                0x0800ae28                OTG_FS_WKUP_IRQHandler
                0x0800ae28                TIM1_TRG_COM_TIM11_IRQHandler
                0x0800ae28                OTG_HS_IRQHandler
                0x0800ae28                EXTI1_IRQHandler
                0x0800ae28                I2C2_ER_IRQHandler
                0x0800ae28                DMA2_Stream1_IRQHandler
                0x0800ae28                CAN1_SCE_IRQHandler
                0x0800ae28                FLASH_IRQHandler
                0x0800ae28                DMA2_Stream4_IRQHandler
                0x0800ae28                USART1_IRQHandler
                0x0800ae28                OTG_FS_IRQHandler
                0x0800ae28                SPI3_IRQHandler
                0x0800ae28                DMA1_Stream4_IRQHandler
                0x0800ae28                I2C1_ER_IRQHandler
                0x0800ae28                DMA2_Stream6_IRQHandler
                0x0800ae28                DMA1_Stream3_IRQHandler
 .text.atoi     0x0800ae2a        0x8 c:/program files (x86)/atollic/truestudio for stm32 9.0.1/armtools/bin/../lib/gcc/arm-atollic-eabi/6.3.1/../../../../arm-atollic-eabi/lib/armv7e-m/fpu\libc_nano.a(lib_a-atoi.o)
                0x0800ae2a                atoi
 *fill*         0x0800ae32        0x2 
 .text.__libc_init_array
                0x0800ae34       0x48 c:/program files (x86)/atollic/truestudio for stm32 9.0.1/armtools/bin/../lib/gcc/arm-atollic-eabi/6.3.1/../../../../arm-atollic-eabi/lib/armv7e-m/fpu\libc_nano.a(lib_a-init.o)
                0x0800ae34                __libc_init_array
 .text.memcpy   0x0800ae7c       0x16 c:/program files (x86)/atollic/truestudio for stm32 9.0.1/armtools/bin/../lib/gcc/arm-atollic-eabi/6.3.1/../../../../arm-atollic-eabi/lib/armv7e-m/fpu\libc_nano.a(lib_a-memcpy-stub.o)
                0x0800ae7c                memcpy
 .text.memset   0x0800ae92       0x10 c:/program files (x86)/atollic/truestudio for stm32 9.0.1/armtools/bin/../lib/gcc/arm-atollic-eabi/6.3.1/../../../../arm-atollic-eabi/lib/armv7e-m/fpu\libc_nano.a(lib_a-memset.o)
                0x0800ae92                memset
 .text._strtol_l.isra.0
                0x0800aea2      0x100 c:/program files (x86)/atollic/truestudio for stm32 9.0.1/armtools/bin/../lib/gcc/arm-atollic-eabi/6.3.1/../../../../arm-atollic-eabi/lib/armv7e-m/fpu\libc_nano.a(lib_a-strtol.o)
 *fill*         0x0800afa2        0x2 
 .text.strtol   0x0800afa4       0x2c c:/program files (x86)/atollic/truestudio for stm32 9.0.1/armtools/bin/../lib/gcc/arm-atollic-eabi/6.3.1/../../../../arm-atollic-eabi/lib/armv7e-m/fpu\libc_nano.a(lib_a-strtol.o)
                0x0800afa4                strtol
 .text.__locale_ctype_ptr_l
                0x0800afd0        0x6 c:/program files (x86)/atollic/truestudio for stm32 9.0.1/armtools/bin/../lib/gcc/arm-atollic-eabi/6.3.1/../../../../arm-atollic-eabi/lib/armv7e-m/fpu\libc_nano.a(lib_a-locale.o)
                0x0800afd0                __locale_ctype_ptr_l
 .text.__ascii_mbtowc
                0x0800afd6       0x24 c:/program files (x86)/atollic/truestudio for stm32 9.0.1/armtools/bin/../lib/gcc/arm-atollic-eabi/6.3.1/../../../../arm-atollic-eabi/lib/armv7e-m/fpu\libc_nano.a(lib_a-mbtowc_r.o)
                0x0800afd6                __ascii_mbtowc
 .text.__ascii_wctomb
                0x0800affa       0x1a c:/program files (x86)/atollic/truestudio for stm32 9.0.1/armtools/bin/../lib/gcc/arm-atollic-eabi/6.3.1/../../../../arm-atollic-eabi/lib/armv7e-m/fpu\libc_nano.a(lib_a-wctomb_r.o)
                0x0800affa                __ascii_wctomb
 *fill*         0x0800b014        0x4 
 .text.cos      0x0800b018       0x88 c:/program files (x86)/atollic/truestudio for stm32 9.0.1/armtools/bin/../lib/gcc/arm-atollic-eabi/6.3.1/../../../../arm-atollic-eabi/lib/armv7e-m/fpu\libm.a(lib_a-s_cos.o)
                0x0800b018                cos
 .text.sin      0x0800b0a0       0x90 c:/program files (x86)/atollic/truestudio for stm32 9.0.1/armtools/bin/../lib/gcc/arm-atollic-eabi/6.3.1/../../../../arm-atollic-eabi/lib/armv7e-m/fpu\libm.a(lib_a-s_sin.o)
                0x0800b0a0                sin
 .text.tan      0x0800b130       0x60 c:/program files (x86)/atollic/truestudio for stm32 9.0.1/armtools/bin/../lib/gcc/arm-atollic-eabi/6.3.1/../../../../arm-atollic-eabi/lib/armv7e-m/fpu\libm.a(lib_a-s_tan.o)
                0x0800b130                tan
 .text.acos     0x0800b190       0xb0 c:/program files (x86)/atollic/truestudio for stm32 9.0.1/armtools/bin/../lib/gcc/arm-atollic-eabi/6.3.1/../../../../arm-atollic-eabi/lib/armv7e-m/fpu\libm.a(lib_a-w_acos.o)
                0x0800b190                acos
 .text.sqrt     0x0800b240       0xb4 c:/program files (x86)/atollic/truestudio for stm32 9.0.1/armtools/bin/../lib/gcc/arm-atollic-eabi/6.3.1/../../../../arm-atollic-eabi/lib/armv7e-m/fpu\libm.a(lib_a-w_sqrt.o)
                0x0800b240                sqrt
 *fill*         0x0800b2f4        0x4 
 .text.__ieee754_acos
                0x0800b2f8      0x4b8 c:/program files (x86)/atollic/truestudio for stm32 9.0.1/armtools/bin/../lib/gcc/arm-atollic-eabi/6.3.1/../../../../arm-atollic-eabi/lib/armv7e-m/fpu\libm.a(lib_a-e_acos.o)
                0x0800b2f8                __ieee754_acos
 .text.__ieee754_rem_pio2
                0x0800b7b0      0x3e4 c:/program files (x86)/atollic/truestudio for stm32 9.0.1/armtools/bin/../lib/gcc/arm-atollic-eabi/6.3.1/../../../../arm-atollic-eabi/lib/armv7e-m/fpu\libm.a(lib_a-e_rem_pio2.o)
                0x0800b7b0                __ieee754_rem_pio2
 .text.__ieee754_sqrt
                0x0800bb94      0x160 c:/program files (x86)/atollic/truestudio for stm32 9.0.1/armtools/bin/../lib/gcc/arm-atollic-eabi/6.3.1/../../../../arm-atollic-eabi/lib/armv7e-m/fpu\libm.a(lib_a-e_sqrt.o)
                0x0800bb94                __ieee754_sqrt
 *fill*         0x0800bcf4        0x4 
 .text.__kernel_cos
                0x0800bcf8      0x1cc c:/program files (x86)/atollic/truestudio for stm32 9.0.1/armtools/bin/../lib/gcc/arm-atollic-eabi/6.3.1/../../../../arm-atollic-eabi/lib/armv7e-m/fpu\libm.a(lib_a-k_cos.o)
                0x0800bcf8                __kernel_cos
 *fill*         0x0800bec4        0x4 
 .text.__kernel_rem_pio2
                0x0800bec8      0x69c c:/program files (x86)/atollic/truestudio for stm32 9.0.1/armtools/bin/../lib/gcc/arm-atollic-eabi/6.3.1/../../../../arm-atollic-eabi/lib/armv7e-m/fpu\libm.a(lib_a-k_rem_pio2.o)
                0x0800bec8                __kernel_rem_pio2
 *fill*         0x0800c564        0x4 
 .text.__kernel_sin
                0x0800c568      0x174 c:/program files (x86)/atollic/truestudio for stm32 9.0.1/armtools/bin/../lib/gcc/arm-atollic-eabi/6.3.1/../../../../arm-atollic-eabi/lib/armv7e-m/fpu\libm.a(lib_a-k_sin.o)
                0x0800c568                __kernel_sin
 *fill*         0x0800c6dc        0x4 
 .text.__kernel_tan
                0x0800c6e0      0x3a0 c:/program files (x86)/atollic/truestudio for stm32 9.0.1/armtools/bin/../lib/gcc/arm-atollic-eabi/6.3.1/../../../../arm-atollic-eabi/lib/armv7e-m/fpu\libm.a(lib_a-k_tan.o)
                0x0800c6e0                __kernel_tan
 .text.fabs     0x0800ca80        0xe c:/program files (x86)/atollic/truestudio for stm32 9.0.1/armtools/bin/../lib/gcc/arm-atollic-eabi/6.3.1/../../../../arm-atollic-eabi/lib/armv7e-m/fpu\libm.a(lib_a-s_fabs.o)
                0x0800ca80                fabs
 *fill*         0x0800ca8e        0x2 
 .text.floor    0x0800ca90      0x108 c:/program files (x86)/atollic/truestudio for stm32 9.0.1/armtools/bin/../lib/gcc/arm-atollic-eabi/6.3.1/../../../../arm-atollic-eabi/lib/armv7e-m/fpu\libm.a(lib_a-s_floor.o)
                0x0800ca90                floor
 .text.matherr  0x0800cb98        0x4 c:/program files (x86)/atollic/truestudio for stm32 9.0.1/armtools/bin/../lib/gcc/arm-atollic-eabi/6.3.1/../../../../arm-atollic-eabi/lib/armv7e-m/fpu\libm.a(lib_a-s_matherr.o)
                0x0800cb98                matherr
 *fill*         0x0800cb9c        0x4 
 .text.nan      0x0800cba0       0x10 c:/program files (x86)/atollic/truestudio for stm32 9.0.1/armtools/bin/../lib/gcc/arm-atollic-eabi/6.3.1/../../../../arm-atollic-eabi/lib/armv7e-m/fpu\libm.a(lib_a-s_nan.o)
                0x0800cba0                nan
 .text.scalbn   0x0800cbb0       0xf4 c:/program files (x86)/atollic/truestudio for stm32 9.0.1/armtools/bin/../lib/gcc/arm-atollic-eabi/6.3.1/../../../../arm-atollic-eabi/lib/armv7e-m/fpu\libm.a(lib_a-s_scalbn.o)
                0x0800cbb0                scalbn
 .text.copysign
                0x0800cca4       0x1a c:/program files (x86)/atollic/truestudio for stm32 9.0.1/armtools/bin/../lib/gcc/arm-atollic-eabi/6.3.1/../../../../arm-atollic-eabi/lib/armv7e-m/fpu\libm.a(lib_a-s_copysign.o)
                0x0800cca4                copysign
 *fill*         0x0800ccbe        0x2 
 .text.__errno  0x0800ccc0        0xc c:/program files (x86)/atollic/truestudio for stm32 9.0.1/armtools/bin/../lib/gcc/arm-atollic-eabi/6.3.1/../../../../arm-atollic-eabi/lib/armv7e-m/fpu\libc_nano.a(lib_a-errno.o)
                0x0800ccc0                __errno
 *(.glue_7)
 .glue_7        0x0800cccc        0x0 linker stubs
 *(.glue_7t)
 .glue_7t       0x0800cccc        0x0 linker stubs
 *(.eh_frame)
 .eh_frame      0x0800cccc        0x0 c:/program files (x86)/atollic/truestudio for stm32 9.0.1/armtools/bin/../lib/gcc/arm-atollic-eabi/6.3.1/armv7e-m/fpu/crtbegin.o
 *(.init)
 .init          0x0800cccc        0x4 c:/program files (x86)/atollic/truestudio for stm32 9.0.1/armtools/bin/../lib/gcc/arm-atollic-eabi/6.3.1/armv7e-m/fpu/crti.o
                0x0800cccc                _init
 .init          0x0800ccd0        0x8 c:/program files (x86)/atollic/truestudio for stm32 9.0.1/armtools/bin/../lib/gcc/arm-atollic-eabi/6.3.1/armv7e-m/fpu/crtn.o
 *(.fini)
 .fini          0x0800ccd8        0x4 c:/program files (x86)/atollic/truestudio for stm32 9.0.1/armtools/bin/../lib/gcc/arm-atollic-eabi/6.3.1/armv7e-m/fpu/crti.o
                0x0800ccd8                _fini
 .fini          0x0800ccdc        0x8 c:/program files (x86)/atollic/truestudio for stm32 9.0.1/armtools/bin/../lib/gcc/arm-atollic-eabi/6.3.1/armv7e-m/fpu/crtn.o
                0x0800cce4                . = ALIGN (0x4)
                0x0800cce4                _etext = .

.vfp11_veneer   0x0800cce4        0x0
 .vfp11_veneer  0x0800cce4        0x0 linker stubs

.v4_bx          0x0800cce4        0x0
 .v4_bx         0x0800cce4        0x0 linker stubs

.iplt           0x0800cce4        0x0
 .iplt          0x0800cce4        0x0 c:/program files (x86)/atollic/truestudio for stm32 9.0.1/armtools/bin/../lib/gcc/arm-atollic-eabi/6.3.1/armv7e-m/fpu/crtbegin.o

.rodata         0x0800cce8      0x4e0
                0x0800cce8                . = ALIGN (0x4)
 *(.rodata)
 .rodata        0x0800cce8       0x86 Src\main.o
 *fill*         0x0800cd6e        0x2 
 .rodata        0x0800cd70       0x1b Src\stm32f4xx_hal_msp.o
 *(.rodata*)
 *fill*         0x0800cd8b        0x1 
 .rodata.flagBitshiftOffset.9098
                0x0800cd8c        0x8 Drivers\STM32F4xx_HAL_Driver\Src\stm32f4xx_hal_dma.o
 .rodata.hal_battery_voltage_hw_ration
                0x0800cd94        0x8 Src\battery.o
 .rodata.mean_alpha.9762
                0x0800cd9c        0x4 Src\imu.o
 .rodata.variance_threshold_pitch.9763
                0x0800cda0        0x4 Src\imu.o
 .rodata.variance_threshold_roll.9764
                0x0800cda4        0x4 Src\imu.o
 .rodata.variance_threshold_yaw.9765
                0x0800cda8        0x4 Src\imu.o
 .rodata.imu_sensor_offset
                0x0800cdac       0x24 Src\main.o
 .rodata.imu_sensor_scale_factor
                0x0800cdd0       0x24 Src\main.o
 .rodata.imu_mag_softiron_matrix
                0x0800cdf4       0x24 Src\main.o
 .rodata.imu_sensor_config
                0x0800ce18       0x9c Src\main.o
 *fill*         0x0800ceb4        0x4 
 .rodata.distance_per_pulse.9992
                0x0800ceb8        0x8 Src\main.o
 .rodata.AHBPrescTable
                0x0800cec0       0x10 Src\system_stm32f4xx.o
                0x0800cec0                AHBPrescTable
 .rodata.APBPrescTable
                0x0800ced0        0x8 Src\system_stm32f4xx.o
                0x0800ced0                APBPrescTable
 .rodata._setlocale_r.str1.1
                0x0800ced8        0x8 c:/program files (x86)/atollic/truestudio for stm32 9.0.1/armtools/bin/../lib/gcc/arm-atollic-eabi/6.3.1/../../../../arm-atollic-eabi/lib/armv7e-m/fpu\libc_nano.a(lib_a-locale.o)
                                  0x9 (size before relaxing)
 .rodata.str1.1
                0x0800cee0        0x2 c:/program files (x86)/atollic/truestudio for stm32 9.0.1/armtools/bin/../lib/gcc/arm-atollic-eabi/6.3.1/../../../../arm-atollic-eabi/lib/armv7e-m/fpu\libc_nano.a(lib_a-locale.o)
 .rodata._ctype_
                0x0800cee2      0x101 c:/program files (x86)/atollic/truestudio for stm32 9.0.1/armtools/bin/../lib/gcc/arm-atollic-eabi/6.3.1/../../../../arm-atollic-eabi/lib/armv7e-m/fpu\libc_nano.a(lib_a-ctype_.o)
                0x0800cee2                _ctype_
 .rodata.acos.str1.1
                0x0800cfe3        0x5 c:/program files (x86)/atollic/truestudio for stm32 9.0.1/armtools/bin/../lib/gcc/arm-atollic-eabi/6.3.1/../../../../arm-atollic-eabi/lib/armv7e-m/fpu\libm.a(lib_a-w_acos.o)
                                  0x6 (size before relaxing)
 .rodata.sqrt.str1.1
                0x0800cfe8        0x5 c:/program files (x86)/atollic/truestudio for stm32 9.0.1/armtools/bin/../lib/gcc/arm-atollic-eabi/6.3.1/../../../../arm-atollic-eabi/lib/armv7e-m/fpu\libm.a(lib_a-w_sqrt.o)
 *fill*         0x0800cfed        0x3 
 .rodata.npio2_hw
                0x0800cff0       0x80 c:/program files (x86)/atollic/truestudio for stm32 9.0.1/armtools/bin/../lib/gcc/arm-atollic-eabi/6.3.1/../../../../arm-atollic-eabi/lib/armv7e-m/fpu\libm.a(lib_a-e_rem_pio2.o)
 .rodata.two_over_pi
                0x0800d070      0x108 c:/program files (x86)/atollic/truestudio for stm32 9.0.1/armtools/bin/../lib/gcc/arm-atollic-eabi/6.3.1/../../../../arm-atollic-eabi/lib/armv7e-m/fpu\libm.a(lib_a-e_rem_pio2.o)
 .rodata.PIo2   0x0800d178       0x40 c:/program files (x86)/atollic/truestudio for stm32 9.0.1/armtools/bin/../lib/gcc/arm-atollic-eabi/6.3.1/../../../../arm-atollic-eabi/lib/armv7e-m/fpu\libm.a(lib_a-k_rem_pio2.o)
 .rodata.init_jk
                0x0800d1b8       0x10 c:/program files (x86)/atollic/truestudio for stm32 9.0.1/armtools/bin/../lib/gcc/arm-atollic-eabi/6.3.1/../../../../arm-atollic-eabi/lib/armv7e-m/fpu\libm.a(lib_a-k_rem_pio2.o)
                0x0800d1c8                . = ALIGN (0x4)

.ARM.extab
 *(.ARM.extab* .gnu.linkonce.armextab.*)

.ARM            0x0800d1c8        0x8
                0x0800d1c8                __exidx_start = .
 *(.ARM.exidx*)
 .ARM.exidx     0x0800d1c8        0x8 c:/program files (x86)/atollic/truestudio for stm32 9.0.1/armtools/bin/../lib/gcc/arm-atollic-eabi/6.3.1/armv7e-m/fpu\libgcc.a(_udivmoddi4.o)
                0x0800d1d0                __exidx_end = .

.rel.dyn        0x0800d1d0        0x0
 .rel.iplt      0x0800d1d0        0x0 c:/program files (x86)/atollic/truestudio for stm32 9.0.1/armtools/bin/../lib/gcc/arm-atollic-eabi/6.3.1/armv7e-m/fpu/crtbegin.o

.preinit_array  0x0800d1d0        0x0
                0x0800d1d0                PROVIDE (__preinit_array_start, .)
 *(.preinit_array*)
                0x0800d1d0                PROVIDE (__preinit_array_end, .)

.init_array     0x0800d1d0        0x4
                0x0800d1d0                PROVIDE (__init_array_start, .)
 *(SORT(.init_array.*))
 *(.init_array*)
 .init_array    0x0800d1d0        0x4 c:/program files (x86)/atollic/truestudio for stm32 9.0.1/armtools/bin/../lib/gcc/arm-atollic-eabi/6.3.1/armv7e-m/fpu/crtbegin.o
                0x0800d1d4                PROVIDE (__init_array_end, .)

.fini_array     0x0800d1d4        0x4
                [!provide]                PROVIDE (__fini_array_start, .)
 *(SORT(.fini_array.*))
 *(.fini_array*)
 .fini_array    0x0800d1d4        0x4 c:/program files (x86)/atollic/truestudio for stm32 9.0.1/armtools/bin/../lib/gcc/arm-atollic-eabi/6.3.1/armv7e-m/fpu/crtbegin.o
                [!provide]                PROVIDE (__fini_array_end, .)
                0x0800d1d8                _sidata = LOADADDR (.data)

.data           0x20000000      0xaa0 load address 0x0800d1d8
                0x20000000                . = ALIGN (0x4)
                0x20000000                _sdata = .
 *(.data)
 *(.data*)
 .data.uwTickPrio
                0x20000000        0x4 Drivers\STM32F4xx_HAL_Driver\Src\stm32f4xx_hal.o
                0x20000000                uwTickPrio
 .data.uwTickFreq
                0x20000004        0x1 Drivers\STM32F4xx_HAL_Driver\Src\stm32f4xx_hal.o
                0x20000004                uwTickFreq
 *fill*         0x20000005        0x3 
 .data.xpid_kp  0x20000008        0x8 Src\main.o
                0x20000008                xpid_kp
 .data.xpid_ki  0x20000010        0x8 Src\main.o
                0x20000010                xpid_ki
 .data.xpid     0x20000018      0x448 Src\main.o
                0x20000018                xpid
 .data.wpid_kp  0x20000460        0x8 Src\main.o
                0x20000460                wpid_kp
 .data.wpid_ki  0x20000468        0x8 Src\main.o
                0x20000468                wpid_ki
 .data.wpid     0x20000470      0x448 Src\main.o
                0x20000470                wpid
 .data.imu_sensor_device_addr
                0x200008b8        0x6 Src\main.o
                0x200008b8                imu_sensor_device_addr
 *fill*         0x200008be        0x2 
 .data.imu_sensor_reg_addr
                0x200008c0        0x6 Src\main.o
                0x200008c0                imu_sensor_reg_addr
 *fill*         0x200008c6        0x2 
 .data.SystemCoreClock
                0x200008c8        0x4 Src\system_stm32f4xx.o
                0x200008c8                SystemCoreClock
 .data._impure_ptr
                0x200008cc        0x4 c:/program files (x86)/atollic/truestudio for stm32 9.0.1/armtools/bin/../lib/gcc/arm-atollic-eabi/6.3.1/../../../../arm-atollic-eabi/lib/armv7e-m/fpu\libc_nano.a(lib_a-impure.o)
                0x200008cc                _impure_ptr
 .data.impure_data
                0x200008d0       0x60 c:/program files (x86)/atollic/truestudio for stm32 9.0.1/armtools/bin/../lib/gcc/arm-atollic-eabi/6.3.1/../../../../arm-atollic-eabi/lib/armv7e-m/fpu\libc_nano.a(lib_a-impure.o)
 .data.__global_locale
                0x20000930      0x16c c:/program files (x86)/atollic/truestudio for stm32 9.0.1/armtools/bin/../lib/gcc/arm-atollic-eabi/6.3.1/../../../../arm-atollic-eabi/lib/armv7e-m/fpu\libc_nano.a(lib_a-locale.o)
                0x20000930                __global_locale
 .data.__fdlib_version
                0x20000a9c        0x1 c:/program files (x86)/atollic/truestudio for stm32 9.0.1/armtools/bin/../lib/gcc/arm-atollic-eabi/6.3.1/../../../../arm-atollic-eabi/lib/armv7e-m/fpu\libm.a(lib_a-s_lib_ver.o)
                0x20000a9c                __fdlib_version
                0x20000aa0                . = ALIGN (0x4)
 *fill*         0x20000a9d        0x3 
                0x20000aa0                _edata = .
                0x0800dc78                _siccmram = LOADADDR (.ccmram)

.igot.plt       0x20000aa0        0x0 load address 0x0800dc78
 .igot.plt      0x20000aa0        0x0 c:/program files (x86)/atollic/truestudio for stm32 9.0.1/armtools/bin/../lib/gcc/arm-atollic-eabi/6.3.1/armv7e-m/fpu/crtbegin.o

.ccmram         0x10000000        0x0 load address 0x0800dc78
                0x10000000                . = ALIGN (0x4)
                0x10000000                _sccmram = .
 *(.ccmram)
 *(.ccmram*)
                0x10000000                . = ALIGN (0x4)
                0x10000000                _eccmram = .
                0x10000000                . = ALIGN (0x4)

.bss            0x20000aa0     0x10fc
                0x20000aa0                _sbss = .
                0x20000aa0                __bss_start__ = _sbss
 *(.bss)
 .bss           0x20000aa0       0x1c c:/program files (x86)/atollic/truestudio for stm32 9.0.1/armtools/bin/../lib/gcc/arm-atollic-eabi/6.3.1/armv7e-m/fpu/crtbegin.o
 *(.bss*)
 .bss.HAL_Battery_ADC_Converted_Values
                0x20000abc        0x4 Src\battery.o
                0x20000abc                HAL_Battery_ADC_Converted_Values
 .bss.HAL_IMU_handles
                0x20000ac0        0xc Src\imu.o
 .bss.HAL_IMU_handles_count
                0x20000acc        0x4 Src\imu.o
 .bss.counter.9761
                0x20000ad0        0x4 Src\imu.o
 .bss.HAL_LED_handles
                0x20000ad4       0x18 Src\led.o
 .bss.HAL_LED_handles_count
                0x20000aec        0x4 Src\led.o
 .bss.power_status
                0x20000af0        0x1 Src\main.o
                0x20000af0                power_status
 *fill*         0x20000af1        0x3 
 .bss.rx_timestamp
                0x20000af4        0x4 Src\main.o
                0x20000af4                rx_timestamp
 .bss.xpid_kd   0x20000af8        0x8 Src\main.o
                0x20000af8                xpid_kd
 .bss.wpid_kd   0x20000b00        0x8 Src\main.o
                0x20000b00                wpid_kd
 .bss.x         0x20000b08        0x4 Src\main.o
                0x20000b08                x
 .bss.y         0x20000b0c        0x4 Src\main.o
                0x20000b0c                y
 .bss.command_fifo_input
                0x20000b10        0x4 Src\main.o
                0x20000b10                command_fifo_input
 .bss.command_fifo_current
                0x20000b14        0x4 Src\main.o
                0x20000b14                command_fifo_current
 .bss.current_command
                0x20000b18       0x14 Src\main.o
                0x20000b18                current_command
 .bss.current_command_step
                0x20000b2c        0x4 Src\main.o
                0x20000b2c                current_command_step
 .bss.start_x   0x20000b30        0x4 Src\main.o
                0x20000b30                start_x
 .bss.start_y   0x20000b34        0x4 Src\main.o
                0x20000b34                start_y
 .bss.start_heading
                0x20000b38        0x4 Src\main.o
                0x20000b38                start_heading
 .bss.xspeed_current
                0x20000b3c        0x4 Src\main.o
                0x20000b3c                xspeed_current
 .bss.xspeed_target
                0x20000b40        0x4 Src\main.o
                0x20000b40                xspeed_target
 .bss.wspeed_current
                0x20000b44        0x4 Src\main.o
                0x20000b44                wspeed_current
 .bss.wspeed_target
                0x20000b48        0x4 Src\main.o
                0x20000b48                wspeed_target
 .bss.serial_index.9942
                0x20000b4c        0x4 Src\main.o
 .bss.serial_string.9941
                0x20000b50       0x80 Src\main.o
 .bss.wspeed_cam.9943
                0x20000bd0        0x4 Src\main.o
 .bss.counter.9999
                0x20000bd4        0x4 Src\main.o
 .bss.z.9554    0x20000bd8        0x4 Src\mymath.o
 .bss.atan.9553
                0x20000bdc        0x4 Src\mymath.o
 .bss.HAL_PPM_SUM_Input_handles
                0x20000be0        0xc Src\ppm_sum_input.o
 .bss.HAL_PPM_SUM_Input_handles_count
                0x20000bec        0x4 Src\ppm_sum_input.o
 .bss.hserial_table
                0x20000bf0       0x10 Src\serial.o
                0x20000bf0                hserial_table
 .bss.serial_counter
                0x20000c00        0x4 Src\serial.o
                0x20000c00                serial_counter
 .bss.id.9049   0x20000c04        0x4 Src\serial.o
 *(COMMON)
 COMMON         0x20000c08        0x4 Drivers\STM32F4xx_HAL_Driver\Src\stm32f4xx_hal.o
                0x20000c08                uwTick
 COMMON         0x20000c0c      0xf90 Src\main.o
                0x20000c0c                ahrs
                0x20000c68                hdma_usart2_rx
                0x20000cc8                htim4
                0x20000d04                imu
                0x20000ddc                hi2c1
                0x20000e30                htim5
                0x20000e6c                htim3
                0x20000ea8                hadc1
                0x20000ef0                hdma_usart2_tx
                0x20000f50                command_fifo
                0x200011d0                hdma_adc1
                0x20001230                htim1
                0x2000126c                hppmi
                0x20001290                htim2
                0x200012cc                huart2
                0x2000130c                hcom
                0x20001b18                htim14
                0x20001b54                hled
                0x20001b8c                hencoder
                0x20001b9c                . = ALIGN (0x4)
                0x20001b9c                _ebss = .
                0x20001b9c                __bss_end__ = _ebss

._user_heap_stack
                0x20001b9c      0x600
                0x20001b9c                . = ALIGN (0x4)
                [!provide]                PROVIDE (end, .)
                [!provide]                PROVIDE (_end, .)
                0x20001d9c                . = (. + _Min_Heap_Size)
 *fill*         0x20001b9c      0x200 
                0x2000219c                . = (. + _Min_Stack_Size)
 *fill*         0x20001d9c      0x400 
                0x2000219c                . = ALIGN (0x4)

/DISCARD/
 libc.a(*)
 libm.a(*)
 libgcc.a(*)

.ARM.attributes
                0x00000000       0x30
 *(.ARM.attributes)
 .ARM.attributes
                0x00000000       0x22 c:/program files (x86)/atollic/truestudio for stm32 9.0.1/armtools/bin/../lib/gcc/arm-atollic-eabi/6.3.1/armv7e-m/fpu/crti.o
 .ARM.attributes
                0x00000022       0x34 c:/program files (x86)/atollic/truestudio for stm32 9.0.1/armtools/bin/../lib/gcc/arm-atollic-eabi/6.3.1/armv7e-m/fpu/crtbegin.o
 .ARM.attributes
                0x00000056       0x39 Drivers\STM32F4xx_HAL_Driver\Src\stm32f4xx_hal.o
 .ARM.attributes
                0x0000008f       0x39 Drivers\STM32F4xx_HAL_Driver\Src\stm32f4xx_hal_adc.o
 .ARM.attributes
                0x000000c8       0x39 Drivers\STM32F4xx_HAL_Driver\Src\stm32f4xx_hal_cortex.o
 .ARM.attributes
                0x00000101       0x39 Drivers\STM32F4xx_HAL_Driver\Src\stm32f4xx_hal_dma.o
 .ARM.attributes
                0x0000013a       0x39 Drivers\STM32F4xx_HAL_Driver\Src\stm32f4xx_hal_gpio.o
 .ARM.attributes
                0x00000173       0x39 Drivers\STM32F4xx_HAL_Driver\Src\stm32f4xx_hal_i2c.o
 .ARM.attributes
                0x000001ac       0x39 Drivers\STM32F4xx_HAL_Driver\Src\stm32f4xx_hal_rcc.o
 .ARM.attributes
                0x000001e5       0x39 Drivers\STM32F4xx_HAL_Driver\Src\stm32f4xx_hal_tim.o
 .ARM.attributes
                0x0000021e       0x39 Drivers\STM32F4xx_HAL_Driver\Src\stm32f4xx_hal_tim_ex.o
 .ARM.attributes
                0x00000257       0x39 Drivers\STM32F4xx_HAL_Driver\Src\stm32f4xx_hal_uart.o
 .ARM.attributes
                0x00000290       0x39 Src\battery.o
 .ARM.attributes
                0x000002c9       0x39 Src\encoder.o
 .ARM.attributes
                0x00000302       0x39 Src\imu.o
 .ARM.attributes
                0x0000033b       0x39 Src\led.o
 .ARM.attributes
                0x00000374       0x39 Src\main.o
 .ARM.attributes
                0x000003ad       0x39 Src\motor.o
 .ARM.attributes
                0x000003e6       0x39 Src\myAHRS.o
 .ARM.attributes
                0x0000041f       0x39 Src\mymath.o
 .ARM.attributes
                0x00000458       0x39 Src\pid.o
 .ARM.attributes
                0x00000491       0x39 Src\ppm_sum_input.o
 .ARM.attributes
                0x000004ca       0x39 Src\serial.o
 .ARM.attributes
                0x00000503       0x39 Src\speed.o
 .ARM.attributes
                0x0000053c       0x39 Src\stm32f4xx_hal_msp.o
 .ARM.attributes
                0x00000575       0x39 Src\stm32f4xx_it.o
 .ARM.attributes
                0x000005ae       0x39 Src\system_stm32f4xx.o
 .ARM.attributes
                0x000005e7       0x21 startup\startup_stm32f405xx.o
 .ARM.attributes
                0x00000608       0x34 c:/program files (x86)/atollic/truestudio for stm32 9.0.1/armtools/bin/../lib/gcc/arm-atollic-eabi/6.3.1/../../../../arm-atollic-eabi/lib/armv7e-m/fpu\libc_nano.a(lib_a-atoi.o)
 .ARM.attributes
                0x0000063c       0x34 c:/program files (x86)/atollic/truestudio for stm32 9.0.1/armtools/bin/../lib/gcc/arm-atollic-eabi/6.3.1/../../../../arm-atollic-eabi/lib/armv7e-m/fpu\libc_nano.a(lib_a-init.o)
 .ARM.attributes
                0x00000670       0x34 c:/program files (x86)/atollic/truestudio for stm32 9.0.1/armtools/bin/../lib/gcc/arm-atollic-eabi/6.3.1/../../../../arm-atollic-eabi/lib/armv7e-m/fpu\libc_nano.a(lib_a-memcpy-stub.o)
 .ARM.attributes
                0x000006a4       0x34 c:/program files (x86)/atollic/truestudio for stm32 9.0.1/armtools/bin/../lib/gcc/arm-atollic-eabi/6.3.1/../../../../arm-atollic-eabi/lib/armv7e-m/fpu\libc_nano.a(lib_a-memset.o)
 .ARM.attributes
                0x000006d8       0x1b c:/program files (x86)/atollic/truestudio for stm32 9.0.1/armtools/bin/../lib/gcc/arm-atollic-eabi/6.3.1/../../../../arm-atollic-eabi/lib/armv7e-m/fpu\libc_nano.a(lib_a-strlen.o)
 .ARM.attributes
                0x000006f3       0x34 c:/program files (x86)/atollic/truestudio for stm32 9.0.1/armtools/bin/../lib/gcc/arm-atollic-eabi/6.3.1/../../../../arm-atollic-eabi/lib/armv7e-m/fpu\libc_nano.a(lib_a-strtol.o)
 .ARM.attributes
                0x00000727       0x34 c:/program files (x86)/atollic/truestudio for stm32 9.0.1/armtools/bin/../lib/gcc/arm-atollic-eabi/6.3.1/../../../../arm-atollic-eabi/lib/armv7e-m/fpu\libc_nano.a(lib_a-impure.o)
 .ARM.attributes
                0x0000075b       0x34 c:/program files (x86)/atollic/truestudio for stm32 9.0.1/armtools/bin/../lib/gcc/arm-atollic-eabi/6.3.1/../../../../arm-atollic-eabi/lib/armv7e-m/fpu\libc_nano.a(lib_a-locale.o)
 .ARM.attributes
                0x0000078f       0x34 c:/program files (x86)/atollic/truestudio for stm32 9.0.1/armtools/bin/../lib/gcc/arm-atollic-eabi/6.3.1/../../../../arm-atollic-eabi/lib/armv7e-m/fpu\libc_nano.a(lib_a-mbtowc_r.o)
 .ARM.attributes
                0x000007c3       0x34 c:/program files (x86)/atollic/truestudio for stm32 9.0.1/armtools/bin/../lib/gcc/arm-atollic-eabi/6.3.1/../../../../arm-atollic-eabi/lib/armv7e-m/fpu\libc_nano.a(lib_a-wctomb_r.o)
 .ARM.attributes
                0x000007f7       0x34 c:/program files (x86)/atollic/truestudio for stm32 9.0.1/armtools/bin/../lib/gcc/arm-atollic-eabi/6.3.1/../../../../arm-atollic-eabi/lib/armv7e-m/fpu\libc_nano.a(lib_a-ctype_.o)
 .ARM.attributes
                0x0000082b       0x34 c:/program files (x86)/atollic/truestudio for stm32 9.0.1/armtools/bin/../lib/gcc/arm-atollic-eabi/6.3.1/../../../../arm-atollic-eabi/lib/armv7e-m/fpu\libm.a(lib_a-s_cos.o)
 .ARM.attributes
                0x0000085f       0x34 c:/program files (x86)/atollic/truestudio for stm32 9.0.1/armtools/bin/../lib/gcc/arm-atollic-eabi/6.3.1/../../../../arm-atollic-eabi/lib/armv7e-m/fpu\libm.a(lib_a-s_sin.o)
 .ARM.attributes
                0x00000893       0x34 c:/program files (x86)/atollic/truestudio for stm32 9.0.1/armtools/bin/../lib/gcc/arm-atollic-eabi/6.3.1/../../../../arm-atollic-eabi/lib/armv7e-m/fpu\libm.a(lib_a-s_tan.o)
 .ARM.attributes
                0x000008c7       0x34 c:/program files (x86)/atollic/truestudio for stm32 9.0.1/armtools/bin/../lib/gcc/arm-atollic-eabi/6.3.1/../../../../arm-atollic-eabi/lib/armv7e-m/fpu\libm.a(lib_a-w_acos.o)
 .ARM.attributes
                0x000008fb       0x34 c:/program files (x86)/atollic/truestudio for stm32 9.0.1/armtools/bin/../lib/gcc/arm-atollic-eabi/6.3.1/../../../../arm-atollic-eabi/lib/armv7e-m/fpu\libm.a(lib_a-w_sqrt.o)
 .ARM.attributes
                0x0000092f       0x34 c:/program files (x86)/atollic/truestudio for stm32 9.0.1/armtools/bin/../lib/gcc/arm-atollic-eabi/6.3.1/../../../../arm-atollic-eabi/lib/armv7e-m/fpu\libm.a(lib_a-e_acos.o)
 .ARM.attributes
                0x00000963       0x34 c:/program files (x86)/atollic/truestudio for stm32 9.0.1/armtools/bin/../lib/gcc/arm-atollic-eabi/6.3.1/../../../../arm-atollic-eabi/lib/armv7e-m/fpu\libm.a(lib_a-e_rem_pio2.o)
 .ARM.attributes
                0x00000997       0x34 c:/program files (x86)/atollic/truestudio for stm32 9.0.1/armtools/bin/../lib/gcc/arm-atollic-eabi/6.3.1/../../../../arm-atollic-eabi/lib/armv7e-m/fpu\libm.a(lib_a-e_sqrt.o)
 .ARM.attributes
                0x000009cb       0x34 c:/program files (x86)/atollic/truestudio for stm32 9.0.1/armtools/bin/../lib/gcc/arm-atollic-eabi/6.3.1/../../../../arm-atollic-eabi/lib/armv7e-m/fpu\libm.a(lib_a-k_cos.o)
 .ARM.attributes
                0x000009ff       0x34 c:/program files (x86)/atollic/truestudio for stm32 9.0.1/armtools/bin/../lib/gcc/arm-atollic-eabi/6.3.1/../../../../arm-atollic-eabi/lib/armv7e-m/fpu\libm.a(lib_a-k_rem_pio2.o)
 .ARM.attributes
                0x00000a33       0x34 c:/program files (x86)/atollic/truestudio for stm32 9.0.1/armtools/bin/../lib/gcc/arm-atollic-eabi/6.3.1/../../../../arm-atollic-eabi/lib/armv7e-m/fpu\libm.a(lib_a-k_sin.o)
 .ARM.attributes
                0x00000a67       0x34 c:/program files (x86)/atollic/truestudio for stm32 9.0.1/armtools/bin/../lib/gcc/arm-atollic-eabi/6.3.1/../../../../arm-atollic-eabi/lib/armv7e-m/fpu\libm.a(lib_a-k_tan.o)
 .ARM.attributes
                0x00000a9b       0x34 c:/program files (x86)/atollic/truestudio for stm32 9.0.1/armtools/bin/../lib/gcc/arm-atollic-eabi/6.3.1/../../../../arm-atollic-eabi/lib/armv7e-m/fpu\libm.a(lib_a-s_fabs.o)
 .ARM.attributes
                0x00000acf       0x34 c:/program files (x86)/atollic/truestudio for stm32 9.0.1/armtools/bin/../lib/gcc/arm-atollic-eabi/6.3.1/../../../../arm-atollic-eabi/lib/armv7e-m/fpu\libm.a(lib_a-s_floor.o)
 .ARM.attributes
                0x00000b03       0x34 c:/program files (x86)/atollic/truestudio for stm32 9.0.1/armtools/bin/../lib/gcc/arm-atollic-eabi/6.3.1/../../../../arm-atollic-eabi/lib/armv7e-m/fpu\libm.a(lib_a-s_lib_ver.o)
 .ARM.attributes
                0x00000b37       0x34 c:/program files (x86)/atollic/truestudio for stm32 9.0.1/armtools/bin/../lib/gcc/arm-atollic-eabi/6.3.1/../../../../arm-atollic-eabi/lib/armv7e-m/fpu\libm.a(lib_a-s_matherr.o)
 .ARM.attributes
                0x00000b6b       0x34 c:/program files (x86)/atollic/truestudio for stm32 9.0.1/armtools/bin/../lib/gcc/arm-atollic-eabi/6.3.1/../../../../arm-atollic-eabi/lib/armv7e-m/fpu\libm.a(lib_a-s_nan.o)
 .ARM.attributes
                0x00000b9f       0x34 c:/program files (x86)/atollic/truestudio for stm32 9.0.1/armtools/bin/../lib/gcc/arm-atollic-eabi/6.3.1/../../../../arm-atollic-eabi/lib/armv7e-m/fpu\libm.a(lib_a-s_scalbn.o)
 .ARM.attributes
                0x00000bd3       0x34 c:/program files (x86)/atollic/truestudio for stm32 9.0.1/armtools/bin/../lib/gcc/arm-atollic-eabi/6.3.1/../../../../arm-atollic-eabi/lib/armv7e-m/fpu\libm.a(lib_a-s_copysign.o)
 .ARM.attributes
                0x00000c07       0x34 c:/program files (x86)/atollic/truestudio for stm32 9.0.1/armtools/bin/../lib/gcc/arm-atollic-eabi/6.3.1/../../../../arm-atollic-eabi/lib/armv7e-m/fpu\libc_nano.a(lib_a-errno.o)
 .ARM.attributes
                0x00000c3b       0x22 c:/program files (x86)/atollic/truestudio for stm32 9.0.1/armtools/bin/../lib/gcc/arm-atollic-eabi/6.3.1/armv7e-m/fpu\libgcc.a(_arm_addsubdf3.o)
 .ARM.attributes
                0x00000c5d       0x22 c:/program files (x86)/atollic/truestudio for stm32 9.0.1/armtools/bin/../lib/gcc/arm-atollic-eabi/6.3.1/armv7e-m/fpu\libgcc.a(_arm_muldivdf3.o)
 .ARM.attributes
                0x00000c7f       0x22 c:/program files (x86)/atollic/truestudio for stm32 9.0.1/armtools/bin/../lib/gcc/arm-atollic-eabi/6.3.1/armv7e-m/fpu\libgcc.a(_arm_cmpdf2.o)
 .ARM.attributes
                0x00000ca1       0x22 c:/program files (x86)/atollic/truestudio for stm32 9.0.1/armtools/bin/../lib/gcc/arm-atollic-eabi/6.3.1/armv7e-m/fpu\libgcc.a(_arm_unorddf2.o)
 .ARM.attributes
                0x00000cc3       0x22 c:/program files (x86)/atollic/truestudio for stm32 9.0.1/armtools/bin/../lib/gcc/arm-atollic-eabi/6.3.1/armv7e-m/fpu\libgcc.a(_arm_fixdfsi.o)
 .ARM.attributes
                0x00000ce5       0x22 c:/program files (x86)/atollic/truestudio for stm32 9.0.1/armtools/bin/../lib/gcc/arm-atollic-eabi/6.3.1/armv7e-m/fpu\libgcc.a(_arm_truncdfsf2.o)
 .ARM.attributes
                0x00000d07       0x22 c:/program files (x86)/atollic/truestudio for stm32 9.0.1/armtools/bin/../lib/gcc/arm-atollic-eabi/6.3.1/armv7e-m/fpu\libgcc.a(_aeabi_uldivmod.o)
 .ARM.attributes
                0x00000d29       0x34 c:/program files (x86)/atollic/truestudio for stm32 9.0.1/armtools/bin/../lib/gcc/arm-atollic-eabi/6.3.1/armv7e-m/fpu\libgcc.a(_udivmoddi4.o)
 .ARM.attributes
                0x00000d5d       0x22 c:/program files (x86)/atollic/truestudio for stm32 9.0.1/armtools/bin/../lib/gcc/arm-atollic-eabi/6.3.1/armv7e-m/fpu\libgcc.a(_dvmd_tls.o)
 .ARM.attributes
                0x00000d7f       0x22 c:/program files (x86)/atollic/truestudio for stm32 9.0.1/armtools/bin/../lib/gcc/arm-atollic-eabi/6.3.1/armv7e-m/fpu/crtn.o
OUTPUT(SouthBridge.elf elf32-littlearm)

.debug_info     0x00000000    0x1faf7
 .debug_info    0x00000000     0x110c Drivers\STM32F4xx_HAL_Driver\Src\stm32f4xx_hal.o
 .debug_info    0x0000110c     0x149f Drivers\STM32F4xx_HAL_Driver\Src\stm32f4xx_hal_adc.o
 .debug_info    0x000025ab     0x15d0 Drivers\STM32F4xx_HAL_Driver\Src\stm32f4xx_hal_cortex.o
 .debug_info    0x00003b7b     0x1123 Drivers\STM32F4xx_HAL_Driver\Src\stm32f4xx_hal_dma.o
 .debug_info    0x00004c9e      0xf76 Drivers\STM32F4xx_HAL_Driver\Src\stm32f4xx_hal_gpio.o
 .debug_info    0x00005c14     0x2884 Drivers\STM32F4xx_HAL_Driver\Src\stm32f4xx_hal_i2c.o
 .debug_info    0x00008498     0x10b6 Drivers\STM32F4xx_HAL_Driver\Src\stm32f4xx_hal_rcc.o
 .debug_info    0x0000954e     0x29f8 Drivers\STM32F4xx_HAL_Driver\Src\stm32f4xx_hal_tim.o
 .debug_info    0x0000bf46     0x17d2 Drivers\STM32F4xx_HAL_Driver\Src\stm32f4xx_hal_tim_ex.o
 .debug_info    0x0000d718     0x19dd Drivers\STM32F4xx_HAL_Driver\Src\stm32f4xx_hal_uart.o
 .debug_info    0x0000f0f5      0xebb Src\battery.o
 .debug_info    0x0000ffb0      0xf8c Src\encoder.o
 .debug_info    0x00010f3c     0x12c0 Src\imu.o
 .debug_info    0x000121fc      0xc98 Src\led.o
 .debug_info    0x00012e94     0x307d Src\main.o
 .debug_info    0x00015f11     0x10e3 Src\motor.o
 .debug_info    0x00016ff4      0xcc4 Src\myAHRS.o
 .debug_info    0x00017cb8      0xb27 Src\mymath.o
 .debug_info    0x000187df      0xc1f Src\pid.o
 .debug_info    0x000193fe      0xf7f Src\ppm_sum_input.o
 .debug_info    0x0001a37d     0x1246 Src\serial.o
 .debug_info    0x0001b5c3      0xa20 Src\speed.o
 .debug_info    0x0001bfe3     0x1c70 Src\stm32f4xx_hal_msp.o
 .debug_info    0x0001dc53     0x1126 Src\stm32f4xx_it.o
 .debug_info    0x0001ed79      0xd17 Src\system_stm32f4xx.o
 .debug_info    0x0001fa90       0x67 startup\startup_stm32f405xx.o

.debug_abbrev   0x00000000     0x3aca
 .debug_abbrev  0x00000000      0x280 Drivers\STM32F4xx_HAL_Driver\Src\stm32f4xx_hal.o
 .debug_abbrev  0x00000280      0x262 Drivers\STM32F4xx_HAL_Driver\Src\stm32f4xx_hal_adc.o
 .debug_abbrev  0x000004e2      0x371 Drivers\STM32F4xx_HAL_Driver\Src\stm32f4xx_hal_cortex.o
 .debug_abbrev  0x00000853      0x286 Drivers\STM32F4xx_HAL_Driver\Src\stm32f4xx_hal_dma.o
 .debug_abbrev  0x00000ad9      0x24c Drivers\STM32F4xx_HAL_Driver\Src\stm32f4xx_hal_gpio.o
 .debug_abbrev  0x00000d25      0x2a1 Drivers\STM32F4xx_HAL_Driver\Src\stm32f4xx_hal_i2c.o
 .debug_abbrev  0x00000fc6      0x2c8 Drivers\STM32F4xx_HAL_Driver\Src\stm32f4xx_hal_rcc.o
 .debug_abbrev  0x0000128e      0x2ab Drivers\STM32F4xx_HAL_Driver\Src\stm32f4xx_hal_tim.o
 .debug_abbrev  0x00001539      0x288 Drivers\STM32F4xx_HAL_Driver\Src\stm32f4xx_hal_tim_ex.o
 .debug_abbrev  0x000017c1      0x2bd Drivers\STM32F4xx_HAL_Driver\Src\stm32f4xx_hal_uart.o
 .debug_abbrev  0x00001a7e      0x208 Src\battery.o
 .debug_abbrev  0x00001c86      0x232 Src\encoder.o
 .debug_abbrev  0x00001eb8      0x237 Src\imu.o
 .debug_abbrev  0x000020ef      0x227 Src\led.o
 .debug_abbrev  0x00002316      0x329 Src\main.o
 .debug_abbrev  0x0000263f      0x221 Src\motor.o
 .debug_abbrev  0x00002860      0x203 Src\myAHRS.o
 .debug_abbrev  0x00002a63      0x211 Src\mymath.o
 .debug_abbrev  0x00002c74      0x1d5 Src\pid.o
 .debug_abbrev  0x00002e49      0x209 Src\ppm_sum_input.o
 .debug_abbrev  0x00003052      0x2e2 Src\serial.o
 .debug_abbrev  0x00003334      0x1a5 Src\speed.o
 .debug_abbrev  0x000034d9      0x239 Src\stm32f4xx_hal_msp.o
 .debug_abbrev  0x00003712      0x1dc Src\stm32f4xx_it.o
 .debug_abbrev  0x000038ee      0x1ca Src\system_stm32f4xx.o
 .debug_abbrev  0x00003ab8       0x12 startup\startup_stm32f405xx.o

.debug_aranges  0x00000000     0x1208
 .debug_aranges
                0x00000000       0xe0 Drivers\STM32F4xx_HAL_Driver\Src\stm32f4xx_hal.o
 .debug_aranges
                0x000000e0       0xe8 Drivers\STM32F4xx_HAL_Driver\Src\stm32f4xx_hal_adc.o
 .debug_aranges
                0x000001c8      0x118 Drivers\STM32F4xx_HAL_Driver\Src\stm32f4xx_hal_cortex.o
 .debug_aranges
                0x000002e0       0x90 Drivers\STM32F4xx_HAL_Driver\Src\stm32f4xx_hal_dma.o
 .debug_aranges
                0x00000370       0x58 Drivers\STM32F4xx_HAL_Driver\Src\stm32f4xx_hal_gpio.o
 .debug_aranges
                0x000003c8      0x268 Drivers\STM32F4xx_HAL_Driver\Src\stm32f4xx_hal_i2c.o
 .debug_aranges
                0x00000630       0x88 Drivers\STM32F4xx_HAL_Driver\Src\stm32f4xx_hal_rcc.o
 .debug_aranges
                0x000006b8      0x368 Drivers\STM32F4xx_HAL_Driver\Src\stm32f4xx_hal_tim.o
 .debug_aranges
                0x00000a20      0x140 Drivers\STM32F4xx_HAL_Driver\Src\stm32f4xx_hal_tim_ex.o
 .debug_aranges
                0x00000b60      0x1d0 Drivers\STM32F4xx_HAL_Driver\Src\stm32f4xx_hal_uart.o
 .debug_aranges
                0x00000d30       0x30 Src\battery.o
 .debug_aranges
                0x00000d60       0x38 Src\encoder.o
 .debug_aranges
                0x00000d98       0x48 Src\imu.o
 .debug_aranges
                0x00000de0       0x58 Src\led.o
 .debug_aranges
                0x00000e38       0x98 Src\main.o
 .debug_aranges
                0x00000ed0       0x68 Src\motor.o
 .debug_aranges
                0x00000f38       0x28 Src\myAHRS.o
 .debug_aranges
                0x00000f60       0x48 Src\mymath.o
 .debug_aranges
                0x00000fa8       0x38 Src\pid.o
 .debug_aranges
                0x00000fe0       0x30 Src\ppm_sum_input.o
 .debug_aranges
                0x00001010       0x70 Src\serial.o
 .debug_aranges
                0x00001080       0x30 Src\speed.o
 .debug_aranges
                0x000010b0       0x78 Src\stm32f4xx_hal_msp.o
 .debug_aranges
                0x00001128       0x90 Src\stm32f4xx_it.o
 .debug_aranges
                0x000011b8       0x28 Src\system_stm32f4xx.o
 .debug_aranges
                0x000011e0       0x28 startup\startup_stm32f405xx.o

.debug_ranges   0x00000000     0x1138
 .debug_ranges  0x00000000       0xd0 Drivers\STM32F4xx_HAL_Driver\Src\stm32f4xx_hal.o
 .debug_ranges  0x000000d0       0xd8 Drivers\STM32F4xx_HAL_Driver\Src\stm32f4xx_hal_adc.o
 .debug_ranges  0x000001a8      0x108 Drivers\STM32F4xx_HAL_Driver\Src\stm32f4xx_hal_cortex.o
 .debug_ranges  0x000002b0       0x80 Drivers\STM32F4xx_HAL_Driver\Src\stm32f4xx_hal_dma.o
 .debug_ranges  0x00000330       0x48 Drivers\STM32F4xx_HAL_Driver\Src\stm32f4xx_hal_gpio.o
 .debug_ranges  0x00000378      0x258 Drivers\STM32F4xx_HAL_Driver\Src\stm32f4xx_hal_i2c.o
 .debug_ranges  0x000005d0       0x78 Drivers\STM32F4xx_HAL_Driver\Src\stm32f4xx_hal_rcc.o
 .debug_ranges  0x00000648      0x358 Drivers\STM32F4xx_HAL_Driver\Src\stm32f4xx_hal_tim.o
 .debug_ranges  0x000009a0      0x130 Drivers\STM32F4xx_HAL_Driver\Src\stm32f4xx_hal_tim_ex.o
 .debug_ranges  0x00000ad0      0x1c0 Drivers\STM32F4xx_HAL_Driver\Src\stm32f4xx_hal_uart.o
 .debug_ranges  0x00000c90       0x20 Src\battery.o
 .debug_ranges  0x00000cb0       0x28 Src\encoder.o
 .debug_ranges  0x00000cd8       0x38 Src\imu.o
 .debug_ranges  0x00000d10       0x48 Src\led.o
 .debug_ranges  0x00000d58      0x138 Src\main.o
 .debug_ranges  0x00000e90       0x58 Src\motor.o
 .debug_ranges  0x00000ee8       0x30 Src\myAHRS.o
 .debug_ranges  0x00000f18       0x38 Src\mymath.o
 .debug_ranges  0x00000f50       0x28 Src\pid.o
 .debug_ranges  0x00000f78       0x20 Src\ppm_sum_input.o
 .debug_ranges  0x00000f98       0x60 Src\serial.o
 .debug_ranges  0x00000ff8       0x20 Src\speed.o
 .debug_ranges  0x00001018       0x68 Src\stm32f4xx_hal_msp.o
 .debug_ranges  0x00001080       0x80 Src\stm32f4xx_it.o
 .debug_ranges  0x00001100       0x18 Src\system_stm32f4xx.o
 .debug_ranges  0x00001118       0x20 startup\startup_stm32f405xx.o

.debug_line     0x00000000     0x9453
 .debug_line    0x00000000      0x491 Drivers\STM32F4xx_HAL_Driver\Src\stm32f4xx_hal.o
 .debug_line    0x00000491      0x6e2 Drivers\STM32F4xx_HAL_Driver\Src\stm32f4xx_hal_adc.o
 .debug_line    0x00000b73      0x5c9 Drivers\STM32F4xx_HAL_Driver\Src\stm32f4xx_hal_cortex.o
 .debug_line    0x0000113c      0x583 Drivers\STM32F4xx_HAL_Driver\Src\stm32f4xx_hal_dma.o
 .debug_line    0x000016bf      0x497 Drivers\STM32F4xx_HAL_Driver\Src\stm32f4xx_hal_gpio.o
 .debug_line    0x00001b56     0x12ba Drivers\STM32F4xx_HAL_Driver\Src\stm32f4xx_hal_i2c.o
 .debug_line    0x00002e10      0x530 Drivers\STM32F4xx_HAL_Driver\Src\stm32f4xx_hal_rcc.o
 .debug_line    0x00003340     0x1464 Drivers\STM32F4xx_HAL_Driver\Src\stm32f4xx_hal_tim.o
 .debug_line    0x000047a4      0x885 Drivers\STM32F4xx_HAL_Driver\Src\stm32f4xx_hal_tim_ex.o
 .debug_line    0x00005029      0xbb1 Drivers\STM32F4xx_HAL_Driver\Src\stm32f4xx_hal_uart.o
 .debug_line    0x00005bda      0x2db Src\battery.o
 .debug_line    0x00005eb5      0x30c Src\encoder.o
 .debug_line    0x000061c1      0x3f3 Src\imu.o
 .debug_line    0x000065b4      0x371 Src\led.o
 .debug_line    0x00006925      0x887 Src\main.o
 .debug_line    0x000071ac      0x3aa Src\motor.o
 .debug_line    0x00007556      0x3ee Src\myAHRS.o
 .debug_line    0x00007944      0x324 Src\mymath.o
 .debug_line    0x00007c68      0x2b9 Src\pid.o
 .debug_line    0x00007f21      0x308 Src\ppm_sum_input.o
 .debug_line    0x00008229      0x489 Src\serial.o
 .debug_line    0x000086b2      0x265 Src\speed.o
 .debug_line    0x00008917      0x489 Src\stm32f4xx_hal_msp.o
 .debug_line    0x00008da0      0x3c4 Src\stm32f4xx_it.o
 .debug_line    0x00009164      0x270 Src\system_stm32f4xx.o
 .debug_line    0x000093d4       0x7f startup\startup_stm32f405xx.o

.debug_str      0x00000000     0x5e44
 .debug_str     0x00000000      0xe7d Drivers\STM32F4xx_HAL_Driver\Src\stm32f4xx_hal.o
                                0xf43 (size before relaxing)
 .debug_str     0x00000e7d      0x66e Drivers\STM32F4xx_HAL_Driver\Src\stm32f4xx_hal_adc.o
                                0xd5b (size before relaxing)
 .debug_str     0x000014eb      0x408 Drivers\STM32F4xx_HAL_Driver\Src\stm32f4xx_hal_cortex.o
                               0x105f (size before relaxing)
 .debug_str     0x000018f3      0x30e Drivers\STM32F4xx_HAL_Driver\Src\stm32f4xx_hal_dma.o
                                0xbd0 (size before relaxing)
 .debug_str     0x00001c01      0x1cd Drivers\STM32F4xx_HAL_Driver\Src\stm32f4xx_hal_gpio.o
                                0x956 (size before relaxing)
 .debug_str     0x00001dce      0xa30 Drivers\STM32F4xx_HAL_Driver\Src\stm32f4xx_hal_i2c.o
                               0x1348 (size before relaxing)
 .debug_str     0x000027fe      0x2de Drivers\STM32F4xx_HAL_Driver\Src\stm32f4xx_hal_rcc.o
                                0xb02 (size before relaxing)
 .debug_str     0x00002adc      0xea4 Drivers\STM32F4xx_HAL_Driver\Src\stm32f4xx_hal_tim.o
                               0x17c6 (size before relaxing)
 .debug_str     0x00003980      0x543 Drivers\STM32F4xx_HAL_Driver\Src\stm32f4xx_hal_tim_ex.o
                               0x1081 (size before relaxing)
 .debug_str     0x00003ec3      0x6b9 Drivers\STM32F4xx_HAL_Driver\Src\stm32f4xx_hal_uart.o
                                0xff2 (size before relaxing)
 .debug_str     0x0000457c       0xdd Src\battery.o
                                0xab8 (size before relaxing)
 .debug_str     0x00004659       0xd8 Src\encoder.o
                                0xafe (size before relaxing)
 .debug_str     0x00004731      0x294 Src\imu.o
                                0xe72 (size before relaxing)
 .debug_str     0x000049c5      0x148 Src\led.o
                                0x7f3 (size before relaxing)
 .debug_str     0x00004b0d      0xc1f Src\main.o
                               0x2a61 (size before relaxing)
 .debug_str     0x0000572c      0x101 Src\motor.o
                                0xc7d (size before relaxing)
 .debug_str     0x0000582d       0xa8 Src\myAHRS.o
                                0x830 (size before relaxing)
 .debug_str     0x000058d5       0x54 Src\mymath.o
                                0x6da (size before relaxing)
 .debug_str     0x00005929       0xb6 Src\pid.o
                                0x77a (size before relaxing)
 .debug_str     0x000059df       0xa2 Src\ppm_sum_input.o
                                0xb3c (size before relaxing)
 .debug_str     0x00005a81      0x119 Src\serial.o
                                0xbf9 (size before relaxing)
 .debug_str     0x00005b9a       0xfa Src\speed.o
                                0x714 (size before relaxing)
 .debug_str     0x00005c94       0x46 Src\stm32f4xx_hal_msp.o
                               0x175b (size before relaxing)
 .debug_str     0x00005cda      0x125 Src\stm32f4xx_it.o
                                0xd2a (size before relaxing)
 .debug_str     0x00005dff       0x45 Src\system_stm32f4xx.o
                                0x7ba (size before relaxing)

.comment        0x00000000       0x7c
 .comment       0x00000000       0x7c Drivers\STM32F4xx_HAL_Driver\Src\stm32f4xx_hal.o
                                 0x7d (size before relaxing)
 .comment       0x0000007c       0x7d Drivers\STM32F4xx_HAL_Driver\Src\stm32f4xx_hal_adc.o
 .comment       0x0000007c       0x7d Drivers\STM32F4xx_HAL_Driver\Src\stm32f4xx_hal_cortex.o
 .comment       0x0000007c       0x7d Drivers\STM32F4xx_HAL_Driver\Src\stm32f4xx_hal_dma.o
 .comment       0x0000007c       0x7d Drivers\STM32F4xx_HAL_Driver\Src\stm32f4xx_hal_gpio.o
 .comment       0x0000007c       0x7d Drivers\STM32F4xx_HAL_Driver\Src\stm32f4xx_hal_i2c.o
 .comment       0x0000007c       0x7d Drivers\STM32F4xx_HAL_Driver\Src\stm32f4xx_hal_rcc.o
 .comment       0x0000007c       0x7d Drivers\STM32F4xx_HAL_Driver\Src\stm32f4xx_hal_tim.o
 .comment       0x0000007c       0x7d Drivers\STM32F4xx_HAL_Driver\Src\stm32f4xx_hal_tim_ex.o
 .comment       0x0000007c       0x7d Drivers\STM32F4xx_HAL_Driver\Src\stm32f4xx_hal_uart.o
 .comment       0x0000007c       0x7d Src\battery.o
 .comment       0x0000007c       0x7d Src\encoder.o
 .comment       0x0000007c       0x7d Src\imu.o
 .comment       0x0000007c       0x7d Src\led.o
 .comment       0x0000007c       0x7d Src\main.o
 .comment       0x0000007c       0x7d Src\motor.o
 .comment       0x0000007c       0x7d Src\myAHRS.o
 .comment       0x0000007c       0x7d Src\mymath.o
 .comment       0x0000007c       0x7d Src\pid.o
 .comment       0x0000007c       0x7d Src\ppm_sum_input.o
 .comment       0x0000007c       0x7d Src\serial.o
 .comment       0x0000007c       0x7d Src\speed.o
 .comment       0x0000007c       0x7d Src\stm32f4xx_hal_msp.o
 .comment       0x0000007c       0x7d Src\stm32f4xx_it.o
 .comment       0x0000007c       0x7d Src\system_stm32f4xx.o

.debug_frame    0x00000000     0x51f4
 .debug_frame   0x00000000      0x33c Drivers\STM32F4xx_HAL_Driver\Src\stm32f4xx_hal.o
 .debug_frame   0x0000033c      0x400 Drivers\STM32F4xx_HAL_Driver\Src\stm32f4xx_hal_adc.o
 .debug_frame   0x0000073c      0x498 Drivers\STM32F4xx_HAL_Driver\Src\stm32f4xx_hal_cortex.o
 .debug_frame   0x00000bd4      0x250 Drivers\STM32F4xx_HAL_Driver\Src\stm32f4xx_hal_dma.o
 .debug_frame   0x00000e24      0x14c Drivers\STM32F4xx_HAL_Driver\Src\stm32f4xx_hal_gpio.o
 .debug_frame   0x00000f70      0xb30 Drivers\STM32F4xx_HAL_Driver\Src\stm32f4xx_hal_i2c.o
 .debug_frame   0x00001aa0      0x1f8 Drivers\STM32F4xx_HAL_Driver\Src\stm32f4xx_hal_rcc.o
 .debug_frame   0x00001c98      0xfb4 Drivers\STM32F4xx_HAL_Driver\Src\stm32f4xx_hal_tim.o