stm32f4xx_hal_msp.c:86:6:HAL_MspInit	8	static
stm32f4xx_hal_msp.c:108:6:HAL_I2C_MspInit	48	static
stm32f4xx_hal_msp.c:146:6:HAL_I2C_MspDeInit	0	static
stm32f4xx_hal_msp.c:176:6:HAL_RTC_MspInit	0	static
stm32f4xx_hal_msp.c:200:6:HAL_RTC_MspDeInit	0	static
stm32f4xx_hal_msp.c:223:6:HAL_SPI_MspInit	56	static
stm32f4xx_hal_msp.c:277:6:HAL_SPI_MspDeInit	8	static
stm32f4xx_hal_msp.c:310:6:HAL_TIM_Base_MspInit	80	static
stm32f4xx_hal_msp.c:456:6:HAL_TIM_MspPostInit	80	static
stm32f4xx_hal_msp.c:665:6:HAL_TIM_Base_MspDeInit	0	static
stm32f4xx_hal_msp.c:824:6:HAL_UART_MspInit	72	static
stm32f4xx_hal_msp.c:921:6:HAL_UART_MspDeInit	8	static
